Microchip MPLAB XC8 Compiler V1.37 ()

Linker command line:

-W-3 --edf=C:\Program Files (x86)\Microchip\xc8\v1.37\dat\en_msgs.txt -cs \
  -h+dist/default/debug\LCDTime.debug.sym \
  --cmf=dist/default/debug\LCDTime.debug.cmf -z -Q16F877 \
  -oC:\Users\Dave\AppData\Local\Temp\sc7o.2 \
  -Mdist/default/debug/LCDTime.debug.map -E1 -ver=XC8 -ASTACK=0110h-016fh \
  -pstack=STACK -ACODE=00h-07FFhx3,01800h-01EFFh -ASTRCODE=00h-01EFFh \
  -ASTRING=00h-0FFhx31 -ACONST=00h-0FFhx31 -AENTRY=00h-0FFhx31 \
  -ACOMMON=071h-07Fh -ABANK0=020h-06Fh -ABANK1=0A0h-0EFh \
  -ABANK2=0110h-016Fh -ABANK3=0190h-01E4h \
  -ARAM=020h-06Fh,0A0h-0EFh,0110h-016Fh,0190h-01E4h \
  -AABS1=020h-07Fh,0A0h-0EFh,0110h-016Fh,0190h-01EFh -ASFR0=00h-01Fh \
  -ASFR1=080h-09Fh -ASFR2=0100h-010Fh -ASFR3=0180h-018Fh \
  -preset_vec=00h,intentry,init,end_init -ppowerup=CODE -pcinit=CODE \
  -pfunctab=CODE -ACONFIG=02007h-02007h -pconfig=CONFIG -DCONFIG=2 \
  -AIDLOC=02000h-02003h -pidloc=IDLOC -DIDLOC=2 -AEEDATA=00h-0FFh/02100h \
  -peeprom_data=EEDATA -DEEDATA=2 -DCODE=2 -DSTRCODE=2 -DSTRING=2 -DCONST=2 \
  -DENTRY=2 -k C:\Users\Dave\AppData\Local\Temp\sc7o.obj \
  dist/default/debug\LCDTime.debug.obj 

Object code version is 3.11

Machine type is 16F877



                Name                               Link     Load   Length Selector   Space Scale
C:\Users\Dave\AppData\Local\Temp\sc7o.obj
                end_init                              1        1        3        0       0
                reset_vec                             0        0        1        0       0
                config                             2007     2007        1     400E       0
dist/default/debug\LCDTime.debug.obj
                cinit                               7EA      7EA       16      FD4       0
                text35                              929      929        9     1252       0
                text34                              94D      94D       10     129A       0
                text33                              8FF      8FF        4     11FE       0
                text32                              932      932        D     1264       0
                text31                              903      903        6     1206       0
                text30                              91B      91B        7     1236       0
                text29                              909      909        6     1212       0
                text28                              90F      90F        6     121E       0
                text27                              915      915        6     122A       0
                text26                              C01      C01       51     1802       0
                text25                              922      922        7     1244       0
                text24                              CA3      CA3       59     1946       0
                text23                              93F      93F        E     127E       0
                text22                              D55      D55       5D     1AAA       0
                text21                              BB1      BB1       50     1762       0
                text20                              AEF      AEF       3B     15DE       0
                text19                              9BF      9BF       26     137E       0
                text18                              9E5      9E5       27     13CA       0
                text17                              96E      96E       17     12DC       0
                text16                              A5B      A5B       2E     14B6       0
                text15                              A33      A33       28     1466       0
                text14                              B66      B66       4B     16CC       0
                text13                              A89      A89       2F     1512       0
                text12                              CFC      CFC       59     19F8       0
                text11                              A0C      A0C       27     1418       0
                text10                              EC5      EC5      13B     1D8A       0
                text9                               E13      E13       B2     1C26       0
                text8                               B2A      B2A       3C     1654       0
                text7                               2ED      2ED      4FD      5DA       0
                text6                               DB2      DB2       61     1B64       0
                text5                               C52      C52       51     18A4       0
                text4                               AB8      AB8       37     1570       0
                text3                                52       52      145       A4       0
                text2                                 6        6       4C        C       0
                text1                               99D      99D       22     133A       0
                maintext                            197      197      156      32E       0
                cstackBANK0                          20       20       2A       20       1
                cstackCOMMON                         71       71        D       71       1
                inittext                            95D      95D       11     12BA       0
                dataBANK0                            4A       4A       18       20       1
                bssBANK0                             62       62        6       20       1
                strings                             800      800       B4     1000       0
                idataBANK0                          985      985       18     130A       0

TOTAL           Name                               Link     Load   Length     Space
        CLASS   STACK          

        CLASS   CODE           
                end_init                              1        1        3         0
                cinit                               7EA      7EA       16         0
                reset_vec                             0        0        1         0
                text35                              929      929        9         0
                text34                              94D      94D       10         0
                text33                              8FF      8FF        4         0
                text32                              932      932        D         0
                text31                              903      903        6         0
                text30                              91B      91B        7         0
                text29                              909      909        6         0
                text28                              90F      90F        6         0
                text27                              915      915        6         0
                text26                              C01      C01       51         0
                text25                              922      922        7         0
                text24                              CA3      CA3       59         0
                text23                              93F      93F        E         0
                text22                              D55      D55       5D         0
                text21                              BB1      BB1       50         0
                text20                              AEF      AEF       3B         0
                text19                              9BF      9BF       26         0
                text18                              9E5      9E5       27         0
                text17                              96E      96E       17         0
                text16                              A5B      A5B       2E         0
                text15                              A33      A33       28         0
                text14                              B66      B66       4B         0
                text13                              A89      A89       2F         0
                text12                              CFC      CFC       59         0
                text11                              A0C      A0C       27         0
                text10                              EC5      EC5      13B         0
                text9                               E13      E13       B2         0
                text8                               B2A      B2A       3C         0
                text7                               2ED      2ED      4FD         0
                text6                               DB2      DB2       61         0
                text5                               C52      C52       51         0
                text4                               AB8      AB8       37         0
                text3                                52       52      145         0
                text2                                 6        6       4C         0
                text1                               99D      99D       22         0
                maintext                            197      197      156         0
                inittext                            95D      95D       11         0
                idataBANK0                          985      985       18         0

        CLASS   STRCODE        

        CLASS   STRING         
                strings                             800      800       B4         0

        CLASS   CONST          

        CLASS   ENTRY          

        CLASS   COMMON         
                cstackCOMMON                         71       71        D         1

        CLASS   BANK0          
                cstackBANK0                          20       20       2A         1
                dataBANK0                            4A       4A       18         1
                bssBANK0                             62       62        6         1

        CLASS   BANK1          

        CLASS   BANK2          

        CLASS   BANK3          

        CLASS   RAM            

        CLASS   ABS1           
                abs_s1                               7E       7E        2         1

        CLASS   SFR0           

        CLASS   SFR1           

        CLASS   SFR2           

        CLASS   SFR3           

        CLASS   CONFIG         
                config                             2007     2007        1         0

        CLASS   IDLOC          

        CLASS   EEDATA         



SEGMENTS        Name                           Load    Length   Top    Selector   Space  Class     Delta

                reset_vec                      000000  000004  000004         0       0  CODE        2
                text2                          000006  00004C  000052         C       0  CODE        2
                cstackBANK0                    000020  000048  000068        20       1  BANK0       1
                cstackCOMMON                   000071  00000D  00007E        71       1  COMMON      1
                text3                          000052  000145  000197        A4       0  CODE        2
                maintext                       000197  000156  0002ED       32E       0  CODE        2
                text7                          0002ED  0004FD  0007EA       5DA       0  CODE        2
                cinit                          0007EA  000016  000800       FD4       0  CODE        2
                strings                        000800  0000B4  0008B4      1000       0  STRING      2
                text33                         0008FF  000004  000903      11FE       0  CODE        2
                text31                         000903  000006  000909      1206       0  CODE        2
                text29                         000909  000006  00090F      1212       0  CODE        2
                text28                         00090F  000006  000915      121E       0  CODE        2
                text27                         000915  000006  00091B      122A       0  CODE        2
                text30                         00091B  000007  000922      1236       0  CODE        2
                text25                         000922  000007  000929      1244       0  CODE        2
                text35                         000929  000009  000932      1252       0  CODE        2
                text32                         000932  00000D  00093F      1264       0  CODE        2
                text23                         00093F  00000E  00094D      127E       0  CODE        2
                text34                         00094D  000010  00095D      129A       0  CODE        2
                inittext                       00095D  000011  00096E      12BA       0  CODE        2
                text17                         00096E  000017  000985      12DC       0  CODE        2
                idataBANK0                     000985  000018  00099D      130A       0  CODE        2
                text1                          00099D  000022  0009BF      133A       0  CODE        2
                text19                         0009BF  000026  0009E5      137E       0  CODE        2
                text18                         0009E5  000027  000A0C      13CA       0  CODE        2
                text11                         000A0C  000027  000A33      1418       0  CODE        2
                text15                         000A33  000028  000A5B      1466       0  CODE        2
                text16                         000A5B  00002E  000A89      14B6       0  CODE        2
                text13                         000A89  00002F  000AB8      1512       0  CODE        2
                text4                          000AB8  000037  000AEF      1570       0  CODE        2
                text20                         000AEF  00003B  000B2A      15DE       0  CODE        2
                text8                          000B2A  00003C  000B66      1654       0  CODE        2
                text14                         000B66  00004B  000BB1      16CC       0  CODE        2
                text21                         000BB1  000050  000C01      1762       0  CODE        2
                text26                         000C01  000051  000C52      1802       0  CODE        2
                text5                          000C52  000051  000CA3      18A4       0  CODE        2
                text24                         000CA3  000059  000CFC      1946       0  CODE        2
                text12                         000CFC  000059  000D55      19F8       0  CODE        2
                text22                         000D55  00005D  000DB2      1AAA       0  CODE        2
                text6                          000DB2  000061  000E13      1B64       0  CODE        2
                text9                          000E13  0000B2  000EC5      1C26       0  CODE        2
                text10                         000EC5  00013B  001000      1D8A       0  CODE        2
                config                         002007  000001  002008      400E       0  CONFIG      2


UNUSED ADDRESS RANGES

        Name                Unused          Largest block    Delta
        BANK0            0068-006F              8           1
        BANK1            00A0-00EF             50           1
        BANK2            0110-016F             60           1
        BANK3            0190-01E4             55           1
        CODE             0004-0005              2           2
                         08B4-08FE             4B
                         1000-1EFF            800
        CONST            0004-0005              2           2
                         08B4-08FE             4B
                         1000-1EFF            100
        EEDATA           2100-21FF            100           2
        ENTRY            0004-0005              2           2
                         08B4-08FE             4B
                         1000-1EFF            100
        IDLOC            2000-2003              4           2
        RAM              0068-006F              8           1
                         00A0-00EF             50
                         0110-016F             60
                         0190-01E4             55
        SFR0             0000-001F             20           1
        SFR1             0080-009F             20           1
        SFR2             0100-010F             10           1
        SFR3             0180-018F             10           1
        STACK            0110-016F             60           1
        STRCODE          0004-0005              2           2
                         08B4-08FE             4B
                         1000-1EFF            F00
        STRING           0004-0005              2           2
                         08B4-08FE             4B
                         1000-1EFF            100

                                  Symbol Table

?___awdiv                 cstackCOMMON 0071
?___awmod                 cstackCOMMON 0071
?___wmul                  cstackCOMMON 007A
DS1307_GetDate@d_ptr      cstackCOMMON 0073
DS1307_GetDate@m_ptr      cstackCOMMON 0074
DS1307_GetDate@n_ptr      cstackCOMMON 0077
DS1307_GetDate@y_ptr      cstackCOMMON 0075
DS1307_GetTime@h_ptr      cstackCOMMON 0076
DS1307_GetTime@m_ptr      cstackCOMMON 0073
DS1307_GetTime@s_ptr      cstackCOMMON 0074
DS1307_Init@s             cstackCOMMON 0074
DS1307_SetDate@dd         cstackCOMMON 0073
DS1307_SetDate@mm         cstackCOMMON 0074
DS1307_SetDate@nn         cstackCOMMON 0076
DS1307_SetDate@yy         cstackCOMMON 0075
DS1307_SetTime@hh         cstackCOMMON 0075
DS1307_SetTime@mm         cstackCOMMON 0073
DS1307_SetTime@ss         cstackCOMMON 0074
DS1307_Write@dat          cstackCOMMON 0072
DS1307_readRam@length     cstackCOMMON 0075
DS1307_readRam@offset     cstackCOMMON 0073
DS1307_readRam@ptr        cstackCOMMON 0079
DS1307_writeRam@length    cstackCOMMON 0075
DS1307_writeRam@offset    cstackCOMMON 0073
DS1307_writeRam@ptr       cstackCOMMON 0079
I2C_Read@temp             cstackCOMMON 0072
I2C_Write@dat             cstackCOMMON 0071
LCDBusyLoop@busy          cstackCOMMON 0073
LCDBusyLoop@status        cstackCOMMON 0075
LCDBusyLoop@temp          cstackCOMMON 0074
LCDByte@c                 cstackCOMMON 007B
LCDByte@hn                cstackCOMMON 0079
LCDByte@isdata            cstackCOMMON 0076
LCDByte@ln                cstackCOMMON 007A
LCDByte@temp              cstackCOMMON 007C
LCDGotoXY@x               cstackBANK0  0021
LCDGotoXY@y               cstackCOMMON 007D
LCDInit@style             cstackCOMMON 007D
LCDWriteInt@F1142         dataBANK0    004A
LCDWriteInt@c             cstackBANK0  0032
LCDWriteInt@characters    cstackBANK0  0028
LCDWriteInt@field_length  cstackBANK0  0024
LCDWriteInt@from          cstackBANK0  0030
LCDWriteInt@str           cstackBANK0  002A
LCDWriteInt@val           cstackBANK0  0022
LCDWriteString@msg        cstackBANK0  0020
_ACKDT                    (abs)        048D
_ACKEN                    (abs)        048C
_BF                       (abs)        04A0
_DS1307_GetDate           text6        0DB2
_DS1307_GetTime           text5        0C52
_DS1307_Init              text26       0C01
_DS1307_Read              text33       08FF
_DS1307_SetDate           text16       0A5B
_DS1307_SetTime           text15       0A33
_DS1307_Write             text31       0903
_DS1307_readRam           text24       0CA3
_DS1307_writeRam          text4        0AB8
_I2C_Ack                  text25       0922
_I2C_Init                 text23       093F
_I2C_NoAck                text30       091B
_I2C_Read                 text34       094D
_I2C_Restart              text29       0909
_I2C_Start                text28       090F
_I2C_Stop                 text27       0915
_I2C_Wait                 text35       0929
_I2C_Write                text32       0932
_LCDBusyLoop              text22       0D55
_LCDByte                  text21       0BB1
_LCDGotoXY                text19       09BF
_LCDInit                  text20       0AEF
_LCDWriteInt              text10       0EC5
_LCDWriteString           text18       09E5
_PEN                      (abs)        048A
_PORTD                    (abs)        0008
_RB1                      (abs)        0031
_RB2                      (abs)        0032
_RB4                      (abs)        0034
_RB5                      (abs)        0035
_RCEN                     (abs)        048B
_RD2                      (abs)        0042
_RD3                      (abs)        0043
_RSEN                     (abs)        0489
_SEN                      (abs)        0488
_SSPADD                   (abs)        0093
_SSPBUF                   (abs)        0013
_SSPCON                   (abs)        0014
_SSPCON2                  (abs)        0091
_SSPSTAT                  (abs)        0094
_TRISBbits                (abs)        0086
_TRISC3                   (abs)        043B
_TRISC4                   (abs)        043C
_TRISD                    (abs)        0088
_TRISDbits                (abs)        0088
__CFG_BOREN$OFF           (abs)        0000
__CFG_CP$OFF              (abs)        0000
__CFG_CPD$OFF             (abs)        0000
__CFG_FOSC$XT             (abs)        0000
__CFG_LVP$ON              (abs)        0000
__CFG_PWRTE$ON            (abs)        0000
__CFG_WDTE$OFF            (abs)        0000
__CFG_WRT$ON              (abs)        0000
__Habs1                   abs1         0000
__Hbank0                  bank0        0000
__Hbank1                  bank1        0000
__Hbank2                  bank2        0000
__Hbank3                  bank3        0000
__HbssBANK0               bssBANK0     0000
__Hcinit                  cinit        0800
__Hclrtext                clrtext      0000
__Hcode                   code         0000
__Hcommon                 common       0000
__Hconfig                 config       2008
__HcstackBANK0            cstackBANK0  0000
__HcstackCOMMON           cstackCOMMON 0000
__HdataBANK0              dataBANK0    0000
__Heeprom_data            eeprom_data  0000
__Hend_init               end_init     0004
__Hfunctab                functab      0000
__HidataBANK0             idataBANK0   0000
__Hidloc                  idloc        0000
__Hinit                   init         0001
__Hinittext               inittext     0000
__Hintentry               intentry     0001
__Hmaintext               maintext     0000
__Hpowerup                powerup      0000
__Hram                    ram          0000
__Hreset_vec              reset_vec    0001
__Hsfr0                   sfr0         0000
__Hsfr1                   sfr1         0000
__Hsfr2                   sfr2         0000
__Hsfr3                   sfr3         0000
__Hspace_0                (abs)        2008
__Hspace_1                (abs)        007E
__Hspace_2                (abs)        0000
__Hspace_3                (abs)        0000
__Hstack                  stack        0000
__Hstrings                strings      0000
__Htext                   text         0000
__Labs1                   abs1         0000
__Lbank0                  bank0        0000
__Lbank1                  bank1        0000
__Lbank2                  bank2        0000
__Lbank3                  bank3        0000
__LbssBANK0               bssBANK0     0000
__Lcinit                  cinit        07EA
__Lclrtext                clrtext      0000
__Lcode                   code         0000
__Lcommon                 common       0000
__Lconfig                 config       2007
__LcstackBANK0            cstackBANK0  0000
__LcstackCOMMON           cstackCOMMON 0000
__LdataBANK0              dataBANK0    0000
__Leeprom_data            eeprom_data  0000
__Lend_init               end_init     0001
__Lfunctab                functab      0000
__LidataBANK0             idataBANK0   0000
__Lidloc                  idloc        0000
__Linit                   init         0001
__Linittext               inittext     0000
__Lintentry               intentry     0001
__Lmaintext               maintext     0000
__Lpowerup                powerup      0000
__Lram                    ram          0000
__Lreset_vec              reset_vec    0000
__Lsfr0                   sfr0         0000
__Lsfr1                   sfr1         0000
__Lsfr2                   sfr2         0000
__Lsfr3                   sfr3         0000
__Lspace_0                (abs)        0000
__Lspace_1                (abs)        0000
__Lspace_2                (abs)        0000
__Lspace_3                (abs)        0000
__Lstack                  stack        0000
__Lstrings                strings      0000
__Ltext                   text         0000
__S0                      (abs)        2008
__S1                      (abs)        007E
__S2                      (abs)        0000
__S3                      (abs)        0000
___awdiv                  text12       0CFC
___awdiv@counter          cstackCOMMON 0076
___awdiv@dividend         cstackCOMMON 0073
___awdiv@divisor          cstackCOMMON 0071
___awdiv@quotient         cstackCOMMON 0078
___awdiv@sign             cstackCOMMON 0077
___awmod                  text14       0B66
___awmod@counter          cstackCOMMON 0076
___awmod@dividend         cstackCOMMON 0073
___awmod@divisor          cstackCOMMON 0071
___awmod@sign             cstackCOMMON 0077
___int_sp                 stack        0000
___latbits                (abs)        0002
___sp                     stack        0000
___wmul                   text11       0A0C
___wmul@multiplicand      cstackCOMMON 007C
___wmul@multiplier        cstackCOMMON 007A
___wmul@product           cstackBANK0  0020
__end_of_DS1307_GetDate   text6        0E13
__end_of_DS1307_GetTime   text5        0CA3
__end_of_DS1307_Init      text26       0C52
__end_of_DS1307_Read      text33       0903
__end_of_DS1307_SetDate   text16       0A89
__end_of_DS1307_SetTime   text15       0A5B
__end_of_DS1307_Write     text31       0909
__end_of_DS1307_readRam   text24       0CFC
__end_of_DS1307_writeRam  text4        0AEF
__end_of_I2C_Ack          text25       0929
__end_of_I2C_Init         text23       094D
__end_of_I2C_NoAck        text30       0922
__end_of_I2C_Read         text34       095D
__end_of_I2C_Restart      text29       090F
__end_of_I2C_Start        text28       0915
__end_of_I2C_Stop         text27       091B
__end_of_I2C_Wait         text35       0932
__end_of_I2C_Write        text32       093F
__end_of_LCDBusyLoop      text22       0DB2
__end_of_LCDByte          text21       0C01
__end_of_LCDGotoXY        text19       09E5
__end_of_LCDInit          text20       0B2A
__end_of_LCDWriteInt      text10       1000
__end_of_LCDWriteString   text18       0A0C
__end_of___awdiv          text12       0D55
__end_of___awmod          text14       0BB1
__end_of___wmul           text11       0A33
__end_of__initialization  cinit        07FC
__end_of__stringtab       strings      0810
__end_of_clearPrompt      text17       0985
__end_of_daysOfTheWeek    strings      0842
__end_of_doMenu           text7        07EA
__end_of_main             maintext     02ED
__end_of_monthDays        strings      084E
__end_of_readClock        text3        0197
__end_of_readInputs       text13       0AB8
__end_of_setText          strings      0853
__end_of_showClock        text1        09BF
__end_of_showDate         text9        0EC5
__end_of_showRunningTime  text2        0052
__end_of_showTime         text8        0B66
__end_of_ttable           strings      082C
__initialization          cinit        07EA
__pbssBANK0               bssBANK0     0062
__pcstackBANK0            cstackBANK0  0020
__pcstackCOMMON           cstackCOMMON 0071
__pdataBANK0              dataBANK0    004A
__pidataBANK0             idataBANK0   0985
__pmaintext               maintext     0197
__pstrings                strings      0800
__ptext1                  text1        099D
__ptext10                 text10       0EC5
__ptext11                 text11       0A0C
__ptext12                 text12       0CFC
__ptext13                 text13       0A89
__ptext14                 text14       0B66
__ptext15                 text15       0A33
__ptext16                 text16       0A5B
__ptext17                 text17       096E
__ptext18                 text18       09E5
__ptext19                 text19       09BF
__ptext2                  text2        0006
__ptext20                 text20       0AEF
__ptext21                 text21       0BB1
__ptext22                 text22       0D55
__ptext23                 text23       093F
__ptext24                 text24       0CA3
__ptext25                 text25       0922
__ptext26                 text26       0C01
__ptext27                 text27       0915
__ptext28                 text28       090F
__ptext29                 text29       0909
__ptext3                  text3        0052
__ptext30                 text30       091B
__ptext31                 text31       0903
__ptext32                 text32       0932
__ptext33                 text33       08FF
__ptext34                 text34       094D
__ptext35                 text35       0929
__ptext4                  text4        0AB8
__ptext5                  text5        0C52
__ptext6                  text6        0DB2
__ptext7                  text7        02ED
__ptext8                  text8        0B2A
__ptext9                  text9        0E13
__size_of_DS1307_GetDate  (abs)        0000
__size_of_DS1307_GetTime  (abs)        0000
__size_of_DS1307_Init     (abs)        0000
__size_of_DS1307_Read     (abs)        0000
__size_of_DS1307_SetDate  (abs)        0000
__size_of_DS1307_SetTime  (abs)        0000
__size_of_DS1307_Write    (abs)        0000
__size_of_DS1307_readRam  (abs)        0000
__size_of_DS1307_writeRam (abs)        0000
__size_of_I2C_Ack         (abs)        0000
__size_of_I2C_Init        (abs)        0000
__size_of_I2C_NoAck       (abs)        0000
__size_of_I2C_Read        (abs)        0000
__size_of_I2C_Restart     (abs)        0000
__size_of_I2C_Start       (abs)        0000
__size_of_I2C_Stop        (abs)        0000
__size_of_I2C_Wait        (abs)        0000
__size_of_I2C_Write       (abs)        0000
__size_of_LCDBusyLoop     (abs)        0000
__size_of_LCDByte         (abs)        0000
__size_of_LCDGotoXY       (abs)        0000
__size_of_LCDInit         (abs)        0000
__size_of_LCDWriteInt     (abs)        0000
__size_of_LCDWriteString  (abs)        0000
__size_of___awdiv         (abs)        0000
__size_of___awmod         (abs)        0000
__size_of___wmul          (abs)        0000
__size_of_clearPrompt     (abs)        0000
__size_of_doMenu          (abs)        0000
__size_of_main            (abs)        0000
__size_of_readClock       (abs)        0000
__size_of_readInputs      (abs)        0000
__size_of_showClock       (abs)        0000
__size_of_showDate        (abs)        0000
__size_of_showRunningTime (abs)        0000
__size_of_showTime        (abs)        0000
__stringbase              strings      080F
__stringtab               strings      0800
_bButton                  bssBANK0     0064
_clearPrompt              text17       096E
_date                     dataBANK0    0050
_day                      dataBANK0    0052
_daysOfTheWeek            strings      082C
_doMenu                   text7        02ED
_hour                     dataBANK0    0054
_last_hour                dataBANK0    0060
_main                     maintext     0197
_menuFunction             dataBANK0    0061
_minute                   dataBANK0    0056
_month                    dataBANK0    0058
_monthDays                strings      0842
_next_menu_clear          bssBANK0     0062
_readClock                text3        0052
_readInputs               text13       0A89
_runningMinute            dataBANK0    005A
_runningTime              bssBANK0     0066
_seconds                  dataBANK0    005C
_setText                  strings      084E
_showClock                text1        099D
_showDate                 text9        0E13
_showRunningTime          text2        0006
_showRunningTime$738      cstackBANK0  0034
_showTime                 text8        0B2A
_state                    bssBANK0     0065
_ttable                   strings      0810
_year                     dataBANK0    005E
btemp                     (abs)        007E
doMenu@d                  cstackBANK0  0041
doMenu@h                  cstackBANK0  0039
doMenu@m                  cstackBANK0  003B
doMenu@m_310              cstackBANK0  0043
doMenu@n                  cstackBANK0  003F
doMenu@s                  cstackBANK0  003D
doMenu@y                  cstackBANK0  0045
end_of_initialization     cinit        07FC
init_fetch0               inittext     095D
init_ram0                 inittext     0961
intlevel0                 functab      0000
intlevel1                 functab      0000
intlevel2                 functab      0000
intlevel3                 functab      0000
intlevel4                 functab      0000
intlevel5                 functab      0000
ltemp                     (abs)        007E
ltemp0                    (abs)        007E
ltemp1                    (abs)        0082
ltemp2                    (abs)        0086
ltemp3                    (abs)        0080
readClock@a               cstackBANK0  0026
readClock@b               cstackBANK0  0027
readClock@c               cstackBANK0  0028
readClock@n               cstackBANK0  0025
readInputs@pinstate       cstackCOMMON 0074
reset_vec                 reset_vec    0000
showDate@d                cstackBANK0  0034
stackhi                   (abs)        0000
stacklo                   (abs)        0000
start                     init         0001
start_initialization      cinit        07EA
ttemp                     (abs)        007E
ttemp0                    (abs)        007E
ttemp1                    (abs)        0081
ttemp2                    (abs)        0084
ttemp3                    (abs)        0087
ttemp4                    (abs)        007F
wtemp                     (abs)        007E
wtemp0                    (abs)        007E
wtemp1                    (abs)        0080
wtemp2                    (abs)        0082
wtemp3                    (abs)        0084
wtemp4                    (abs)        0086
wtemp5                    (abs)        0088
wtemp6                    (abs)        007F


FUNCTION INFORMATION:

 *************** function _main *****************
 Defined at:
		line 60 in file "LCDTime.c"
 Parameters:    Size  Location     Type
		None
 Auto vars:     Size  Location     Type
		None
 Return value:  Size  Location     Type
                  1    wreg      void 
 Registers used:
		wreg, fsr0l, fsr0h, status,2, status,0, btemp+1, pclath, cstack
 Tracked objects:
		On entry : 
		On exit  : 
		Unchanged: 
 Data sizes:     COMMON   BANK0   BANK1   BANK3   BANK2
      Params:         0       0       0       0       0
      Locals:         0       0       0       0       0
      Temps:          0       3       0       0       0
      Totals:         0       3       0       0       0
Total ram usage:        3 bytes
 Hardware stack levels required when called:    6
 This function calls:
		_DS1307_Init
		_DS1307_readRam
		_I2C_Init
		_LCDByte
		_LCDGotoXY
		_LCDInit
		_LCDWriteInt
		_LCDWriteString
		___wmul
		_clearPrompt
		_doMenu
		_readClock
		_readInputs
		_showClock
 This function is called by:
		Startup code after reset
 This function uses a non-reentrant model


 *************** function _showClock *****************
 Defined at:
		line 473 in file "LCDTime.c"
 Parameters:    Size  Location     Type
		None
 Auto vars:     Size  Location     Type
		None
 Return value:  Size  Location     Type
                  1    wreg      void 
 Registers used:
		wreg, fsr0l, fsr0h, status,2, status,0, btemp+1, pclath, cstack
 Tracked objects:
		On entry : 
		On exit  : 
		Unchanged: 
 Data sizes:     COMMON   BANK0   BANK1   BANK3   BANK2
      Params:         0       0       0       0       0
      Locals:         0       0       0       0       0
      Temps:          0       0       0       0       0
      Totals:         0       0       0       0       0
Total ram usage:        0 bytes
 Hardware stack levels used:    1
 Hardware stack levels required when called:    5
 This function calls:
		_LCDGotoXY
		_showDate
		_showRunningTime
		_showTime
 This function is called by:
		_main
 This function uses a non-reentrant model


 *************** function _showRunningTime *****************
 Defined at:
		line 519 in file "LCDTime.c"
 Parameters:    Size  Location     Type
		None
 Auto vars:     Size  Location     Type
		None
 Return value:  Size  Location     Type
                  1    wreg      void 
 Registers used:
		wreg, fsr0l, fsr0h, status,2, status,0, btemp+1, pclath, cstack
 Tracked objects:
		On entry : 
		On exit  : 
		Unchanged: 
 Data sizes:     COMMON   BANK0   BANK1   BANK3   BANK2
      Params:         0       0       0       0       0
      Locals:         0       2       0       0       0
      Temps:          0       1       0       0       0
      Totals:         0       3       0       0       0
Total ram usage:        3 bytes
 Hardware stack levels used:    1
 Hardware stack levels required when called:    4
 This function calls:
		_LCDByte
		_LCDGotoXY
		_LCDWriteInt
		___awdiv
		___awmod
 This function is called by:
		_showClock
 This function uses a non-reentrant model


 *************** function _readClock *****************
 Defined at:
		line 440 in file "LCDTime.c"
 Parameters:    Size  Location     Type
		None
 Auto vars:     Size  Location     Type
  c               1    8[BANK0 ] unsigned char 
  b               1    7[BANK0 ] unsigned char 
  a               1    6[BANK0 ] unsigned char 
  n               1    5[BANK0 ] unsigned char 
 Return value:  Size  Location     Type
                  1    wreg      void 
 Registers used:
		wreg, fsr0l, fsr0h, status,2, status,0, btemp+1, pclath, cstack
 Tracked objects:
		On entry : 
		On exit  : 
		Unchanged: 
 Data sizes:     COMMON   BANK0   BANK1   BANK3   BANK2
      Params:         0       0       0       0       0
      Locals:         0       4       0       0       0
      Temps:          0       3       0       0       0
      Totals:         0       7       0       0       0
Total ram usage:        7 bytes
 Hardware stack levels used:    1
 Hardware stack levels required when called:    4
 This function calls:
		_DS1307_GetDate
		_DS1307_GetTime
		_DS1307_writeRam
		___awdiv
		___wmul
 This function is called by:
		_main
 This function uses a non-reentrant model


 *************** function _DS1307_writeRam *****************
 Defined at:
		line 104 in file "DS1307.c"
 Parameters:    Size  Location     Type
  ptr             1    wreg     PTR unsigned char 
		 -> runningTime(2), 
  offset          2    2[COMMON] int 
  length          2    4[COMMON] int 
 Auto vars:     Size  Location     Type
  ptr             1    8[COMMON] PTR unsigned char 
		 -> runningTime(2), 
 Return value:  Size  Location     Type
                  1    wreg      void 
 Registers used:
		wreg, fsr0l, fsr0h, status,2, status,0, btemp+1, pclath, cstack
 Tracked objects:
		On entry : 
		On exit  : 
		Unchanged: 
 Data sizes:     COMMON   BANK0   BANK1   BANK3   BANK2
      Params:         4       0       0       0       0
      Locals:         1       0       0       0       0
      Temps:          2       0       0       0       0
      Totals:         7       0       0       0       0
Total ram usage:        7 bytes
 Hardware stack levels used:    1
 Hardware stack levels required when called:    3
 This function calls:
		_DS1307_Write
		_I2C_Start
		_I2C_Stop
 This function is called by:
		_readClock
 This function uses a non-reentrant model


 *************** function _DS1307_GetTime *****************
 Defined at:
		line 64 in file "DS1307.c"
 Parameters:    Size  Location     Type
  h_ptr           1    wreg     PTR unsigned char 
		 -> readClock@a(1), 
  m_ptr           1    2[COMMON] PTR unsigned char 
		 -> readClock@b(1), 
  s_ptr           1    3[COMMON] PTR unsigned char 
		 -> readClock@c(1), 
 Auto vars:     Size  Location     Type
  h_ptr           1    5[COMMON] PTR unsigned char 
		 -> readClock@a(1), 
 Return value:  Size  Location     Type
                  1    wreg      void 
 Registers used:
		wreg, fsr0l, fsr0h, status,2, status,0, pclath, cstack
 Tracked objects:
		On entry : 
		On exit  : 
		Unchanged: 
 Data sizes:     COMMON   BANK0   BANK1   BANK3   BANK2
      Params:         2       0       0       0       0
      Locals:         1       0       0       0       0
      Temps:          1       0       0       0       0
      Totals:         4       0       0       0       0
Total ram usage:        4 bytes
 Hardware stack levels used:    1
 Hardware stack levels required when called:    3
 This function calls:
		_DS1307_Read
		_DS1307_Write
		_I2C_Ack
		_I2C_NoAck
		_I2C_Restart
		_I2C_Start
		_I2C_Stop
 This function is called by:
		_readClock
 This function uses a non-reentrant model


 *************** function _DS1307_GetDate *****************
 Defined at:
		line 77 in file "DS1307.c"
 Parameters:    Size  Location     Type
  n_ptr           1    wreg     PTR unsigned char 
		 -> readClock@n(1), 
  d_ptr           1    2[COMMON] PTR unsigned char 
		 -> readClock@a(1), 
  m_ptr           1    3[COMMON] PTR unsigned char 
		 -> readClock@b(1), 
  y_ptr           1    4[COMMON] PTR unsigned char 
		 -> readClock@c(1), 
 Auto vars:     Size  Location     Type
  n_ptr           1    6[COMMON] PTR unsigned char 
		 -> readClock@n(1), 
 Return value:  Size  Location     Type
                  1    wreg      void 
 Registers used:
		wreg, fsr0l, fsr0h, status,2, status,0, pclath, cstack
 Tracked objects:
		On entry : 
		On exit  : 
		Unchanged: 
 Data sizes:     COMMON   BANK0   BANK1   BANK3   BANK2
      Params:         3       0       0       0       0
      Locals:         1       0       0       0       0
      Temps:          1       0       0       0       0
      Totals:         5       0       0       0       0
Total ram usage:        5 bytes
 Hardware stack levels used:    1
 Hardware stack levels required when called:    3
 This function calls:
		_DS1307_Read
		_DS1307_Write
		_I2C_Ack
		_I2C_NoAck
		_I2C_Restart
		_I2C_Start
		_I2C_Stop
 This function is called by:
		_readClock
 This function uses a non-reentrant model


 *************** function _doMenu *****************
 Defined at:
		line 147 in file "LCDTime.c"
 Parameters:    Size  Location     Type
		None
 Auto vars:     Size  Location     Type
  y               2   37[BANK0 ] int 
  m               2   35[BANK0 ] int 
  d               2   33[BANK0 ] int 
  n               2   31[BANK0 ] int 
  s               2   29[BANK0 ] int 
  m               2   27[BANK0 ] int 
  h               2   25[BANK0 ] int 
 Return value:  Size  Location     Type
                  1    wreg      void 
 Registers used:
		wreg, fsr0l, fsr0h, status,2, status,0, btemp+1, pclath, cstack
 Tracked objects:
		On entry : 
		On exit  : 
		Unchanged: 
 Data sizes:     COMMON   BANK0   BANK1   BANK3   BANK2
      Params:         0       0       0       0       0
      Locals:         0      14       0       0       0
      Temps:          0       3       0       0       0
      Totals:         0      17       0       0       0
Total ram usage:       17 bytes
 Hardware stack levels used:    1
 Hardware stack levels required when called:    5
 This function calls:
		_DS1307_SetDate
		_DS1307_SetTime
		_LCDByte
		_LCDGotoXY
		_LCDWriteString
		___awdiv
		___awmod
		_readInputs
		_showDate
		_showTime
 This function is called by:
		_main
 This function uses a non-reentrant model


 *************** function _showTime *****************
 Defined at:
		line 487 in file "LCDTime.c"
 Parameters:    Size  Location     Type
		None
 Auto vars:     Size  Location     Type
		None
 Return value:  Size  Location     Type
                  1    wreg      void 
 Registers used:
		wreg, fsr0l, fsr0h, status,2, status,0, btemp+1, pclath, cstack
 Tracked objects:
		On entry : 
		On exit  : 
		Unchanged: 
 Data sizes:     COMMON   BANK0   BANK1   BANK3   BANK2
      Params:         0       0       0       0       0
      Locals:         0       0       0       0       0
      Temps:          0       1       0       0       0
      Totals:         0       1       0       0       0
Total ram usage:        1 bytes
 Hardware stack levels used:    1
 Hardware stack levels required when called:    4
 This function calls:
		_LCDByte
		_LCDWriteInt
 This function is called by:
		_doMenu
		_showClock
 This function uses a non-reentrant model


 *************** function _showDate *****************
 Defined at:
		line 501 in file "LCDTime.c"
 Parameters:    Size  Location     Type
		None
 Auto vars:     Size  Location     Type
  d               2   20[BANK0 ] int 
 Return value:  Size  Location     Type
                  1    wreg      void 
 Registers used:
		wreg, fsr0l, fsr0h, status,2, status,0, btemp+1, pclath, cstack
 Tracked objects:
		On entry : 
		On exit  : 
		Unchanged: 
 Data sizes:     COMMON   BANK0   BANK1   BANK3   BANK2
      Params:         0       0       0       0       0
      Locals:         0       2       0       0       0
      Temps:          0       1       0       0       0
      Totals:         0       3       0       0       0
Total ram usage:        3 bytes
 Hardware stack levels used:    1
 Hardware stack levels required when called:    4
 This function calls:
		_LCDByte
		_LCDWriteInt
		___wmul
 This function is called by:
		_doMenu
		_showClock
 This function uses a non-reentrant model


 *************** function _LCDWriteInt *****************
 Defined at:
		line 235 in file "lcd_hd44780_pic16.c"
 Parameters:    Size  Location     Type
  val             2    2[BANK0 ] int 
  field_length    1    4[BANK0 ] char 
 Auto vars:     Size  Location     Type
  str             6   10[BANK0 ] unsigned char [6]
  from            2   16[BANK0 ] int 
  characters      2    8[BANK0 ] int 
  c               1   18[BANK0 ] unsigned char 
 Return value:  Size  Location     Type
                  1    wreg      void 
 Registers used:
		wreg, fsr0l, fsr0h, status,2, status,0, btemp+1, pclath, cstack
 Tracked objects:
		On entry : 
		On exit  : 
		Unchanged: 
 Data sizes:     COMMON   BANK0   BANK1   BANK3   BANK2
      Params:         0       3       0       0       0
      Locals:         0      11       0       0       0
      Temps:          0       3       0       0       0
      Totals:         0      17       0       0       0
Total ram usage:       17 bytes
 Hardware stack levels used:    1
 Hardware stack levels required when called:    3
 This function calls:
		_LCDWriteString
		___awdiv
		___wmul
 This function is called by:
		_main
		_showTime
		_showDate
		_showRunningTime
 This function uses a non-reentrant model


 *************** function ___wmul *****************
 Defined at:
		line 15 in file "C:\Program Files (x86)\Microchip\xc8\v1.37\sources\common\Umul16.c"
 Parameters:    Size  Location     Type
  multiplier      2    9[COMMON] unsigned int 
  multiplicand    2   11[COMMON] unsigned int 
 Auto vars:     Size  Location     Type
  product         2    0[BANK0 ] unsigned int 
 Return value:  Size  Location     Type
                  2    9[COMMON] unsigned int 
 Registers used:
		wreg, status,2, status,0
 Tracked objects:
		On entry : 
		On exit  : 
		Unchanged: 
 Data sizes:     COMMON   BANK0   BANK1   BANK3   BANK2
      Params:         4       0       0       0       0
      Locals:         0       2       0       0       0
      Temps:          0       0       0       0       0
      Totals:         4       2       0       0       0
Total ram usage:        6 bytes
 Hardware stack levels used:    1
 This function calls:
		Nothing
 This function is called by:
		_LCDWriteInt
		_main
		_readClock
		_showDate
 This function uses a non-reentrant model


 *************** function ___awdiv *****************
 Defined at:
		line 6 in file "C:\Program Files (x86)\Microchip\xc8\v1.37\sources\common\awdiv.c"
 Parameters:    Size  Location     Type
  divisor         2    0[COMMON] int 
  dividend        2    2[COMMON] int 
 Auto vars:     Size  Location     Type
  quotient        2    7[COMMON] int 
  sign            1    6[COMMON] unsigned char 
  counter         1    5[COMMON] unsigned char 
 Return value:  Size  Location     Type
                  2    0[COMMON] int 
 Registers used:
		wreg, status,2, status,0
 Tracked objects:
		On entry : 
		On exit  : 
		Unchanged: 
 Data sizes:     COMMON   BANK0   BANK1   BANK3   BANK2
      Params:         4       0       0       0       0
      Locals:         4       0       0       0       0
      Temps:          1       0       0       0       0
      Totals:         9       0       0       0       0
Total ram usage:        9 bytes
 Hardware stack levels used:    1
 This function calls:
		Nothing
 This function is called by:
		_LCDWriteInt
		_doMenu
		_readClock
		_showRunningTime
 This function uses a non-reentrant model


 *************** function _readInputs *****************
 Defined at:
		line 420 in file "LCDTime.c"
 Parameters:    Size  Location     Type
		None
 Auto vars:     Size  Location     Type
  pinstate        1    3[COMMON] unsigned char 
 Return value:  Size  Location     Type
                  1    wreg      void 
 Registers used:
		wreg, fsr0l, fsr0h, status,2, status,0, pclath
 Tracked objects:
		On entry : 
		On exit  : 
		Unchanged: 
 Data sizes:     COMMON   BANK0   BANK1   BANK3   BANK2
      Params:         0       0       0       0       0
      Locals:         1       0       0       0       0
      Temps:          3       0       0       0       0
      Totals:         4       0       0       0       0
Total ram usage:        4 bytes
 Hardware stack levels used:    2
 This function calls:
		Nothing
 This function is called by:
		_main
		_doMenu
 This function uses a non-reentrant model


 *************** function ___awmod *****************
 Defined at:
		line 6 in file "C:\Program Files (x86)\Microchip\xc8\v1.37\sources\common\awmod.c"
 Parameters:    Size  Location     Type
  divisor         2    0[COMMON] int 
  dividend        2    2[COMMON] int 
 Auto vars:     Size  Location     Type
  sign            1    6[COMMON] unsigned char 
  counter         1    5[COMMON] unsigned char 
 Return value:  Size  Location     Type
                  2    0[COMMON] int 
 Registers used:
		wreg, status,2, status,0
 Tracked objects:
		On entry : 
		On exit  : 
		Unchanged: 
 Data sizes:     COMMON   BANK0   BANK1   BANK3   BANK2
      Params:         4       0       0       0       0
      Locals:         2       0       0       0       0
      Temps:          1       0       0       0       0
      Totals:         7       0       0       0       0
Total ram usage:        7 bytes
 Hardware stack levels used:    1
 This function calls:
		Nothing
 This function is called by:
		_doMenu
		_showRunningTime
 This function uses a non-reentrant model


 *************** function _DS1307_SetTime *****************
 Defined at:
		line 41 in file "DS1307.c"
 Parameters:    Size  Location     Type
  hh              1    wreg     unsigned char 
  mm              1    2[COMMON] unsigned char 
  ss              1    3[COMMON] unsigned char 
 Auto vars:     Size  Location     Type
  hh              1    4[COMMON] unsigned char 
 Return value:  Size  Location     Type
                  1    wreg      void 
 Registers used:
		wreg, status,2, status,0, pclath, cstack
 Tracked objects:
		On entry : 
		On exit  : 
		Unchanged: 
 Data sizes:     COMMON   BANK0   BANK1   BANK3   BANK2
      Params:         2       0       0       0       0
      Locals:         1       0       0       0       0
      Temps:          0       0       0       0       0
      Totals:         3       0       0       0       0
Total ram usage:        3 bytes
 Hardware stack levels used:    1
 Hardware stack levels required when called:    3
 This function calls:
		_DS1307_Write
		_I2C_Start
		_I2C_Stop
 This function is called by:
		_doMenu
 This function uses a non-reentrant model


 *************** function _DS1307_SetDate *****************
 Defined at:
		line 52 in file "DS1307.c"
 Parameters:    Size  Location     Type
  nn              1    wreg     unsigned char 
  dd              1    2[COMMON] unsigned char 
  mm              1    3[COMMON] unsigned char 
  yy              1    4[COMMON] unsigned char 
 Auto vars:     Size  Location     Type
  nn              1    5[COMMON] unsigned char 
 Return value:  Size  Location     Type
                  1    wreg      void 
 Registers used:
		wreg, status,2, status,0, pclath, cstack
 Tracked objects:
		On entry : 
		On exit  : 
		Unchanged: 
 Data sizes:     COMMON   BANK0   BANK1   BANK3   BANK2
      Params:         3       0       0       0       0
      Locals:         1       0       0       0       0
      Temps:          0       0       0       0       0
      Totals:         4       0       0       0       0
Total ram usage:        4 bytes
 Hardware stack levels used:    1
 Hardware stack levels required when called:    3
 This function calls:
		_DS1307_Write
		_I2C_Start
		_I2C_Stop
 This function is called by:
		_doMenu
 This function uses a non-reentrant model


 *************** function _clearPrompt *****************
 Defined at:
		line 139 in file "LCDTime.c"
 Parameters:    Size  Location     Type
		None
 Auto vars:     Size  Location     Type
		None
 Return value:  Size  Location     Type
                  1    wreg      void 
 Registers used:
		wreg, fsr0l, fsr0h, status,2, status,0, btemp+1, pclath, cstack
 Tracked objects:
		On entry : 
		On exit  : 
		Unchanged: 
 Data sizes:     COMMON   BANK0   BANK1   BANK3   BANK2
      Params:         0       0       0       0       0
      Locals:         0       0       0       0       0
      Temps:          0       0       0       0       0
      Totals:         0       0       0       0       0
Total ram usage:        0 bytes
 Hardware stack levels used:    1
 Hardware stack levels required when called:    3
 This function calls:
		_LCDGotoXY
		_LCDWriteString
 This function is called by:
		_main
 This function uses a non-reentrant model


 *************** function _LCDWriteString *****************
 Defined at:
		line 183 in file "lcd_hd44780_pic16.c"
 Parameters:    Size  Location     Type
  msg             2    0[BANK0 ] PTR const unsigned char 
		 -> STR_13(6), STR_12(6), STR_11(6), STR_10(5), 
		 -> STR_9(8), STR_8(8), STR_7(6), setText(5), 
		 -> STR_6(8), STR_5(7), STR_4(7), STR_3(9), 
		 -> STR_2(4), STR_1(17), LCDWriteInt@str(6), 
 Auto vars:     Size  Location     Type
		None
 Return value:  Size  Location     Type
                  1    wreg      void 
 Registers used:
		wreg, fsr0l, fsr0h, status,2, status,0, btemp+1, pclath, cstack
 Tracked objects:
		On entry : 
		On exit  : 
		Unchanged: 
 Data sizes:     COMMON   BANK0   BANK1   BANK3   BANK2
      Params:         0       2       0       0       0
      Locals:         0       0       0       0       0
      Temps:          0       0       0       0       0
      Totals:         0       2       0       0       0
Total ram usage:        2 bytes
 Hardware stack levels used:    1
 Hardware stack levels required when called:    2
 This function calls:
		_LCDByte
 This function is called by:
		_LCDWriteInt
		_main
		_clearPrompt
		_doMenu
 This function uses a non-reentrant model


 *************** function _LCDGotoXY *****************
 Defined at:
		line 290 in file "lcd_hd44780_pic16.c"
 Parameters:    Size  Location     Type
  x               1    wreg     unsigned char 
  y               1   12[COMMON] unsigned char 
 Auto vars:     Size  Location     Type
  x               1    1[BANK0 ] unsigned char 
 Return value:  Size  Location     Type
                  1    wreg      void 
 Registers used:
		wreg, fsr0l, fsr0h, status,2, status,0, pclath, cstack
 Tracked objects:
		On entry : 
		On exit  : 
		Unchanged: 
 Data sizes:     COMMON   BANK0   BANK1   BANK3   BANK2
      Params:         1       0       0       0       0
      Locals:         0       1       0       0       0
      Temps:          0       1       0       0       0
      Totals:         1       2       0       0       0
Total ram usage:        3 bytes
 Hardware stack levels used:    1
 Hardware stack levels required when called:    2
 This function calls:
		_LCDByte
 This function is called by:
		_main
		_clearPrompt
		_doMenu
		_showClock
		_showRunningTime
 This function uses a non-reentrant model


 *************** function _LCDInit *****************
 Defined at:
		line 125 in file "lcd_hd44780_pic16.c"
 Parameters:    Size  Location     Type
  style           1    wreg     unsigned char 
 Auto vars:     Size  Location     Type
  style           1   12[COMMON] unsigned char 
 Return value:  Size  Location     Type
                  1    wreg      void 
 Registers used:
		wreg, status,2, status,0, pclath, cstack
 Tracked objects:
		On entry : 
		On exit  : 
		Unchanged: 
 Data sizes:     COMMON   BANK0   BANK1   BANK3   BANK2
      Params:         0       0       0       0       0
      Locals:         1       0       0       0       0
      Temps:          0       2       0       0       0
      Totals:         1       2       0       0       0
Total ram usage:        3 bytes
 Hardware stack levels used:    1
 Hardware stack levels required when called:    2
 This function calls:
		_LCDBusyLoop
		_LCDByte
 This function is called by:
		_main
 This function uses a non-reentrant model


 *************** function _LCDByte *****************
 Defined at:
		line 12 in file "lcd_hd44780_pic16.c"
 Parameters:    Size  Location     Type
  c               1    wreg     unsigned char 
  isdata          1    5[COMMON] unsigned char 
 Auto vars:     Size  Location     Type
  c               1   10[COMMON] unsigned char 
  temp            1   11[COMMON] unsigned char 
  ln              1    9[COMMON] unsigned char 
  hn              1    8[COMMON] unsigned char 
 Return value:  Size  Location     Type
                  1    wreg      void 
 Registers used:
		wreg, status,2, status,0, pclath, cstack
 Tracked objects:
		On entry : 
		On exit  : 
		Unchanged: 
 Data sizes:     COMMON   BANK0   BANK1   BANK3   BANK2
      Params:         1       0       0       0       0
      Locals:         4       0       0       0       0
      Temps:          2       0       0       0       0
      Totals:         7       0       0       0       0
Total ram usage:        7 bytes
 Hardware stack levels used:    1
 Hardware stack levels required when called:    1
 This function calls:
		_LCDBusyLoop
 This function is called by:
		_LCDInit
		_LCDWriteString
		_LCDGotoXY
		_main
		_doMenu
		_showTime
		_showDate
		_showRunningTime
 This function uses a non-reentrant model


 *************** function _LCDBusyLoop *****************
 Defined at:
		line 67 in file "lcd_hd44780_pic16.c"
 Parameters:    Size  Location     Type
		None
 Auto vars:     Size  Location     Type
  status          1    4[COMMON] unsigned char 
  temp            1    3[COMMON] unsigned char 
  busy            1    2[COMMON] unsigned char 
 Return value:  Size  Location     Type
                  1    wreg      void 
 Registers used:
		wreg, status,2, status,0
 Tracked objects:
		On entry : 
		On exit  : 
		Unchanged: 
 Data sizes:     COMMON   BANK0   BANK1   BANK3   BANK2
      Params:         0       0       0       0       0
      Locals:         3       0       0       0       0
      Temps:          2       0       0       0       0
      Totals:         5       0       0       0       0
Total ram usage:        5 bytes
 Hardware stack levels used:    1
 This function calls:
		Nothing
 This function is called by:
		_LCDByte
		_LCDInit
 This function uses a non-reentrant model


 *************** function _I2C_Init *****************
 Defined at:
		line 96 in file "i2c.c"
 Parameters:    Size  Location     Type
		None
 Auto vars:     Size  Location     Type
		None
 Return value:  Size  Location     Type
                  1    wreg      void 
 Registers used:
		wreg
 Tracked objects:
		On entry : 
		On exit  : 
		Unchanged: 
 Data sizes:     COMMON   BANK0   BANK1   BANK3   BANK2
      Params:         0       0       0       0       0
      Locals:         0       0       0       0       0
      Temps:          0       0       0       0       0
      Totals:         0       0       0       0       0
Total ram usage:        0 bytes
 Hardware stack levels used:    1
 This function calls:
		Nothing
 This function is called by:
		_main
 This function uses a non-reentrant model


 *************** function _DS1307_readRam *****************
 Defined at:
		line 91 in file "DS1307.c"
 Parameters:    Size  Location     Type
  ptr             1    wreg     PTR unsigned char 
		 -> runningTime(2), 
  offset          2    2[COMMON] int 
  length          2    4[COMMON] int 
 Auto vars:     Size  Location     Type
  ptr             1    8[COMMON] PTR unsigned char 
		 -> runningTime(2), 
 Return value:  Size  Location     Type
                  1    wreg      void 
 Registers used:
		wreg, fsr0l, fsr0h, status,2, status,0, btemp+1, pclath, cstack
 Tracked objects:
		On entry : 
		On exit  : 
		Unchanged: 
 Data sizes:     COMMON   BANK0   BANK1   BANK3   BANK2
      Params:         4       0       0       0       0
      Locals:         1       0       0       0       0
      Temps:          2       0       0       0       0
      Totals:         7       0       0       0       0
Total ram usage:        7 bytes
 Hardware stack levels used:    1
 Hardware stack levels required when called:    3
 This function calls:
		_DS1307_Read
		_DS1307_Write
		_I2C_Ack
		_I2C_NoAck
		_I2C_Restart
		_I2C_Start
		_I2C_Stop
 This function is called by:
		_main
 This function uses a non-reentrant model


 *************** function _I2C_Ack *****************
 Defined at:
		line 141 in file "i2c.c"
 Parameters:    Size  Location     Type
		None
 Auto vars:     Size  Location     Type
		None
 Return value:  Size  Location     Type
                  1    wreg      void 
 Registers used:
		None
 Tracked objects:
		On entry : 
		On exit  : 
		Unchanged: 
 Data sizes:     COMMON   BANK0   BANK1   BANK3   BANK2
      Params:         0       0       0       0       0
      Locals:         0       0       0       0       0
      Temps:          0       0       0       0       0
      Totals:         0       0       0       0       0
Total ram usage:        0 bytes
 Hardware stack levels used:    1
 This function calls:
		Nothing
 This function is called by:
		_DS1307_GetTime
		_DS1307_GetDate
		_DS1307_readRam
 This function uses a non-reentrant model


 *************** function _DS1307_Init *****************
 Defined at:
		line 4 in file "DS1307.c"
 Parameters:    Size  Location     Type
		None
 Auto vars:     Size  Location     Type
  s               1    3[COMMON] unsigned char 
 Return value:  Size  Location     Type
                  2   20[None  ] int 
 Registers used:
		wreg, status,2, status,0, pclath, cstack
 Tracked objects:
		On entry : 
		On exit  : 
		Unchanged: 
 Data sizes:     COMMON   BANK0   BANK1   BANK3   BANK2
      Params:         0       0       0       0       0
      Locals:         1       0       0       0       0
      Temps:          1       0       0       0       0
      Totals:         2       0       0       0       0
Total ram usage:        2 bytes
 Hardware stack levels used:    1
 Hardware stack levels required when called:    3
 This function calls:
		_DS1307_Read
		_DS1307_Write
		_I2C_NoAck
		_I2C_Restart
		_I2C_Start
		_I2C_Stop
 This function is called by:
		_main
 This function uses a non-reentrant model


 *************** function _I2C_Stop *****************
 Defined at:
		line 113 in file "i2c.c"
 Parameters:    Size  Location     Type
		None
 Auto vars:     Size  Location     Type
		None
 Return value:  Size  Location     Type
                  1    wreg      void 
 Registers used:
		None
 Tracked objects:
		On entry : 
		On exit  : 
		Unchanged: 
 Data sizes:     COMMON   BANK0   BANK1   BANK3   BANK2
      Params:         0       0       0       0       0
      Locals:         0       0       0       0       0
      Temps:          0       0       0       0       0
      Totals:         0       0       0       0       0
Total ram usage:        0 bytes
 Hardware stack levels used:    1
 This function calls:
		Nothing
 This function is called by:
		_DS1307_Init
		_DS1307_SetTime
		_DS1307_SetDate
		_DS1307_GetTime
		_DS1307_GetDate
		_DS1307_readRam
		_DS1307_writeRam
 This function uses a non-reentrant model


 *************** function _I2C_Start *****************
 Defined at:
		line 105 in file "i2c.c"
 Parameters:    Size  Location     Type
		None
 Auto vars:     Size  Location     Type
		None
 Return value:  Size  Location     Type
                  1    wreg      void 
 Registers used:
		None
 Tracked objects:
		On entry : 
		On exit  : 
		Unchanged: 
 Data sizes:     COMMON   BANK0   BANK1   BANK3   BANK2
      Params:         0       0       0       0       0
      Locals:         0       0       0       0       0
      Temps:          0       0       0       0       0
      Totals:         0       0       0       0       0
Total ram usage:        0 bytes
 Hardware stack levels used:    1
 This function calls:
		Nothing
 This function is called by:
		_DS1307_Init
		_DS1307_SetTime
		_DS1307_SetDate
		_DS1307_GetTime
		_DS1307_GetDate
		_DS1307_readRam
		_DS1307_writeRam
 This function uses a non-reentrant model


 *************** function _I2C_Restart *****************
 Defined at:
		line 157 in file "i2c.c"
 Parameters:    Size  Location     Type
		None
 Auto vars:     Size  Location     Type
		None
 Return value:  Size  Location     Type
                  2    6[None  ] int 
 Registers used:
		None
 Tracked objects:
		On entry : 
		On exit  : 
		Unchanged: 
 Data sizes:     COMMON   BANK0   BANK1   BANK3   BANK2
      Params:         0       0       0       0       0
      Locals:         0       0       0       0       0
      Temps:          0       0       0       0       0
      Totals:         0       0       0       0       0
Total ram usage:        0 bytes
 Hardware stack levels used:    1
 This function calls:
		Nothing
 This function is called by:
		_DS1307_Init
		_DS1307_GetTime
		_DS1307_GetDate
		_DS1307_readRam
 This function uses a non-reentrant model


 *************** function _I2C_NoAck *****************
 Defined at:
		line 149 in file "i2c.c"
 Parameters:    Size  Location     Type
		None
 Auto vars:     Size  Location     Type
		None
 Return value:  Size  Location     Type
                  1    wreg      void 
 Registers used:
		None
 Tracked objects:
		On entry : 
		On exit  : 
		Unchanged: 
 Data sizes:     COMMON   BANK0   BANK1   BANK3   BANK2
      Params:         0       0       0       0       0
      Locals:         0       0       0       0       0
      Temps:          0       0       0       0       0
      Totals:         0       0       0       0       0
Total ram usage:        0 bytes
 Hardware stack levels used:    1
 This function calls:
		Nothing
 This function is called by:
		_DS1307_Init
		_DS1307_GetTime
		_DS1307_GetDate
		_DS1307_readRam
 This function uses a non-reentrant model


 *************** function _DS1307_Write *****************
 Defined at:
		line 30 in file "DS1307.c"
 Parameters:    Size  Location     Type
  dat             1    wreg     unsigned char 
 Auto vars:     Size  Location     Type
  dat             1    1[COMMON] unsigned char 
 Return value:  Size  Location     Type
                  1    wreg      void 
 Registers used:
		wreg, status,2, status,0, pclath, cstack
 Tracked objects:
		On entry : 
		On exit  : 
		Unchanged: 
 Data sizes:     COMMON   BANK0   BANK1   BANK3   BANK2
      Params:         0       0       0       0       0
      Locals:         1       0       0       0       0
      Temps:          0       0       0       0       0
      Totals:         1       0       0       0       0
Total ram usage:        1 bytes
 Hardware stack levels used:    1
 Hardware stack levels required when called:    2
 This function calls:
		_I2C_Write
 This function is called by:
		_DS1307_Init
		_DS1307_SetTime
		_DS1307_SetDate
		_DS1307_GetTime
		_DS1307_GetDate
		_DS1307_readRam
		_DS1307_writeRam
 This function uses a non-reentrant model


 *************** function _I2C_Write *****************
 Defined at:
		line 121 in file "i2c.c"
 Parameters:    Size  Location     Type
  dat             1    wreg     unsigned char 
 Auto vars:     Size  Location     Type
  dat             1    0[COMMON] unsigned char 
 Return value:  Size  Location     Type
                  1    wreg      void 
 Registers used:
		wreg, status,2, status,0, pclath, cstack
 Tracked objects:
		On entry : 
		On exit  : 
		Unchanged: 
 Data sizes:     COMMON   BANK0   BANK1   BANK3   BANK2
      Params:         0       0       0       0       0
      Locals:         1       0       0       0       0
      Temps:          0       0       0       0       0
      Totals:         1       0       0       0       0
Total ram usage:        1 bytes
 Hardware stack levels used:    1
 Hardware stack levels required when called:    1
 This function calls:
		_I2C_Wait
 This function is called by:
		_DS1307_Write
 This function uses a non-reentrant model


 *************** function _DS1307_Read *****************
 Defined at:
		line 36 in file "DS1307.c"
 Parameters:    Size  Location     Type
		None
 Auto vars:     Size  Location     Type
		None
 Return value:  Size  Location     Type
                  1    wreg      unsigned char 
 Registers used:
		wreg, status,2, status,0, pclath, cstack
 Tracked objects:
		On entry : 
		On exit  : 
		Unchanged: 
 Data sizes:     COMMON   BANK0   BANK1   BANK3   BANK2
      Params:         0       0       0       0       0
      Locals:         0       0       0       0       0
      Temps:          0       0       0       0       0
      Totals:         0       0       0       0       0
Total ram usage:        0 bytes
 Hardware stack levels used:    1
 Hardware stack levels required when called:    2
 This function calls:
		_I2C_Read
 This function is called by:
		_DS1307_Init
		_DS1307_GetTime
		_DS1307_GetDate
		_DS1307_readRam
 This function uses a non-reentrant model


 *************** function _I2C_Read *****************
 Defined at:
		line 129 in file "i2c.c"
 Parameters:    Size  Location     Type
		None
 Auto vars:     Size  Location     Type
  temp            1    1[COMMON] unsigned char 
 Return value:  Size  Location     Type
                  1    wreg      unsigned char 
 Registers used:
		wreg, status,2, status,0, pclath, cstack
 Tracked objects:
		On entry : 
		On exit  : 
		Unchanged: 
 Data sizes:     COMMON   BANK0   BANK1   BANK3   BANK2
      Params:         0       0       0       0       0
      Locals:         1       0       0       0       0
      Temps:          1       0       0       0       0
      Totals:         2       0       0       0       0
Total ram usage:        2 bytes
 Hardware stack levels used:    1
 Hardware stack levels required when called:    1
 This function calls:
		_I2C_Wait
 This function is called by:
		_DS1307_Read
 This function uses a non-reentrant model


 *************** function _I2C_Wait *****************
 Defined at:
		line 164 in file "i2c.c"
 Parameters:    Size  Location     Type
		None
 Auto vars:     Size  Location     Type
		None
 Return value:  Size  Location     Type
                  1    wreg      void 
 Registers used:
		wreg, status,2
 Tracked objects:
		On entry : 
		On exit  : 
		Unchanged: 
 Data sizes:     COMMON   BANK0   BANK1   BANK3   BANK2
      Params:         0       0       0       0       0
      Locals:         0       0       0       0       0
      Temps:          0       0       0       0       0
      Totals:         0       0       0       0       0
Total ram usage:        0 bytes
 Hardware stack levels used:    1
 This function calls:
		Nothing
 This function is called by:
		_I2C_Write
		_I2C_Read
 This function uses a non-reentrant model



MODULE INFORMATION

Module		Function		Class		Link	Load	Size
C:\Program Files (x86)\Microchip\xc8\v1.37\sources\common\Umul16.c
		___wmul        		CODE           	0A0C	0000	40

C:\Program Files (x86)\Microchip\xc8\v1.37\sources\common\Umul16.c estimated size: 40

i2c.c
		_I2C_NoAck     		CODE           	091B	0000	8
		_I2C_Write     		CODE           	0932	0000	14
		_I2C_Stop      		CODE           	0915	0000	7
		_I2C_Wait      		CODE           	0929	0000	10
		_I2C_Read      		CODE           	094D	0000	17
		_I2C_Init      		CODE           	093F	0000	15
		_I2C_Ack       		CODE           	0922	0000	8
		_I2C_Start     		CODE           	090F	0000	7
		_I2C_Restart   		CODE           	0909	0000	7

i2c.c estimated size: 93

C:\Program Files (x86)\Microchip\xc8\v1.37\sources\common\awdiv.c
		___awdiv       		CODE           	0CFC	0000	90

C:\Program Files (x86)\Microchip\xc8\v1.37\sources\common\awdiv.c estimated size: 90

LCDTime.c
		_showTime      		CODE           	0B2A	0000	61
		_showRunningTime		CODE           	0006	0000	77
		_readClock     		CODE           	0052	0000	326
		_main          		CODE           	0197	0000	343
		_showDate      		CODE           	0E13	0000	179
		_showClock     		CODE           	099D	0000	35
		_doMenu        		CODE           	02ED	0000	1278
		_readInputs    		CODE           	0A89	0000	48
		_clearPrompt   		CODE           	096E	0000	24

LCDTime.c estimated size: 2371

shared
		__stringtab    		STRING         	0800	0000	17
		_setText       		STRING         	084E	0000	6
		_monthDays     		STRING         	0842	0000	13
		__initialization		CODE           	07EA	0000	19
		_ttable        		STRING         	0810	0000	29
		_daysOfTheWeek 		STRING         	082C	0000	23

shared estimated size: 107

DS1307.c
		_DS1307_writeRam		CODE           	0AB8	0000	56
		_DS1307_Read   		CODE           	08FF	0000	5
		_DS1307_Init   		CODE           	0C01	0000	82
		_DS1307_Write  		CODE           	0903	0000	7
		_DS1307_readRam		CODE           	0CA3	0000	90
		_DS1307_GetDate		CODE           	0DB2	0000	98
		_DS1307_SetDate		CODE           	0A5B	0000	47
		_DS1307_GetTime		CODE           	0C52	0000	82
		_DS1307_SetTime		CODE           	0A33	0000	41

DS1307.c estimated size: 508

lcd_hd44780_pic16.c
		_LCDByte       		CODE           	0BB1	0000	81
		_LCDWriteInt   		CODE           	0EC5	0000	316
		_LCDInit       		CODE           	0AEF	0000	60
		_LCDWriteString		CODE           	09E5	0000	40
		_LCDGotoXY     		CODE           	09BF	0000	39
		_LCDBusyLoop   		CODE           	0D55	0000	94

lcd_hd44780_pic16.c estimated size: 630

C:\Program Files (x86)\Microchip\xc8\v1.37\sources\common\awmod.c
		___awmod       		CODE           	0B66	0000	76

C:\Program Files (x86)\Microchip\xc8\v1.37\sources\common\awmod.c estimated size: 76

