Microchip MPLAB XC8 Compiler V1.37 ()

Linker command line:

-W-3 --edf=C:\Program Files (x86)\Microchip\xc8\v1.37\dat\en_msgs.txt -cs \
  -h+dist/default/debug\LCDTime.debug.sym \
  --cmf=dist/default/debug\LCDTime.debug.cmf -z -Q16F877 \
  -oC:\Users\Dave\AppData\Local\Temp\saa0.2 \
  -Mdist/default/debug/LCDTime.debug.map -E1 -ver=XC8 -ASTACK=0110h-016fh \
  -pstack=STACK -ACODE=00h-07FFhx4 -ASTRCODE=00h-01FFFh \
  -ASTRING=00h-0FFhx32 -ACONST=00h-0FFhx32 -AENTRY=00h-0FFhx32 \
  -ACOMMON=070h-07Fh -ABANK0=020h-06Fh -ABANK1=0A0h-0EFh \
  -ABANK2=0110h-016Fh -ABANK3=0190h-01EFh \
  -ARAM=020h-06Fh,0A0h-0EFh,0110h-016Fh,0190h-01EFh \
  -AABS1=020h-07Fh,0A0h-0EFh,0110h-016Fh,0190h-01EFh -ASFR0=00h-01Fh \
  -ASFR1=080h-09Fh -ASFR2=0100h-010Fh -ASFR3=0180h-018Fh \
  -preset_vec=00h,intentry,init,end_init -ppowerup=CODE -pcinit=CODE \
  -pfunctab=CODE -ACONFIG=02007h-02007h -pconfig=CONFIG -DCONFIG=2 \
  -AIDLOC=02000h-02003h -pidloc=IDLOC -DIDLOC=2 -AEEDATA=00h-0FFh/02100h \
  -peeprom_data=EEDATA -DEEDATA=2 -DCODE=2 -DSTRCODE=2 -DSTRING=2 -DCONST=2 \
  -DENTRY=2 -k C:\Users\Dave\AppData\Local\Temp\saa0.obj \
  dist/default/debug\LCDTime.debug.obj 

Object code version is 3.11

Machine type is 16F877



                Name                               Link     Load   Length Selector   Space Scale
C:\Users\Dave\AppData\Local\Temp\saa0.obj
                end_init                              0        0        3        0       0
                config                             2007     2007        1     400E       0
dist/default/debug\LCDTime.debug.obj
                cinit                               7ED      7ED       13      FDA       0
                text33                              BC1      BC1       2A     1782       0
                text32                              A81      A81        4     1502       0
                text31                              A8A      A8A        9     1514       0
                text30                              B26      B26       26     164C       0
                text29                              AA7      AA7        B     154E       0
                text28                              A93      A93        A     1526       0
                text27                              AC2      AC2       11     1584       0
                text26                              AB2      AB2       10     1564       0
                text25                              D3E      D3E       50     1A7C       0
                text24                              A85      A85        5     150A       0
                text23                              EDD      EDD       5D     1DBA       0
                text22                              D8E      D8E       50     1B1C       0
                text21                              C7A      C7A       3B     18F4       0
                text20                              BEB      BEB       2E     17D6       0
                text19                              B99      B99       28     1732       0
                text18                              B4C      B4C       26     1698       0
                text17                              C19      C19       2F     1832       0
                text16                              E84      E84       59     1D08       0
                text15                              CF3      CF3       4B     19E6       0
                text14                               A8       A8       68      150       0
                text13                              DDE      DDE       50     1BBC       0
                text12                              110      110       97      220       0
                text11                              F3A      F3A       60     1E74       0
                text10                              C48      C48       32     1890       0
                text9                               1A7      1A7       A2      34E       0
                text8                               36F      36F      47E      6DE       0
                text7                               B04      B04       22     1608       0
                text6                               A9D      A9D        A     153A       0
                text5                               F9A      F9A       66     1F34       0
                text4                               E2E      E2E       56     1C5C       0
                text3                               B72      B72       27     16E4       0
                text2                               249      249      126      492       0
                text1                               AD3      AD3       18     15A6       0
                maintext                            CB5      CB5       3E     196A       0
                cstackBANK0                          20       20       1D       20       1
                cstackCOMMON                         70       70        E       70       1
                inittext                             97       97       11      12E       0
                dataBANK0                            3D       3D       19       20       1
                bssBANK0                             56       56        3       20       1
                strings                               3        3       93        6       0
                idataBANK0                          AEB      AEB       19     15D6       0

TOTAL           Name                               Link     Load   Length     Space
        CLASS   STACK          

        CLASS   CODE           
                end_init                              0        0        3         0
                cinit                               7ED      7ED       13         0
                text33                              BC1      BC1       2A         0
                text32                              A81      A81        4         0
                text31                              A8A      A8A        9         0
                text30                              B26      B26       26         0
                text29                              AA7      AA7        B         0
                text28                              A93      A93        A         0
                text27                              AC2      AC2       11         0
                text26                              AB2      AB2       10         0
                text25                              D3E      D3E       50         0
                text24                              A85      A85        5         0
                text23                              EDD      EDD       5D         0
                text22                              D8E      D8E       50         0
                text21                              C7A      C7A       3B         0
                text20                              BEB      BEB       2E         0
                text19                              B99      B99       28         0
                text18                              B4C      B4C       26         0
                text17                              C19      C19       2F         0
                text16                              E84      E84       59         0
                text15                              CF3      CF3       4B         0
                text14                               A8       A8       68         0
                text13                              DDE      DDE       50         0
                text12                              110      110       97         0
                text11                              F3A      F3A       60         0
                text10                              C48      C48       32         0
                text9                               1A7      1A7       A2         0
                text8                               36F      36F      47E         0
                text7                               B04      B04       22         0
                text6                               A9D      A9D        A         0
                text5                               F9A      F9A       66         0
                text4                               E2E      E2E       56         0
                text3                               B72      B72       27         0
                text2                               249      249      126         0
                text1                               AD3      AD3       18         0
                maintext                            CB5      CB5       3E         0
                inittext                             97       97       11         0
                idataBANK0                          AEB      AEB       19         0

        CLASS   STRCODE        

        CLASS   STRING         
                strings                               3        3       93         0

        CLASS   CONST          

        CLASS   ENTRY          

        CLASS   COMMON         
                cstackCOMMON                         70       70        E         1

        CLASS   BANK0          
                cstackBANK0                          20       20       1D         1
                dataBANK0                            3D       3D       19         1
                bssBANK0                             56       56        3         1

        CLASS   BANK1          

        CLASS   BANK2          

        CLASS   BANK3          

        CLASS   RAM            

        CLASS   ABS1           
                abs_s1                               7E       7E        2         1

        CLASS   SFR0           

        CLASS   SFR1           

        CLASS   SFR2           

        CLASS   SFR3           

        CLASS   CONFIG         
                config                             2007     2007        1         0

        CLASS   IDLOC          

        CLASS   EEDATA         



SEGMENTS        Name                           Load    Length   Top    Selector   Space  Class     Delta

                reset_vec                      000000  000003  000003         0       0  CODE        2
                strings                        000003  000093  000096         6       0  STRING      2
                cstackBANK0                    000020  000039  000059        20       1  BANK0       1
                cstackCOMMON                   000070  00000E  00007E        70       1  COMMON      1
                inittext                       000097  000011  0000A8       12E       0  CODE        2
                text14                         0000A8  000068  000110       150       0  CODE        2
                text12                         000110  000097  0001A7       220       0  CODE        2
                text9                          0001A7  0000A2  000249       34E       0  CODE        2
                text2                          000249  000126  00036F       492       0  CODE        2
                text8                          00036F  00047E  0007ED       6DE       0  CODE        2
                cinit                          0007ED  000013  000800       FDA       0  CODE        2
                text32                         000A81  000004  000A85      1502       0  CODE        2
                text24                         000A85  000005  000A8A      150A       0  CODE        2
                text31                         000A8A  000009  000A93      1514       0  CODE        2
                text28                         000A93  00000A  000A9D      1526       0  CODE        2
                text6                          000A9D  00000A  000AA7      153A       0  CODE        2
                text29                         000AA7  00000B  000AB2      154E       0  CODE        2
                text26                         000AB2  000010  000AC2      1564       0  CODE        2
                text27                         000AC2  000011  000AD3      1584       0  CODE        2
                text1                          000AD3  000018  000AEB      15A6       0  CODE        2
                idataBANK0                     000AEB  000019  000B04      15D6       0  CODE        2
                text7                          000B04  000022  000B26      1608       0  CODE        2
                text30                         000B26  000026  000B4C      164C       0  CODE        2
                text18                         000B4C  000026  000B72      1698       0  CODE        2
                text3                          000B72  000027  000B99      16E4       0  CODE        2
                text19                         000B99  000028  000BC1      1732       0  CODE        2
                text33                         000BC1  00002A  000BEB      1782       0  CODE        2
                text20                         000BEB  00002E  000C19      17D6       0  CODE        2
                text17                         000C19  00002F  000C48      1832       0  CODE        2
                text10                         000C48  000032  000C7A      1890       0  CODE        2
                text21                         000C7A  00003B  000CB5      18F4       0  CODE        2
                maintext                       000CB5  00003E  000CF3      196A       0  CODE        2
                text15                         000CF3  00004B  000D3E      19E6       0  CODE        2
                text25                         000D3E  000050  000D8E      1A7C       0  CODE        2
                text22                         000D8E  000050  000DDE      1B1C       0  CODE        2
                text13                         000DDE  000050  000E2E      1BBC       0  CODE        2
                text4                          000E2E  000056  000E84      1C5C       0  CODE        2
                text16                         000E84  000059  000EDD      1D08       0  CODE        2
                text23                         000EDD  00005D  000F3A      1DBA       0  CODE        2
                text11                         000F3A  000060  000F9A      1E74       0  CODE        2
                text5                          000F9A  000066  001000      1F34       0  CODE        2
                config                         002007  000001  002008      400E       0  CONFIG      2


UNUSED ADDRESS RANGES

        Name                Unused          Largest block    Delta
        BANK0            0059-006F             17           1
        BANK1            00A0-00EF             50           1
        BANK2            0110-016F             60           1
        BANK3            0190-01EF             60           1
        CODE             0096-0096              1           2
                         0800-0A80            281
                         1000-1FFF            800
        CONST            0096-0096              1           2
                         0800-0A80            100
                         1000-1FFF            100
        EEDATA           2100-21FF            100           2
        ENTRY            0096-0096              1           2
                         0800-0A80            100
                         1000-1FFF            100
        IDLOC            2000-2003              4           2
        RAM              0059-006F             17           1
                         00A0-00EF             50
                         0110-016F             60
                         0190-01EF             60
        SFR0             0000-001F             20           1
        SFR1             0080-009F             20           1
        SFR2             0100-010F             10           1
        SFR3             0180-018F             10           1
        STACK            0110-016F             60           1
        STRCODE          0096-0096              1           2
                         0800-0A80            281
                         1000-1FFF           1000
        STRING           0096-0096              1           2
                         0800-0A80            100
                         1000-1FFF            100

                                  Symbol Table

?___awdiv                cstackCOMMON 0070
?___awmod                cstackCOMMON 0070
?___wmul                 cstackCOMMON 0079
DS1307_GetDate@d_ptr     cstackCOMMON 0075
DS1307_GetDate@m_ptr     cstackCOMMON 0076
DS1307_GetDate@n_ptr     cstackCOMMON 0079
DS1307_GetDate@y_ptr     cstackCOMMON 0077
DS1307_GetTime@h_ptr     cstackCOMMON 0078
DS1307_GetTime@m_ptr     cstackCOMMON 0075
DS1307_GetTime@s_ptr     cstackCOMMON 0076
DS1307_Init@s            cstackCOMMON 0076
DS1307_SetDate@dd        cstackCOMMON 0075
DS1307_SetDate@mm        cstackCOMMON 0076
DS1307_SetDate@nn        cstackCOMMON 0078
DS1307_SetDate@yy        cstackCOMMON 0077
DS1307_SetTime@hh        cstackCOMMON 0077
DS1307_SetTime@mm        cstackCOMMON 0075
DS1307_SetTime@ss        cstackCOMMON 0076
DS1307_Write@dat         cstackCOMMON 0074
I2C_Read@dat             cstackCOMMON 0073
I2C_Read@i               cstackCOMMON 0072
I2C_Write@dat            cstackCOMMON 0072
I2C_Write@i              cstackCOMMON 0073
LCDBusyLoop@busy         cstackCOMMON 0072
LCDBusyLoop@status       cstackCOMMON 0074
LCDBusyLoop@temp         cstackCOMMON 0073
LCDByte@c                cstackCOMMON 007A
LCDByte@hn               cstackCOMMON 0078
LCDByte@isdata           cstackCOMMON 0075
LCDByte@ln               cstackCOMMON 0079
LCDByte@temp             cstackCOMMON 007B
LCDGotoXY@x              cstackBANK0  0020
LCDGotoXY@y              cstackCOMMON 007C
LCDInit@style            cstackBANK0  0020
LCDWriteInt@c            cstackBANK0  0023
LCDWriteInt@d            cstackBANK0  0025
LCDWriteInt@field_length cstackCOMMON 007C
LCDWriteInt@val          cstackBANK0  0027
LCDWriteString@cc        cstackBANK0  0020
LCDWriteString@msg       cstackBANK0  0021
_DS1307_GetDate          text5        0F9A
_DS1307_GetTime          text4        0E2E
_DS1307_Init             text25       0D3E
_DS1307_Read             text32       0A81
_DS1307_SetDate          text20       0BEB
_DS1307_SetTime          text19       0B99
_DS1307_Write            text29       0AA7
_I2C_Ack                 text6        0A9D
_I2C_Clock               text31       0A8A
_I2C_Init                text24       0A85
_I2C_NoAck               text28       0A93
_I2C_Read                text33       0BC1
_I2C_Start               text27       0AC2
_I2C_Stop                text26       0AB2
_I2C_Write               text30       0B26
_LCDBusyLoop             text23       0EDD
_LCDByte                 text22       0D8E
_LCDGotoXY               text18       0B4C
_LCDInit                 text21       0C7A
_LCDWriteInt             text14       00A8
_LCDWriteString          text13       0DDE
_PORTD                   (abs)        0008
_RB1                     (abs)        0031
_RB2                     (abs)        0032
_RB4                     (abs)        0034
_RB5                     (abs)        0035
_RB6                     (abs)        0036
_RB7                     (abs)        0037
_RC0                     (abs)        0038
_RC1                     (abs)        0039
_RC2                     (abs)        003A
_RD0                     (abs)        0040
_RD1                     (abs)        0041
_TRISBbits               (abs)        0086
_TRISC0                  (abs)        0438
_TRISC1                  (abs)        0439
_TRISC2                  (abs)        043A
_TRISD                   (abs)        0088
_TRISD0                  (abs)        0440
_TRISD1                  (abs)        0441
__CFG_BOREN$ON           (abs)        0000
__CFG_CP$OFF             (abs)        0000
__CFG_CPD$OFF            (abs)        0000
__CFG_FOSC$XT            (abs)        0000
__CFG_LVP$ON             (abs)        0000
__CFG_PWRTE$ON           (abs)        0000
__CFG_WDTE$OFF           (abs)        0000
__CFG_WRT$OFF            (abs)        0000
__Habs1                  abs1         0000
__Hbank0                 bank0        0000
__Hbank1                 bank1        0000
__Hbank2                 bank2        0000
__Hbank3                 bank3        0000
__HbssBANK0              bssBANK0     0000
__Hcinit                 cinit        0800
__Hclrtext               clrtext      0000
__Hcode                  code         0000
__Hcommon                common       0000
__Hconfig                config       2008
__HcstackBANK0           cstackBANK0  0000
__HcstackCOMMON          cstackCOMMON 0000
__HdataBANK0             dataBANK0    0000
__Heeprom_data           eeprom_data  0000
__Hend_init              end_init     0003
__Hfunctab               functab      0000
__HidataBANK0            idataBANK0   0000
__Hidloc                 idloc        0000
__Hinit                  init         0000
__Hinittext              inittext     0000
__Hintentry              intentry     0000
__Hmaintext              maintext     0000
__Hpowerup               powerup      0000
__Hram                   ram          0000
__Hreset_vec             reset_vec    0000
__Hsfr0                  sfr0         0000
__Hsfr1                  sfr1         0000
__Hsfr2                  sfr2         0000
__Hsfr3                  sfr3         0000
__Hspace_0               (abs)        2008
__Hspace_1               (abs)        007E
__Hspace_2               (abs)        0000
__Hspace_3               (abs)        0000
__Hstack                 stack        0000
__Hstrings               strings      0000
__Htext                  text         0000
__Labs1                  abs1         0000
__Lbank0                 bank0        0000
__Lbank1                 bank1        0000
__Lbank2                 bank2        0000
__Lbank3                 bank3        0000
__LbssBANK0              bssBANK0     0000
__Lcinit                 cinit        07ED
__Lclrtext               clrtext      0000
__Lcode                  code         0000
__Lcommon                common       0000
__Lconfig                config       2007
__LcstackBANK0           cstackBANK0  0000
__LcstackCOMMON          cstackCOMMON 0000
__LdataBANK0             dataBANK0    0000
__Leeprom_data           eeprom_data  0000
__Lend_init              end_init     0000
__Lfunctab               functab      0000
__LidataBANK0            idataBANK0   0000
__Lidloc                 idloc        0000
__Linit                  init         0000
__Linittext              inittext     0000
__Lintentry              intentry     0000
__Lmaintext              maintext     0000
__Lpowerup               powerup      0000
__Lram                   ram          0000
__Lreset_vec             reset_vec    0000
__Lsfr0                  sfr0         0000
__Lsfr1                  sfr1         0000
__Lsfr2                  sfr2         0000
__Lsfr3                  sfr3         0000
__Lspace_0               (abs)        0000
__Lspace_1               (abs)        0000
__Lspace_2               (abs)        0000
__Lspace_3               (abs)        0000
__Lstack                 stack        0000
__Lstrings               strings      0000
__Ltext                  text         0000
__S0                     (abs)        2008
__S1                     (abs)        007E
__S2                     (abs)        0000
__S3                     (abs)        0000
___awdiv                 text16       0E84
___awdiv@counter         cstackCOMMON 0075
___awdiv@dividend        cstackCOMMON 0072
___awdiv@divisor         cstackCOMMON 0070
___awdiv@quotient        cstackCOMMON 0077
___awdiv@sign            cstackCOMMON 0076
___awmod                 text15       0CF3
___awmod@counter         cstackCOMMON 0075
___awmod@dividend        cstackCOMMON 0072
___awmod@divisor         cstackCOMMON 0070
___awmod@sign            cstackCOMMON 0076
___int_sp                stack        0000
___latbits               (abs)        0002
___sp                    stack        0000
___wmul                  text3        0B72
___wmul@multiplicand     cstackCOMMON 007B
___wmul@multiplier       cstackCOMMON 0079
___wmul@product          cstackBANK0  0020
__end_of_DS1307_GetDate  text5        1000
__end_of_DS1307_GetTime  text4        0E84
__end_of_DS1307_Init     text25       0D8E
__end_of_DS1307_Read     text32       0A85
__end_of_DS1307_SetDate  text20       0C19
__end_of_DS1307_SetTime  text19       0BC1
__end_of_DS1307_Write    text29       0AB2
__end_of_I2C_Ack         text6        0AA7
__end_of_I2C_Clock       text31       0A93
__end_of_I2C_Init        text24       0A8A
__end_of_I2C_NoAck       text28       0A9D
__end_of_I2C_Read        text33       0BEB
__end_of_I2C_Start       text27       0AD3
__end_of_I2C_Stop        text26       0AC2
__end_of_I2C_Write       text30       0B4C
__end_of_LCDBusyLoop     text23       0F3A
__end_of_LCDByte         text22       0DDE
__end_of_LCDGotoXY       text18       0B72
__end_of_LCDInit         text21       0CB5
__end_of_LCDWriteInt     text14       0110
__end_of_LCDWriteString  text13       0E2E
__end_of___awdiv         text16       0EDD
__end_of___awmod         text15       0D3E
__end_of___wmul          text3        0B99
__end_of__initialization cinit        07FC
__end_of__stringtab      strings      0009
__end_of_doMenu          text8        07ED
__end_of_initLED         text7        0B26
__end_of_main            maintext     0CF3
__end_of_monthDays       strings      0031
__end_of_readClock       text2        036F
__end_of_readInputs      text17       0C48
__end_of_sendLED         text11       0F9A
__end_of_setLED          text10       0C7A
__end_of_showClock       text1        0AEB
__end_of_showDate        text12       01A7
__end_of_showTime        text9        0249
__end_of_ttable          strings      0025
__initialization         cinit        07ED
__pbssBANK0              bssBANK0     0056
__pcstackBANK0           cstackBANK0  0020
__pcstackCOMMON          cstackCOMMON 0070
__pdataBANK0             dataBANK0    003D
__pidataBANK0            idataBANK0   0AEB
__pmaintext              maintext     0CB5
__pstrings               strings      0003
__ptext1                 text1        0AD3
__ptext10                text10       0C48
__ptext11                text11       0F3A
__ptext12                text12       0110
__ptext13                text13       0DDE
__ptext14                text14       00A8
__ptext15                text15       0CF3
__ptext16                text16       0E84
__ptext17                text17       0C19
__ptext18                text18       0B4C
__ptext19                text19       0B99
__ptext2                 text2        0249
__ptext20                text20       0BEB
__ptext21                text21       0C7A
__ptext22                text22       0D8E
__ptext23                text23       0EDD
__ptext24                text24       0A85
__ptext25                text25       0D3E
__ptext26                text26       0AB2
__ptext27                text27       0AC2
__ptext28                text28       0A93
__ptext29                text29       0AA7
__ptext3                 text3        0B72
__ptext30                text30       0B26
__ptext31                text31       0A8A
__ptext32                text32       0A81
__ptext33                text33       0BC1
__ptext4                 text4        0E2E
__ptext5                 text5        0F9A
__ptext6                 text6        0A9D
__ptext7                 text7        0B04
__ptext8                 text8        036F
__ptext9                 text9        01A7
__size_of_DS1307_GetDate (abs)        0000
__size_of_DS1307_GetTime (abs)        0000
__size_of_DS1307_Init    (abs)        0000
__size_of_DS1307_Read    (abs)        0000
__size_of_DS1307_SetDate (abs)        0000
__size_of_DS1307_SetTime (abs)        0000
__size_of_DS1307_Write   (abs)        0000
__size_of_I2C_Ack        (abs)        0000
__size_of_I2C_Clock      (abs)        0000
__size_of_I2C_Init       (abs)        0000
__size_of_I2C_NoAck      (abs)        0000
__size_of_I2C_Read       (abs)        0000
__size_of_I2C_Start      (abs)        0000
__size_of_I2C_Stop       (abs)        0000
__size_of_I2C_Write      (abs)        0000
__size_of_LCDBusyLoop    (abs)        0000
__size_of_LCDByte        (abs)        0000
__size_of_LCDGotoXY      (abs)        0000
__size_of_LCDInit        (abs)        0000
__size_of_LCDWriteInt    (abs)        0000
__size_of_LCDWriteString (abs)        0000
__size_of___awdiv        (abs)        0000
__size_of___awmod        (abs)        0000
__size_of___wmul         (abs)        0000
__size_of_doMenu         (abs)        0000
__size_of_initLED        (abs)        0000
__size_of_main           (abs)        0000
__size_of_readClock      (abs)        0000
__size_of_readInputs     (abs)        0000
__size_of_sendLED        (abs)        0000
__size_of_setLED         (abs)        0000
__size_of_showClock      (abs)        0000
__size_of_showDate       (abs)        0000
__size_of_showTime       (abs)        0000
__stringbase             strings      0008
__stringtab              strings      0003
_bButton                 bssBANK0     0056
_date                    dataBANK0    0047
_day                     dataBANK0    0049
_doMenu                  text8        036F
_hour                    dataBANK0    004B
_initLED                 text7        0B04
_last_hour               dataBANK0    0055
_led_digits              dataBANK0    003D
_main                    maintext     0CB5
_menuFunction            bssBANK0     0057
_minute                  dataBANK0    004D
_month                   dataBANK0    004F
_monthDays               strings      0025
_readClock               text2        0249
_readInputs              text17       0C19
_seconds                 dataBANK0    0051
_sendLED                 text11       0F3A
_setLED                  text10       0C48
_showClock               text1        0AD3
_showDate                text12       0110
_showTime                text9        01A7
_state                   bssBANK0     0058
_ttable                  strings      0009
_year                    dataBANK0    0053
btemp                    (abs)        007E
doMenu@d                 cstackBANK0  0033
doMenu@h                 cstackBANK0  002B
doMenu@m                 cstackBANK0  002D
doMenu@m_260             cstackBANK0  0035
doMenu@n                 cstackBANK0  0031
doMenu@s                 cstackBANK0  002F
doMenu@y                 cstackBANK0  0037
end_of_initialization    cinit        07FC
init_fetch0              inittext     0097
init_ram0                inittext     009B
intlevel0                functab      0000
intlevel1                functab      0000
intlevel2                functab      0000
intlevel3                functab      0000
intlevel4                functab      0000
intlevel5                functab      0000
ltemp                    (abs)        007E
ltemp0                   (abs)        007E
ltemp1                   (abs)        0082
ltemp2                   (abs)        0086
ltemp3                   (abs)        0080
main@led                 cstackBANK0  0039
main@seg                 cstackBANK0  003B
readClock@a              cstackBANK0  0026
readClock@b              cstackBANK0  0027
readClock@c              cstackBANK0  0028
readClock@n              cstackBANK0  0025
readInputs@pinstate      cstackCOMMON 0073
reset_vec                reset_vec    0000
sendLED@c                cstackCOMMON 0070
sendLED@i                cstackCOMMON 0074
setLED@d                 cstackBANK0  0024
setLED@digit             cstackCOMMON 0079
setLED@v                 cstackBANK0  0025
setLED@value             cstackCOMMON 007B
stackhi                  (abs)        0000
stacklo                  (abs)        0000
start                    init         0000
start_initialization     cinit        07ED
ttemp                    (abs)        007E
ttemp0                   (abs)        007E
ttemp1                   (abs)        0081
ttemp2                   (abs)        0084
ttemp3                   (abs)        0087
ttemp4                   (abs)        007F
wtemp                    (abs)        007E
wtemp0                   (abs)        007E
wtemp1                   (abs)        0080
wtemp2                   (abs)        0082
wtemp3                   (abs)        0084
wtemp4                   (abs)        0086
wtemp5                   (abs)        0088
wtemp6                   (abs)        007F


FUNCTION INFORMATION:

 *************** function _main *****************
 Defined at:
		line 47 in file "LCDTime.c"
 Parameters:    Size  Location     Type
		None
 Auto vars:     Size  Location     Type
  seg             2   27[BANK0 ] int 
  led             2   25[BANK0 ] int 
 Return value:  Size  Location     Type
                  1    wreg      void 
 Registers used:
		wreg, fsr0l, fsr0h, status,2, status,0, btemp+1, pclath, cstack
 Tracked objects:
		On entry : 
		On exit  : 
		Unchanged: 
 Data sizes:     COMMON   BANK0   BANK1   BANK3   BANK2
      Params:         0       0       0       0       0
      Locals:         0       4       0       0       0
      Temps:          0       0       0       0       0
      Totals:         0       4       0       0       0
Total ram usage:        4 bytes
 Hardware stack levels required when called:    5
 This function calls:
		_DS1307_Init
		_I2C_Init
		_LCDByte
		_LCDInit
		_doMenu
		_initLED
		_readClock
		_readInputs
		_showClock
 This function is called by:
		Startup code after reset
 This function uses a non-reentrant model


 *************** function _showClock *****************
 Defined at:
		line 380 in file "LCDTime.c"
 Parameters:    Size  Location     Type
		None
 Auto vars:     Size  Location     Type
		None
 Return value:  Size  Location     Type
                  1    wreg      void 
 Registers used:
		wreg, fsr0l, fsr0h, status,2, status,0, btemp+1, pclath, cstack
 Tracked objects:
		On entry : 
		On exit  : 
		Unchanged: 
 Data sizes:     COMMON   BANK0   BANK1   BANK3   BANK2
      Params:         0       0       0       0       0
      Locals:         0       0       0       0       0
      Temps:          0       0       0       0       0
      Totals:         0       0       0       0       0
Total ram usage:        0 bytes
 Hardware stack levels used:    1
 Hardware stack levels required when called:    4
 This function calls:
		_LCDGotoXY
		_showDate
		_showTime
 This function is called by:
		_main
 This function uses a non-reentrant model


 *************** function _readClock *****************
 Defined at:
		line 357 in file "LCDTime.c"
 Parameters:    Size  Location     Type
		None
 Auto vars:     Size  Location     Type
  c               1    8[BANK0 ] unsigned char 
  b               1    7[BANK0 ] unsigned char 
  a               1    6[BANK0 ] unsigned char 
  n               1    5[BANK0 ] unsigned char 
 Return value:  Size  Location     Type
                  1    wreg      void 
 Registers used:
		wreg, fsr0l, fsr0h, status,2, status,0, pclath, cstack
 Tracked objects:
		On entry : 
		On exit  : 
		Unchanged: 
 Data sizes:     COMMON   BANK0   BANK1   BANK3   BANK2
      Params:         0       0       0       0       0
      Locals:         0       4       0       0       0
      Temps:          0       3       0       0       0
      Totals:         0       7       0       0       0
Total ram usage:        7 bytes
 Hardware stack levels used:    1
 Hardware stack levels required when called:    4
 This function calls:
		_DS1307_GetDate
		_DS1307_GetTime
		___awdiv
		___wmul
 This function is called by:
		_main
 This function uses a non-reentrant model


 *************** function ___wmul *****************
 Defined at:
		line 15 in file "C:\Program Files (x86)\Microchip\xc8\v1.37\sources\common\Umul16.c"
 Parameters:    Size  Location     Type
  multiplier      2    9[COMMON] unsigned int 
  multiplicand    2   11[COMMON] unsigned int 
 Auto vars:     Size  Location     Type
  product         2    0[BANK0 ] unsigned int 
 Return value:  Size  Location     Type
                  2    9[COMMON] unsigned int 
 Registers used:
		wreg, status,2, status,0
 Tracked objects:
		On entry : 
		On exit  : 
		Unchanged: 
 Data sizes:     COMMON   BANK0   BANK1   BANK3   BANK2
      Params:         4       0       0       0       0
      Locals:         0       2       0       0       0
      Temps:          0       0       0       0       0
      Totals:         4       2       0       0       0
Total ram usage:        6 bytes
 Hardware stack levels used:    1
 This function calls:
		Nothing
 This function is called by:
		_readClock
 This function uses a non-reentrant model


 *************** function _DS1307_GetTime *****************
 Defined at:
		line 66 in file "DS1307.c"
 Parameters:    Size  Location     Type
  h_ptr           1    wreg     PTR unsigned char 
		 -> readClock@a(1), 
  m_ptr           1    5[COMMON] PTR unsigned char 
		 -> readClock@b(1), 
  s_ptr           1    6[COMMON] PTR unsigned char 
		 -> readClock@c(1), 
 Auto vars:     Size  Location     Type
  h_ptr           1    8[COMMON] PTR unsigned char 
		 -> readClock@a(1), 
 Return value:  Size  Location     Type
                  1    wreg      void 
 Registers used:
		wreg, fsr0l, fsr0h, status,2, status,0, pclath, cstack
 Tracked objects:
		On entry : 
		On exit  : 
		Unchanged: 
 Data sizes:     COMMON   BANK0   BANK1   BANK3   BANK2
      Params:         2       0       0       0       0
      Locals:         1       0       0       0       0
      Temps:          1       0       0       0       0
      Totals:         4       0       0       0       0
Total ram usage:        4 bytes
 Hardware stack levels used:    1
 Hardware stack levels required when called:    3
 This function calls:
		_DS1307_Read
		_DS1307_Write
		_I2C_Ack
		_I2C_NoAck
		_I2C_Start
		_I2C_Stop
 This function is called by:
		_readClock
 This function uses a non-reentrant model


 *************** function _DS1307_GetDate *****************
 Defined at:
		line 80 in file "DS1307.c"
 Parameters:    Size  Location     Type
  n_ptr           1    wreg     PTR unsigned char 
		 -> readClock@n(1), 
  d_ptr           1    5[COMMON] PTR unsigned char 
		 -> readClock@a(1), 
  m_ptr           1    6[COMMON] PTR unsigned char 
		 -> readClock@b(1), 
  y_ptr           1    7[COMMON] PTR unsigned char 
		 -> readClock@c(1), 
 Auto vars:     Size  Location     Type
  n_ptr           1    9[COMMON] PTR unsigned char 
		 -> readClock@n(1), 
 Return value:  Size  Location     Type
                  1    wreg      void 
 Registers used:
		wreg, fsr0l, fsr0h, status,2, status,0, pclath, cstack
 Tracked objects:
		On entry : 
		On exit  : 
		Unchanged: 
 Data sizes:     COMMON   BANK0   BANK1   BANK3   BANK2
      Params:         3       0       0       0       0
      Locals:         1       0       0       0       0
      Temps:          1       0       0       0       0
      Totals:         5       0       0       0       0
Total ram usage:        5 bytes
 Hardware stack levels used:    1
 Hardware stack levels required when called:    3
 This function calls:
		_DS1307_Read
		_DS1307_Write
		_I2C_Ack
		_I2C_NoAck
		_I2C_Start
		_I2C_Stop
 This function is called by:
		_readClock
 This function uses a non-reentrant model


 *************** function _I2C_Ack *****************
 Defined at:
		line 81 in file "i2c.c"
 Parameters:    Size  Location     Type
		None
 Auto vars:     Size  Location     Type
		None
 Return value:  Size  Location     Type
                  1    wreg      void 
 Registers used:
		status,2, status,0, pclath, cstack
 Tracked objects:
		On entry : 
		On exit  : 
		Unchanged: 
 Data sizes:     COMMON   BANK0   BANK1   BANK3   BANK2
      Params:         0       0       0       0       0
      Locals:         0       0       0       0       0
      Temps:          0       0       0       0       0
      Totals:         0       0       0       0       0
Total ram usage:        0 bytes
 Hardware stack levels used:    1
 Hardware stack levels required when called:    1
 This function calls:
		_I2C_Clock
 This function is called by:
		_DS1307_GetTime
		_DS1307_GetDate
 This function uses a non-reentrant model


 *************** function _initLED *****************
 Defined at:
		line 429 in file "LCDTime.c"
 Parameters:    Size  Location     Type
		None
 Auto vars:     Size  Location     Type
		None
 Return value:  Size  Location     Type
                  1    wreg      void 
 Registers used:
		wreg, status,2, status,0, btemp+1, pclath, cstack
 Tracked objects:
		On entry : 
		On exit  : 
		Unchanged: 
 Data sizes:     COMMON   BANK0   BANK1   BANK3   BANK2
      Params:         0       0       0       0       0
      Locals:         0       0       0       0       0
      Temps:          0       0       0       0       0
      Totals:         0       0       0       0       0
Total ram usage:        0 bytes
 Hardware stack levels used:    1
 Hardware stack levels required when called:    1
 This function calls:
		_sendLED
 This function is called by:
		_main
 This function uses a non-reentrant model


 *************** function _doMenu *****************
 Defined at:
		line 73 in file "LCDTime.c"
 Parameters:    Size  Location     Type
		None
 Auto vars:     Size  Location     Type
  y               2   23[BANK0 ] int 
  m               2   21[BANK0 ] int 
  d               2   19[BANK0 ] int 
  n               2   17[BANK0 ] int 
  s               2   15[BANK0 ] int 
  m               2   13[BANK0 ] int 
  h               2   11[BANK0 ] int 
 Return value:  Size  Location     Type
                  1    wreg      void 
 Registers used:
		wreg, fsr0l, fsr0h, status,2, status,0, btemp+1, pclath, cstack
 Tracked objects:
		On entry : 
		On exit  : 
		Unchanged: 
 Data sizes:     COMMON   BANK0   BANK1   BANK3   BANK2
      Params:         0       0       0       0       0
      Locals:         0      14       0       0       0
      Temps:          0       3       0       0       0
      Totals:         0      17       0       0       0
Total ram usage:       17 bytes
 Hardware stack levels used:    1
 Hardware stack levels required when called:    4
 This function calls:
		_DS1307_SetDate
		_DS1307_SetTime
		_LCDByte
		_LCDGotoXY
		_LCDWriteString
		___awdiv
		___awmod
		_readInputs
		_showDate
		_showTime
 This function is called by:
		_main
 This function uses a non-reentrant model


 *************** function _showTime *****************
 Defined at:
		line 390 in file "LCDTime.c"
 Parameters:    Size  Location     Type
		None
 Auto vars:     Size  Location     Type
		None
 Return value:  Size  Location     Type
                  1    wreg      void 
 Registers used:
		wreg, fsr0l, fsr0h, status,2, status,0, btemp+1, pclath, cstack
 Tracked objects:
		On entry : 
		On exit  : 
		Unchanged: 
 Data sizes:     COMMON   BANK0   BANK1   BANK3   BANK2
      Params:         0       0       0       0       0
      Locals:         0       0       0       0       0
      Temps:          1       0       0       0       0
      Totals:         1       0       0       0       0
Total ram usage:        1 bytes
 Hardware stack levels used:    1
 Hardware stack levels required when called:    3
 This function calls:
		_LCDByte
		_LCDWriteInt
		___awdiv
		___awmod
		_setLED
 This function is called by:
		_doMenu
		_showClock
 This function uses a non-reentrant model


 *************** function _setLED *****************
 Defined at:
		line 473 in file "LCDTime.c"
 Parameters:    Size  Location     Type
  digit           2    9[COMMON] int 
  value           2   11[COMMON] int 
 Auto vars:     Size  Location     Type
  v               1    5[BANK0 ] unsigned char 
  d               1    4[BANK0 ] unsigned char 
 Return value:  Size  Location     Type
                  1    wreg      void 
 Registers used:
		wreg, fsr0l, fsr0h, status,2, status,0, btemp+1, pclath, cstack
 Tracked objects:
		On entry : 
		On exit  : 
		Unchanged: 
 Data sizes:     COMMON   BANK0   BANK1   BANK3   BANK2
      Params:         4       0       0       0       0
      Locals:         0       2       0       0       0
      Temps:          0       4       0       0       0
      Totals:         4       6       0       0       0
Total ram usage:       10 bytes
 Hardware stack levels used:    1
 Hardware stack levels required when called:    1
 This function calls:
		_sendLED
 This function is called by:
		_showTime
 This function uses a non-reentrant model


 *************** function _sendLED *****************
 Defined at:
		line 443 in file "LCDTime.c"
 Parameters:    Size  Location     Type
  c               2    0[COMMON] unsigned int 
 Auto vars:     Size  Location     Type
  i               2    4[COMMON] int 
 Return value:  Size  Location     Type
                  1    wreg      void 
 Registers used:
		wreg, status,2, btemp+1
 Tracked objects:
		On entry : 
		On exit  : 
		Unchanged: 
 Data sizes:     COMMON   BANK0   BANK1   BANK3   BANK2
      Params:         2       0       0       0       0
      Locals:         2       0       0       0       0
      Temps:          2       0       0       0       0
      Totals:         6       0       0       0       0
Total ram usage:        6 bytes
 Hardware stack levels used:    1
 This function calls:
		Nothing
 This function is called by:
		_initLED
		_setLED
 This function uses a non-reentrant model


 *************** function _showDate *****************
 Defined at:
		line 404 in file "LCDTime.c"
 Parameters:    Size  Location     Type
		None
 Auto vars:     Size  Location     Type
		None
 Return value:  Size  Location     Type
                  1    wreg      void 
 Registers used:
		wreg, fsr0l, fsr0h, status,2, status,0, pclath, cstack
 Tracked objects:
		On entry : 
		On exit  : 
		Unchanged: 
 Data sizes:     COMMON   BANK0   BANK1   BANK3   BANK2
      Params:         0       0       0       0       0
      Locals:         0       0       0       0       0
      Temps:          1       0       0       0       0
      Totals:         1       0       0       0       0
Total ram usage:        1 bytes
 Hardware stack levels used:    1
 Hardware stack levels required when called:    3
 This function calls:
		_LCDByte
		_LCDWriteInt
		_LCDWriteString
 This function is called by:
		_doMenu
		_showClock
 This function uses a non-reentrant model


 *************** function _LCDWriteString *****************
 Defined at:
		line 225 in file "lcd_hd44780_pic16.c"
 Parameters:    Size  Location     Type
  msg             1    wreg     PTR const unsigned char 
		 -> STR_14(4), STR_13(4), STR_12(4), STR_11(4), 
		 -> STR_10(4), STR_9(4), STR_8(4), STR_7(10), 
		 -> STR_6(10), STR_5(10), STR_4(9), STR_3(12), 
		 -> STR_2(12), STR_1(10), 
 Auto vars:     Size  Location     Type
  msg             1    1[BANK0 ] PTR const unsigned char 
		 -> STR_14(4), STR_13(4), STR_12(4), STR_11(4), 
		 -> STR_10(4), STR_9(4), STR_8(4), STR_7(10), 
		 -> STR_6(10), STR_5(10), STR_4(9), STR_3(12), 
		 -> STR_2(12), STR_1(10), 
  cc              1    0[BANK0 ] char 
 Return value:  Size  Location     Type
                  1    wreg      void 
 Registers used:
		wreg, fsr0l, fsr0h, status,2, status,0, pclath, cstack
 Tracked objects:
		On entry : 
		On exit  : 
		Unchanged: 
 Data sizes:     COMMON   BANK0   BANK1   BANK3   BANK2
      Params:         0       0       0       0       0
      Locals:         0       2       0       0       0
      Temps:          1       0       0       0       0
      Totals:         1       2       0       0       0
Total ram usage:        3 bytes
 Hardware stack levels used:    1
 Hardware stack levels required when called:    2
 This function calls:
		_LCDByte
 This function is called by:
		_doMenu
		_showDate
 This function uses a non-reentrant model


 *************** function _LCDWriteInt *****************
 Defined at:
		line 323 in file "lcd_hd44780_pic16.c"
 Parameters:    Size  Location     Type
  val             1    wreg     unsigned char 
  field_length    1   12[COMMON] char 
 Auto vars:     Size  Location     Type
  val             1    7[BANK0 ] unsigned char 
  d               2    5[BANK0 ] unsigned int 
  c               2    3[BANK0 ] unsigned int 
 Return value:  Size  Location     Type
                  1    wreg      void 
 Registers used:
		wreg, status,2, status,0, pclath, cstack
 Tracked objects:
		On entry : 
		On exit  : 
		Unchanged: 
 Data sizes:     COMMON   BANK0   BANK1   BANK3   BANK2
      Params:         1       0       0       0       0
      Locals:         0       5       0       0       0
      Temps:          0       3       0       0       0
      Totals:         1       8       0       0       0
Total ram usage:        9 bytes
 Hardware stack levels used:    1
 Hardware stack levels required when called:    2
 This function calls:
		_LCDByte
		___awdiv
		___awmod
 This function is called by:
		_showTime
		_showDate
 This function uses a non-reentrant model


 *************** function ___awmod *****************
 Defined at:
		line 6 in file "C:\Program Files (x86)\Microchip\xc8\v1.37\sources\common\awmod.c"
 Parameters:    Size  Location     Type
  divisor         2    0[COMMON] int 
  dividend        2    2[COMMON] int 
 Auto vars:     Size  Location     Type
  sign            1    6[COMMON] unsigned char 
  counter         1    5[COMMON] unsigned char 
 Return value:  Size  Location     Type
                  2    0[COMMON] int 
 Registers used:
		wreg, status,2, status,0
 Tracked objects:
		On entry : 
		On exit  : 
		Unchanged: 
 Data sizes:     COMMON   BANK0   BANK1   BANK3   BANK2
      Params:         4       0       0       0       0
      Locals:         2       0       0       0       0
      Temps:          1       0       0       0       0
      Totals:         7       0       0       0       0
Total ram usage:        7 bytes
 Hardware stack levels used:    1
 This function calls:
		Nothing
 This function is called by:
		_LCDWriteInt
		_doMenu
		_showTime
 This function uses a non-reentrant model


 *************** function ___awdiv *****************
 Defined at:
		line 6 in file "C:\Program Files (x86)\Microchip\xc8\v1.37\sources\common\awdiv.c"
 Parameters:    Size  Location     Type
  divisor         2    0[COMMON] int 
  dividend        2    2[COMMON] int 
 Auto vars:     Size  Location     Type
  quotient        2    7[COMMON] int 
  sign            1    6[COMMON] unsigned char 
  counter         1    5[COMMON] unsigned char 
 Return value:  Size  Location     Type
                  2    0[COMMON] int 
 Registers used:
		wreg, status,2, status,0
 Tracked objects:
		On entry : 
		On exit  : 
		Unchanged: 
 Data sizes:     COMMON   BANK0   BANK1   BANK3   BANK2
      Params:         4       0       0       0       0
      Locals:         4       0       0       0       0
      Temps:          1       0       0       0       0
      Totals:         9       0       0       0       0
Total ram usage:        9 bytes
 Hardware stack levels used:    1
 This function calls:
		Nothing
 This function is called by:
		_LCDWriteInt
		_doMenu
		_readClock
		_showTime
 This function uses a non-reentrant model


 *************** function _readInputs *****************
 Defined at:
		line 337 in file "LCDTime.c"
 Parameters:    Size  Location     Type
		None
 Auto vars:     Size  Location     Type
  pinstate        1    3[COMMON] unsigned char 
 Return value:  Size  Location     Type
                  1    wreg      void 
 Registers used:
		wreg, fsr0l, fsr0h, status,2, status,0, pclath
 Tracked objects:
		On entry : 
		On exit  : 
		Unchanged: 
 Data sizes:     COMMON   BANK0   BANK1   BANK3   BANK2
      Params:         0       0       0       0       0
      Locals:         1       0       0       0       0
      Temps:          3       0       0       0       0
      Totals:         4       0       0       0       0
Total ram usage:        4 bytes
 Hardware stack levels used:    2
 This function calls:
		Nothing
 This function is called by:
		_main
		_doMenu
 This function uses a non-reentrant model


 *************** function _LCDGotoXY *****************
 Defined at:
		line 345 in file "lcd_hd44780_pic16.c"
 Parameters:    Size  Location     Type
  x               1    wreg     unsigned char 
  y               1   12[COMMON] unsigned char 
 Auto vars:     Size  Location     Type
  x               1    0[BANK0 ] unsigned char 
 Return value:  Size  Location     Type
                  1    wreg      void 
 Registers used:
		wreg, fsr0l, fsr0h, status,2, status,0, pclath, cstack
 Tracked objects:
		On entry : 
		On exit  : 
		Unchanged: 
 Data sizes:     COMMON   BANK0   BANK1   BANK3   BANK2
      Params:         1       0       0       0       0
      Locals:         0       1       0       0       0
      Temps:          1       0       0       0       0
      Totals:         2       1       0       0       0
Total ram usage:        3 bytes
 Hardware stack levels used:    1
 Hardware stack levels required when called:    2
 This function calls:
		_LCDByte
 This function is called by:
		_doMenu
		_showClock
 This function uses a non-reentrant model


 *************** function _DS1307_SetTime *****************
 Defined at:
		line 43 in file "DS1307.c"
 Parameters:    Size  Location     Type
  hh              1    wreg     unsigned char 
  mm              1    5[COMMON] unsigned char 
  ss              1    6[COMMON] unsigned char 
 Auto vars:     Size  Location     Type
  hh              1    7[COMMON] unsigned char 
 Return value:  Size  Location     Type
                  1    wreg      void 
 Registers used:
		wreg, status,2, status,0, pclath, cstack
 Tracked objects:
		On entry : 
		On exit  : 
		Unchanged: 
 Data sizes:     COMMON   BANK0   BANK1   BANK3   BANK2
      Params:         2       0       0       0       0
      Locals:         1       0       0       0       0
      Temps:          0       0       0       0       0
      Totals:         3       0       0       0       0
Total ram usage:        3 bytes
 Hardware stack levels used:    1
 Hardware stack levels required when called:    3
 This function calls:
		_DS1307_Write
		_I2C_Start
		_I2C_Stop
 This function is called by:
		_doMenu
 This function uses a non-reentrant model


 *************** function _DS1307_SetDate *****************
 Defined at:
		line 54 in file "DS1307.c"
 Parameters:    Size  Location     Type
  nn              1    wreg     unsigned char 
  dd              1    5[COMMON] unsigned char 
  mm              1    6[COMMON] unsigned char 
  yy              1    7[COMMON] unsigned char 
 Auto vars:     Size  Location     Type
  nn              1    8[COMMON] unsigned char 
 Return value:  Size  Location     Type
                  1    wreg      void 
 Registers used:
		wreg, status,2, status,0, pclath, cstack
 Tracked objects:
		On entry : 
		On exit  : 
		Unchanged: 
 Data sizes:     COMMON   BANK0   BANK1   BANK3   BANK2
      Params:         3       0       0       0       0
      Locals:         1       0       0       0       0
      Temps:          0       0       0       0       0
      Totals:         4       0       0       0       0
Total ram usage:        4 bytes
 Hardware stack levels used:    1
 Hardware stack levels required when called:    3
 This function calls:
		_DS1307_Write
		_I2C_Start
		_I2C_Stop
 This function is called by:
		_doMenu
 This function uses a non-reentrant model


 *************** function _LCDInit *****************
 Defined at:
		line 167 in file "lcd_hd44780_pic16.c"
 Parameters:    Size  Location     Type
  style           1    wreg     unsigned char 
 Auto vars:     Size  Location     Type
  style           1    0[BANK0 ] unsigned char 
 Return value:  Size  Location     Type
                  1    wreg      void 
 Registers used:
		wreg, status,2, status,0, pclath, cstack
 Tracked objects:
		On entry : 
		On exit  : 
		Unchanged: 
 Data sizes:     COMMON   BANK0   BANK1   BANK3   BANK2
      Params:         0       0       0       0       0
      Locals:         0       1       0       0       0
      Temps:          2       0       0       0       0
      Totals:         2       1       0       0       0
Total ram usage:        3 bytes
 Hardware stack levels used:    1
 Hardware stack levels required when called:    2
 This function calls:
		_LCDBusyLoop
		_LCDByte
 This function is called by:
		_main
 This function uses a non-reentrant model


 *************** function _LCDByte *****************
 Defined at:
		line 54 in file "lcd_hd44780_pic16.c"
 Parameters:    Size  Location     Type
  c               1    wreg     unsigned char 
  isdata          1    5[COMMON] unsigned char 
 Auto vars:     Size  Location     Type
  c               1   10[COMMON] unsigned char 
  temp            1   11[COMMON] unsigned char 
  ln              1    9[COMMON] unsigned char 
  hn              1    8[COMMON] unsigned char 
 Return value:  Size  Location     Type
                  1    wreg      void 
 Registers used:
		wreg, status,2, status,0, pclath, cstack
 Tracked objects:
		On entry : 
		On exit  : 
		Unchanged: 
 Data sizes:     COMMON   BANK0   BANK1   BANK3   BANK2
      Params:         1       0       0       0       0
      Locals:         4       0       0       0       0
      Temps:          2       0       0       0       0
      Totals:         7       0       0       0       0
Total ram usage:        7 bytes
 Hardware stack levels used:    1
 Hardware stack levels required when called:    1
 This function calls:
		_LCDBusyLoop
 This function is called by:
		_LCDInit
		_LCDWriteString
		_LCDWriteInt
		_LCDGotoXY
		_main
		_doMenu
		_showTime
		_showDate
 This function uses a non-reentrant model


 *************** function _LCDBusyLoop *****************
 Defined at:
		line 109 in file "lcd_hd44780_pic16.c"
 Parameters:    Size  Location     Type
		None
 Auto vars:     Size  Location     Type
  status          1    4[COMMON] unsigned char 
  temp            1    3[COMMON] unsigned char 
  busy            1    2[COMMON] unsigned char 
 Return value:  Size  Location     Type
                  1    wreg      void 
 Registers used:
		wreg, status,2, status,0
 Tracked objects:
		On entry : 
		On exit  : 
		Unchanged: 
 Data sizes:     COMMON   BANK0   BANK1   BANK3   BANK2
      Params:         0       0       0       0       0
      Locals:         3       0       0       0       0
      Temps:          2       0       0       0       0
      Totals:         5       0       0       0       0
Total ram usage:        5 bytes
 Hardware stack levels used:    1
 This function calls:
		Nothing
 This function is called by:
		_LCDByte
		_LCDInit
 This function uses a non-reentrant model


 *************** function _I2C_Init *****************
 Defined at:
		line 3 in file "i2c.c"
 Parameters:    Size  Location     Type
		None
 Auto vars:     Size  Location     Type
		None
 Return value:  Size  Location     Type
                  1    wreg      void 
 Registers used:
		None
 Tracked objects:
		On entry : 
		On exit  : 
		Unchanged: 
 Data sizes:     COMMON   BANK0   BANK1   BANK3   BANK2
      Params:         0       0       0       0       0
      Locals:         0       0       0       0       0
      Temps:          0       0       0       0       0
      Totals:         0       0       0       0       0
Total ram usage:        0 bytes
 Hardware stack levels used:    1
 This function calls:
		Nothing
 This function is called by:
		_main
 This function uses a non-reentrant model


 *************** function _DS1307_Init *****************
 Defined at:
		line 4 in file "DS1307.c"
 Parameters:    Size  Location     Type
		None
 Auto vars:     Size  Location     Type
  s               1    6[COMMON] unsigned char 
 Return value:  Size  Location     Type
                  2   20[None  ] int 
 Registers used:
		wreg, status,2, status,0, pclath, cstack
 Tracked objects:
		On entry : 
		On exit  : 
		Unchanged: 
 Data sizes:     COMMON   BANK0   BANK1   BANK3   BANK2
      Params:         0       0       0       0       0
      Locals:         1       0       0       0       0
      Temps:          1       0       0       0       0
      Totals:         2       0       0       0       0
Total ram usage:        2 bytes
 Hardware stack levels used:    1
 Hardware stack levels required when called:    3
 This function calls:
		_DS1307_Read
		_DS1307_Write
		_I2C_NoAck
		_I2C_Start
		_I2C_Stop
 This function is called by:
		_main
 This function uses a non-reentrant model


 *************** function _I2C_Stop *****************
 Defined at:
		line 29 in file "i2c.c"
 Parameters:    Size  Location     Type
		None
 Auto vars:     Size  Location     Type
		None
 Return value:  Size  Location     Type
                  1    wreg      void 
 Registers used:
		None
 Tracked objects:
		On entry : 
		On exit  : 
		Unchanged: 
 Data sizes:     COMMON   BANK0   BANK1   BANK3   BANK2
      Params:         0       0       0       0       0
      Locals:         0       0       0       0       0
      Temps:          0       0       0       0       0
      Totals:         0       0       0       0       0
Total ram usage:        0 bytes
 Hardware stack levels used:    1
 This function calls:
		Nothing
 This function is called by:
		_DS1307_Init
		_DS1307_SetTime
		_DS1307_SetDate
		_DS1307_GetTime
		_DS1307_GetDate
 This function uses a non-reentrant model


 *************** function _I2C_Start *****************
 Defined at:
		line 17 in file "i2c.c"
 Parameters:    Size  Location     Type
		None
 Auto vars:     Size  Location     Type
		None
 Return value:  Size  Location     Type
                  1    wreg      void 
 Registers used:
		None
 Tracked objects:
		On entry : 
		On exit  : 
		Unchanged: 
 Data sizes:     COMMON   BANK0   BANK1   BANK3   BANK2
      Params:         0       0       0       0       0
      Locals:         0       0       0       0       0
      Temps:          0       0       0       0       0
      Totals:         0       0       0       0       0
Total ram usage:        0 bytes
 Hardware stack levels used:    1
 This function calls:
		Nothing
 This function is called by:
		_DS1307_Init
		_DS1307_SetTime
		_DS1307_SetDate
		_DS1307_GetTime
		_DS1307_GetDate
 This function uses a non-reentrant model


 *************** function _I2C_NoAck *****************
 Defined at:
		line 88 in file "i2c.c"
 Parameters:    Size  Location     Type
		None
 Auto vars:     Size  Location     Type
		None
 Return value:  Size  Location     Type
                  1    wreg      void 
 Registers used:
		status,2, status,0, pclath, cstack
 Tracked objects:
		On entry : 
		On exit  : 
		Unchanged: 
 Data sizes:     COMMON   BANK0   BANK1   BANK3   BANK2
      Params:         0       0       0       0       0
      Locals:         0       0       0       0       0
      Temps:          0       0       0       0       0
      Totals:         0       0       0       0       0
Total ram usage:        0 bytes
 Hardware stack levels used:    1
 Hardware stack levels required when called:    1
 This function calls:
		_I2C_Clock
 This function is called by:
		_DS1307_Init
		_DS1307_GetTime
		_DS1307_GetDate
 This function uses a non-reentrant model


 *************** function _DS1307_Write *****************
 Defined at:
		line 32 in file "DS1307.c"
 Parameters:    Size  Location     Type
  dat             1    wreg     unsigned char 
 Auto vars:     Size  Location     Type
  dat             1    4[COMMON] unsigned char 
 Return value:  Size  Location     Type
                  1    wreg      void 
 Registers used:
		wreg, status,2, status,0, pclath, cstack
 Tracked objects:
		On entry : 
		On exit  : 
		Unchanged: 
 Data sizes:     COMMON   BANK0   BANK1   BANK3   BANK2
      Params:         0       0       0       0       0
      Locals:         1       0       0       0       0
      Temps:          0       0       0       0       0
      Totals:         1       0       0       0       0
Total ram usage:        1 bytes
 Hardware stack levels used:    1
 Hardware stack levels required when called:    2
 This function calls:
		_I2C_Clock
		_I2C_Write
 This function is called by:
		_DS1307_Init
		_DS1307_SetTime
		_DS1307_SetDate
		_DS1307_GetTime
		_DS1307_GetDate
 This function uses a non-reentrant model


 *************** function _I2C_Write *****************
 Defined at:
		line 40 in file "i2c.c"
 Parameters:    Size  Location     Type
  dat             1    wreg     unsigned char 
 Auto vars:     Size  Location     Type
  dat             1    2[COMMON] unsigned char 
  i               1    3[COMMON] unsigned char 
 Return value:  Size  Location     Type
                  1    wreg      void 
 Registers used:
		wreg, status,2, status,0, pclath, cstack
 Tracked objects:
		On entry : 
		On exit  : 
		Unchanged: 
 Data sizes:     COMMON   BANK0   BANK1   BANK3   BANK2
      Params:         0       0       0       0       0
      Locals:         2       0       0       0       0
      Temps:          2       0       0       0       0
      Totals:         4       0       0       0       0
Total ram usage:        4 bytes
 Hardware stack levels used:    1
 Hardware stack levels required when called:    1
 This function calls:
		_I2C_Clock
 This function is called by:
		_DS1307_Write
 This function uses a non-reentrant model


 *************** function _I2C_Clock *****************
 Defined at:
		line 9 in file "i2c.c"
 Parameters:    Size  Location     Type
		None
 Auto vars:     Size  Location     Type
		None
 Return value:  Size  Location     Type
                  1    wreg      void 
 Registers used:
		None
 Tracked objects:
		On entry : 
		On exit  : 
		Unchanged: 
 Data sizes:     COMMON   BANK0   BANK1   BANK3   BANK2
      Params:         0       0       0       0       0
      Locals:         0       0       0       0       0
      Temps:          0       0       0       0       0
      Totals:         0       0       0       0       0
Total ram usage:        0 bytes
 Hardware stack levels used:    1
 This function calls:
		Nothing
 This function is called by:
		_DS1307_Write
		_I2C_Write
		_I2C_Ack
		_I2C_NoAck
 This function uses a non-reentrant model


 *************** function _DS1307_Read *****************
 Defined at:
		line 38 in file "DS1307.c"
 Parameters:    Size  Location     Type
		None
 Auto vars:     Size  Location     Type
		None
 Return value:  Size  Location     Type
                  1    wreg      unsigned char 
 Registers used:
		wreg, status,2, status,0, pclath, cstack
 Tracked objects:
		On entry : 
		On exit  : 
		Unchanged: 
 Data sizes:     COMMON   BANK0   BANK1   BANK3   BANK2
      Params:         0       0       0       0       0
      Locals:         0       0       0       0       0
      Temps:          0       0       0       0       0
      Totals:         0       0       0       0       0
Total ram usage:        0 bytes
 Hardware stack levels used:    1
 Hardware stack levels required when called:    1
 This function calls:
		_I2C_Read
 This function is called by:
		_DS1307_Init
		_DS1307_GetTime
		_DS1307_GetDate
 This function uses a non-reentrant model


 *************** function _I2C_Read *****************
 Defined at:
		line 54 in file "i2c.c"
 Parameters:    Size  Location     Type
		None
 Auto vars:     Size  Location     Type
  dat             1    3[COMMON] unsigned char 
  i               1    2[COMMON] unsigned char 
 Return value:  Size  Location     Type
                  1    wreg      unsigned char 
 Registers used:
		wreg, status,2, status,0
 Tracked objects:
		On entry : 
		On exit  : 
		Unchanged: 
 Data sizes:     COMMON   BANK0   BANK1   BANK3   BANK2
      Params:         0       0       0       0       0
      Locals:         2       0       0       0       0
      Temps:          2       0       0       0       0
      Totals:         4       0       0       0       0
Total ram usage:        4 bytes
 Hardware stack levels used:    1
 This function calls:
		Nothing
 This function is called by:
		_DS1307_Read
 This function uses a non-reentrant model



MODULE INFORMATION

Module		Function		Class		Link	Load	Size
C:\Program Files (x86)\Microchip\xc8\v1.37\sources\common\Umul16.c
		___wmul        		CODE           	0B72	0000	40

C:\Program Files (x86)\Microchip\xc8\v1.37\sources\common\Umul16.c estimated size: 40

i2c.c
		_I2C_Clock     		CODE           	0A8A	0000	10
		_I2C_NoAck     		CODE           	0A93	0000	11
		_I2C_Write     		CODE           	0B26	0000	39
		_I2C_Stop      		CODE           	0AB2	0000	17
		_I2C_Read      		CODE           	0BC1	0000	43
		_I2C_Init      		CODE           	0A85	0000	6
		_I2C_Ack       		CODE           	0A9D	0000	11
		_I2C_Start     		CODE           	0AC2	0000	18

i2c.c estimated size: 155

C:\Program Files (x86)\Microchip\xc8\v1.37\sources\common\awdiv.c
		___awdiv       		CODE           	0E84	0000	90

C:\Program Files (x86)\Microchip\xc8\v1.37\sources\common\awdiv.c estimated size: 90

LCDTime.c
		_showTime      		CODE           	01A7	0000	163
		_setLED        		CODE           	0C48	0000	51
		_readClock     		CODE           	0249	0000	295
		_main          		CODE           	0CB5	0000	63
		_sendLED       		CODE           	0F3A	0000	97
		_showDate      		CODE           	0110	0000	152
		_showClock     		CODE           	0AD3	0000	25
		_initLED       		CODE           	0B04	0000	35
		_doMenu        		CODE           	036F	0000	1151
		_readInputs    		CODE           	0C19	0000	48

LCDTime.c estimated size: 2080

shared
		__stringtab    		STRING         	0003	0000	7
		_monthDays     		STRING         	0025	0000	13
		__initialization		CODE           	07ED	0000	16
		_ttable        		STRING         	0009	0000	29

shared estimated size: 65

DS1307.c
		_DS1307_Read   		CODE           	0A81	0000	5
		_DS1307_Init   		CODE           	0D3E	0000	81
		_DS1307_Write  		CODE           	0AA7	0000	12
		_DS1307_GetDate		CODE           	0F9A	0000	103
		_DS1307_SetDate		CODE           	0BEB	0000	47
		_DS1307_GetTime		CODE           	0E2E	0000	87
		_DS1307_SetTime		CODE           	0B99	0000	41

DS1307.c estimated size: 376

lcd_hd44780_pic16.c
		_LCDByte       		CODE           	0D8E	0000	81
		_LCDWriteInt   		CODE           	00A8	0000	105
		_LCDInit       		CODE           	0C7A	0000	60
		_LCDWriteString		CODE           	0DDE	0000	81
		_LCDGotoXY     		CODE           	0B4C	0000	39
		_LCDBusyLoop   		CODE           	0EDD	0000	94

lcd_hd44780_pic16.c estimated size: 460

C:\Program Files (x86)\Microchip\xc8\v1.37\sources\common\awmod.c
		___awmod       		CODE           	0CF3	0000	76

C:\Program Files (x86)\Microchip\xc8\v1.37\sources\common\awmod.c estimated size: 76

