Microchip MPLAB XC8 Compiler V1.37 ()

Linker command line:

-W-3 --edf=C:\Program Files (x86)\Microchip\xc8\v1.37\dat\en_msgs.txt -cs \
  -h+dist/default/production\LCDTime.production.sym \
  --cmf=dist/default/production\LCDTime.production.cmf -z -Q16F877 \
  -oC:\Users\Dave\AppData\Local\Temp\slgk.2 \
  -Mdist/default/production/LCDTime.production.map -E1 -ver=XC8 \
  -ASTACK=0110h-016fh -pstack=STACK -ACODE=00h-07FFhx4 -ASTRCODE=00h-01FFFh \
  -ASTRING=00h-0FFhx32 -ACONST=00h-0FFhx32 -AENTRY=00h-0FFhx32 \
  -ACOMMON=070h-07Fh -ABANK0=020h-06Fh -ABANK1=0A0h-0EFh \
  -ABANK2=0110h-016Fh -ABANK3=0190h-01EFh \
  -ARAM=020h-06Fh,0A0h-0EFh,0110h-016Fh,0190h-01EFh \
  -AABS1=020h-07Fh,0A0h-0EFh,0110h-016Fh,0190h-01EFh -ASFR0=00h-01Fh \
  -ASFR1=080h-09Fh -ASFR2=0100h-010Fh -ASFR3=0180h-018Fh \
  -preset_vec=00h,intentry,init,end_init -ppowerup=CODE -pcinit=CODE \
  -pfunctab=CODE -ACONFIG=02007h-02007h -pconfig=CONFIG -DCONFIG=2 \
  -AIDLOC=02000h-02003h -pidloc=IDLOC -DIDLOC=2 -AEEDATA=00h-0FFh/02100h \
  -peeprom_data=EEDATA -DEEDATA=2 -DCODE=2 -DSTRCODE=2 -DSTRING=2 -DCONST=2 \
  -DENTRY=2 -k C:\Users\Dave\AppData\Local\Temp\slgk.obj \
  dist/default/production\LCDTime.production.obj 

Object code version is 3.11

Machine type is 16F877



                Name                               Link     Load   Length Selector   Space Scale
C:\Users\Dave\AppData\Local\Temp\slgk.obj
                end_init                              0        0        3        0       0
                config                             2007     2007        1     400E       0
dist/default/production\LCDTime.production.obj
                cinit                               7E8      7E8       18      FD0       0
                text35                              905      905        9     120A       0
                text34                              929      929       10     1252       0
                text33                              8DB      8DB        4     11B6       0
                text32                              90E      90E        D     121C       0
                text31                              8DF      8DF        6     11BE       0
                text30                              8F7      8F7        7     11EE       0
                text29                              8E5      8E5        6     11CA       0
                text28                              8EB      8EB        6     11D6       0
                text27                              8F1      8F1        6     11E2       0
                text26                              BAA      BAA       51     1754       0
                text25                              8FE      8FE        7     11FC       0
                text24                              CA3      CA3       59     1946       0
                text23                              91B      91B        E     1236       0
                text22                              D55      D55       5D     1AAA       0
                text21                              B5A      B5A       50     16B4       0
                text20                              A98      A98       3B     1530       0
                text19                              9BE      9BE       26     137C       0
                text18                              999      999       25     1332       0
                text17                              94A      94A       15     1294       0
                text16                              A33      A33       2E     1466       0
                text15                              A0B      A0B       28     1416       0
                text14                              B0F      B0F       4B     161E       0
                text13                                5        5       2F        A       0
                text12                              CFC      CFC       59     19F8       0
                text11                              9E4      9E4       27     13C8       0
                text10                              EC5      EC5      13B     1D8A       0
                text9                               E13      E13       B2     1C26       0
                text8                               AD3      AD3       3C     15A6       0
                text7                               307      307      4E1      60E       0
                text6                               DB2      DB2       61     1B64       0
                text5                               BFB      BFB       51     17F6       0
                text4                               A61      A61       37     14C2       0
                text3                               19D      19D      16A      33A       0
                text2                               C4C      C4C       57     1898       0
                text1                               977      977       22     12EE       0
                maintext                             34       34      169       68       0
                cstackBANK0                          20       20       2A       20       1
                cstackCOMMON                         70       70        E       70       1
                inittext                            939      939       11     1272       0
                dataBANK0                            4A       4A       18       20       1
                bssBANK0                             62       62        8       20       1
                strings                             800      800       AD     1000       0
                idataBANK0                          95F      95F       18     12BE       0

TOTAL           Name                               Link     Load   Length     Space
        CLASS   STACK          

        CLASS   CODE           
                end_init                              0        0        3         0
                cinit                               7E8      7E8       18         0
                text35                              905      905        9         0
                text34                              929      929       10         0
                text33                              8DB      8DB        4         0
                text32                              90E      90E        D         0
                text31                              8DF      8DF        6         0
                text30                              8F7      8F7        7         0
                text29                              8E5      8E5        6         0
                text28                              8EB      8EB        6         0
                text27                              8F1      8F1        6         0
                text26                              BAA      BAA       51         0
                text25                              8FE      8FE        7         0
                text24                              CA3      CA3       59         0
                text23                              91B      91B        E         0
                text22                              D55      D55       5D         0
                text21                              B5A      B5A       50         0
                text20                              A98      A98       3B         0
                text19                              9BE      9BE       26         0
                text18                              999      999       25         0
                text17                              94A      94A       15         0
                text16                              A33      A33       2E         0
                text15                              A0B      A0B       28         0
                text14                              B0F      B0F       4B         0
                text13                                5        5       2F         0
                text12                              CFC      CFC       59         0
                text11                              9E4      9E4       27         0
                text10                              EC5      EC5      13B         0
                text9                               E13      E13       B2         0
                text8                               AD3      AD3       3C         0
                text7                               307      307      4E1         0
                text6                               DB2      DB2       61         0
                text5                               BFB      BFB       51         0
                text4                               A61      A61       37         0
                text3                               19D      19D      16A         0
                text2                               C4C      C4C       57         0
                text1                               977      977       22         0
                maintext                             34       34      169         0
                inittext                            939      939       11         0
                idataBANK0                          95F      95F       18         0

        CLASS   STRCODE        

        CLASS   STRING         
                strings                             800      800       AD         0

        CLASS   CONST          

        CLASS   ENTRY          

        CLASS   COMMON         
                cstackCOMMON                         70       70        E         1

        CLASS   BANK0          
                cstackBANK0                          20       20       2A         1
                dataBANK0                            4A       4A       18         1
                bssBANK0                             62       62        8         1

        CLASS   BANK1          

        CLASS   BANK2          

        CLASS   BANK3          

        CLASS   RAM            

        CLASS   ABS1           
                abs_s1                               7E       7E        2         1

        CLASS   SFR0           

        CLASS   SFR1           

        CLASS   SFR2           

        CLASS   SFR3           

        CLASS   CONFIG         
                config                             2007     2007        1         0

        CLASS   IDLOC          

        CLASS   EEDATA         



SEGMENTS        Name                           Load    Length   Top    Selector   Space  Class     Delta

                reset_vec                      000000  000003  000003         0       0  CODE        2
                text13                         000005  00002F  000034         A       0  CODE        2
                cstackBANK0                    000020  00004A  00006A        20       1  BANK0       1
                maintext                       000034  000169  00019D        68       0  CODE        2
                cstackCOMMON                   000070  00000E  00007E        70       1  COMMON      1
                text3                          00019D  00016A  000307       33A       0  CODE        2
                text7                          000307  0004E1  0007E8       60E       0  CODE        2
                cinit                          0007E8  000018  000800       FD0       0  CODE        2
                strings                        000800  0000AD  0008AD      1000       0  STRING      2
                text33                         0008DB  000004  0008DF      11B6       0  CODE        2
                text31                         0008DF  000006  0008E5      11BE       0  CODE        2
                text29                         0008E5  000006  0008EB      11CA       0  CODE        2
                text28                         0008EB  000006  0008F1      11D6       0  CODE        2
                text27                         0008F1  000006  0008F7      11E2       0  CODE        2
                text30                         0008F7  000007  0008FE      11EE       0  CODE        2
                text25                         0008FE  000007  000905      11FC       0  CODE        2
                text35                         000905  000009  00090E      120A       0  CODE        2
                text32                         00090E  00000D  00091B      121C       0  CODE        2
                text23                         00091B  00000E  000929      1236       0  CODE        2
                text34                         000929  000010  000939      1252       0  CODE        2
                inittext                       000939  000011  00094A      1272       0  CODE        2
                text17                         00094A  000015  00095F      1294       0  CODE        2
                idataBANK0                     00095F  000018  000977      12BE       0  CODE        2
                text1                          000977  000022  000999      12EE       0  CODE        2
                text18                         000999  000025  0009BE      1332       0  CODE        2
                text19                         0009BE  000026  0009E4      137C       0  CODE        2
                text11                         0009E4  000027  000A0B      13C8       0  CODE        2
                text15                         000A0B  000028  000A33      1416       0  CODE        2
                text16                         000A33  00002E  000A61      1466       0  CODE        2
                text4                          000A61  000037  000A98      14C2       0  CODE        2
                text20                         000A98  00003B  000AD3      1530       0  CODE        2
                text8                          000AD3  00003C  000B0F      15A6       0  CODE        2
                text14                         000B0F  00004B  000B5A      161E       0  CODE        2
                text21                         000B5A  000050  000BAA      16B4       0  CODE        2
                text26                         000BAA  000051  000BFB      1754       0  CODE        2
                text5                          000BFB  000051  000C4C      17F6       0  CODE        2
                text2                          000C4C  000057  000CA3      1898       0  CODE        2
                text24                         000CA3  000059  000CFC      1946       0  CODE        2
                text12                         000CFC  000059  000D55      19F8       0  CODE        2
                text22                         000D55  00005D  000DB2      1AAA       0  CODE        2
                text6                          000DB2  000061  000E13      1B64       0  CODE        2
                text9                          000E13  0000B2  000EC5      1C26       0  CODE        2
                text10                         000EC5  00013B  001000      1D8A       0  CODE        2
                config                         002007  000001  002008      400E       0  CONFIG      2


UNUSED ADDRESS RANGES

        Name                Unused          Largest block    Delta
        BANK0            006A-006F              6           1
        BANK1            00A0-00EF             50           1
        BANK2            0110-016F             60           1
        BANK3            0190-01EF             60           1
        CODE             0003-0004              2           2
                         08AD-08DA             2E
                         1000-1FFF            800
        CONST            0003-0004              2           2
                         08AD-08DA             2E
                         1000-1FFF            100
        EEDATA           2100-21FF            100           2
        ENTRY            0003-0004              2           2
                         08AD-08DA             2E
                         1000-1FFF            100
        IDLOC            2000-2003              4           2
        RAM              006A-006F              6           1
                         00A0-00EF             50
                         0110-016F             60
                         0190-01EF             60
        SFR0             0000-001F             20           1
        SFR1             0080-009F             20           1
        SFR2             0100-010F             10           1
        SFR3             0180-018F             10           1
        STACK            0110-016F             60           1
        STRCODE          0003-0004              2           2
                         08AD-08DA             2E
                         1000-1FFF           1000
        STRING           0003-0004              2           2
                         08AD-08DA             2E
                         1000-1FFF            100

                                  Symbol Table

?___awdiv                 cstackCOMMON 0070
?___awmod                 cstackCOMMON 0070
?___wmul                  cstackCOMMON 0079
DS1307_GetDate@d_ptr      cstackCOMMON 0072
DS1307_GetDate@m_ptr      cstackCOMMON 0073
DS1307_GetDate@n_ptr      cstackCOMMON 0076
DS1307_GetDate@y_ptr      cstackCOMMON 0074
DS1307_GetTime@h_ptr      cstackCOMMON 0075
DS1307_GetTime@m_ptr      cstackCOMMON 0072
DS1307_GetTime@s_ptr      cstackCOMMON 0073
DS1307_Init@s             cstackCOMMON 0073
DS1307_SetDate@dd         cstackCOMMON 0072
DS1307_SetDate@mm         cstackCOMMON 0073
DS1307_SetDate@nn         cstackCOMMON 0075
DS1307_SetDate@yy         cstackCOMMON 0074
DS1307_SetTime@hh         cstackCOMMON 0074
DS1307_SetTime@mm         cstackCOMMON 0072
DS1307_SetTime@ss         cstackCOMMON 0073
DS1307_Write@dat          cstackCOMMON 0071
DS1307_readRam@length     cstackCOMMON 0074
DS1307_readRam@offset     cstackCOMMON 0072
DS1307_readRam@ptr        cstackCOMMON 0078
DS1307_writeRam@length    cstackCOMMON 0074
DS1307_writeRam@offset    cstackCOMMON 0072
DS1307_writeRam@ptr       cstackCOMMON 0078
I2C_Read@temp             cstackCOMMON 0071
I2C_Write@dat             cstackCOMMON 0070
LCDBusyLoop@busy          cstackCOMMON 0072
LCDBusyLoop@status        cstackCOMMON 0074
LCDBusyLoop@temp          cstackCOMMON 0073
LCDByte@c                 cstackCOMMON 007A
LCDByte@hn                cstackCOMMON 0078
LCDByte@isdata            cstackCOMMON 0075
LCDByte@ln                cstackCOMMON 0079
LCDByte@temp              cstackCOMMON 007B
LCDGotoXY@x               cstackBANK0  0020
LCDGotoXY@y               cstackCOMMON 007C
LCDInit@style             cstackBANK0  0020
LCDWriteInt@F1142         dataBANK0    004A
LCDWriteInt@c             cstackBANK0  0032
LCDWriteInt@characters    cstackBANK0  0028
LCDWriteInt@field_length  cstackBANK0  0024
LCDWriteInt@from          cstackBANK0  0030
LCDWriteInt@str           cstackBANK0  002A
LCDWriteInt@val           cstackBANK0  0022
LCDWriteString@msg        cstackCOMMON 007C
_ACKDT                    (abs)        048D
_ACKEN                    (abs)        048C
_BF                       (abs)        04A0
_DS1307_GetDate           text6        0DB2
_DS1307_GetTime           text5        0BFB
_DS1307_Init              text26       0BAA
_DS1307_Read              text33       08DB
_DS1307_SetDate           text16       0A33
_DS1307_SetTime           text15       0A0B
_DS1307_Write             text31       08DF
_DS1307_readRam           text24       0CA3
_DS1307_writeRam          text4        0A61
_I2C_Ack                  text25       08FE
_I2C_Init                 text23       091B
_I2C_NoAck                text30       08F7
_I2C_Read                 text34       0929
_I2C_Restart              text29       08E5
_I2C_Start                text28       08EB
_I2C_Stop                 text27       08F1
_I2C_Wait                 text35       0905
_I2C_Write                text32       090E
_LCDBusyLoop              text22       0D55
_LCDByte                  text21       0B5A
_LCDGotoXY                text19       09BE
_LCDInit                  text20       0A98
_LCDWriteInt              text10       0EC5
_LCDWriteString           text18       0999
_PEN                      (abs)        048A
_PORTD                    (abs)        0008
_RB1                      (abs)        0031
_RB2                      (abs)        0032
_RB4                      (abs)        0034
_RB5                      (abs)        0035
_RCEN                     (abs)        048B
_RD2                      (abs)        0042
_RD3                      (abs)        0043
_RSEN                     (abs)        0489
_SEN                      (abs)        0488
_SSPADD                   (abs)        0093
_SSPBUF                   (abs)        0013
_SSPCON                   (abs)        0014
_SSPCON2                  (abs)        0091
_SSPSTAT                  (abs)        0094
_TRISBbits                (abs)        0086
_TRISC3                   (abs)        043B
_TRISC4                   (abs)        043C
_TRISD                    (abs)        0088
_TRISDbits                (abs)        0088
__CFG_BOREN$OFF           (abs)        0000
__CFG_CP$OFF              (abs)        0000
__CFG_CPD$OFF             (abs)        0000
__CFG_FOSC$XT             (abs)        0000
__CFG_LVP$ON              (abs)        0000
__CFG_PWRTE$ON            (abs)        0000
__CFG_WDTE$OFF            (abs)        0000
__CFG_WRT$ON              (abs)        0000
__Habs1                   abs1         0000
__Hbank0                  bank0        0000
__Hbank1                  bank1        0000
__Hbank2                  bank2        0000
__Hbank3                  bank3        0000
__HbssBANK0               bssBANK0     0000
__Hcinit                  cinit        0800
__Hclrtext                clrtext      0000
__Hcode                   code         0000
__Hcommon                 common       0000
__Hconfig                 config       2008
__HcstackBANK0            cstackBANK0  0000
__HcstackCOMMON           cstackCOMMON 0000
__HdataBANK0              dataBANK0    0000
__Heeprom_data            eeprom_data  0000
__Hend_init               end_init     0003
__Hfunctab                functab      0000
__HidataBANK0             idataBANK0   0000
__Hidloc                  idloc        0000
__Hinit                   init         0000
__Hinittext               inittext     0000
__Hintentry               intentry     0000
__Hmaintext               maintext     0000
__Hpowerup                powerup      0000
__Hram                    ram          0000
__Hreset_vec              reset_vec    0000
__Hsfr0                   sfr0         0000
__Hsfr1                   sfr1         0000
__Hsfr2                   sfr2         0000
__Hsfr3                   sfr3         0000
__Hspace_0                (abs)        2008
__Hspace_1                (abs)        007E
__Hspace_2                (abs)        0000
__Hspace_3                (abs)        0000
__Hstack                  stack        0000
__Hstrings                strings      0000
__Htext                   text         0000
__Labs1                   abs1         0000
__Lbank0                  bank0        0000
__Lbank1                  bank1        0000
__Lbank2                  bank2        0000
__Lbank3                  bank3        0000
__LbssBANK0               bssBANK0     0000
__Lcinit                  cinit        07E8
__Lclrtext                clrtext      0000
__Lcode                   code         0000
__Lcommon                 common       0000
__Lconfig                 config       2007
__LcstackBANK0            cstackBANK0  0000
__LcstackCOMMON           cstackCOMMON 0000
__LdataBANK0              dataBANK0    0000
__Leeprom_data            eeprom_data  0000
__Lend_init               end_init     0000
__Lfunctab                functab      0000
__LidataBANK0             idataBANK0   0000
__Lidloc                  idloc        0000
__Linit                   init         0000
__Linittext               inittext     0000
__Lintentry               intentry     0000
__Lmaintext               maintext     0000
__Lpowerup                powerup      0000
__Lram                    ram          0000
__Lreset_vec              reset_vec    0000
__Lsfr0                   sfr0         0000
__Lsfr1                   sfr1         0000
__Lsfr2                   sfr2         0000
__Lsfr3                   sfr3         0000
__Lspace_0                (abs)        0000
__Lspace_1                (abs)        0000
__Lspace_2                (abs)        0000
__Lspace_3                (abs)        0000
__Lstack                  stack        0000
__Lstrings                strings      0000
__Ltext                   text         0000
__S0                      (abs)        2008
__S1                      (abs)        007E
__S2                      (abs)        0000
__S3                      (abs)        0000
___awdiv                  text12       0CFC
___awdiv@counter          cstackCOMMON 0075
___awdiv@dividend         cstackCOMMON 0072
___awdiv@divisor          cstackCOMMON 0070
___awdiv@quotient         cstackCOMMON 0077
___awdiv@sign             cstackCOMMON 0076
___awmod                  text14       0B0F
___awmod@counter          cstackCOMMON 0075
___awmod@dividend         cstackCOMMON 0072
___awmod@divisor          cstackCOMMON 0070
___awmod@sign             cstackCOMMON 0076
___int_sp                 stack        0000
___latbits                (abs)        0002
___sp                     stack        0000
___wmul                   text11       09E4
___wmul@multiplicand      cstackCOMMON 007B
___wmul@multiplier        cstackCOMMON 0079
___wmul@product           cstackBANK0  0020
__end_of_DS1307_GetDate   text6        0E13
__end_of_DS1307_GetTime   text5        0C4C
__end_of_DS1307_Init      text26       0BFB
__end_of_DS1307_Read      text33       08DF
__end_of_DS1307_SetDate   text16       0A61
__end_of_DS1307_SetTime   text15       0A33
__end_of_DS1307_Write     text31       08E5
__end_of_DS1307_readRam   text24       0CFC
__end_of_DS1307_writeRam  text4        0A98
__end_of_I2C_Ack          text25       0905
__end_of_I2C_Init         text23       0929
__end_of_I2C_NoAck        text30       08FE
__end_of_I2C_Read         text34       0939
__end_of_I2C_Restart      text29       08EB
__end_of_I2C_Start        text28       08F1
__end_of_I2C_Stop         text27       08F7
__end_of_I2C_Wait         text35       090E
__end_of_I2C_Write        text32       091B
__end_of_LCDBusyLoop      text22       0DB2
__end_of_LCDByte          text21       0BAA
__end_of_LCDGotoXY        text19       09E4
__end_of_LCDInit          text20       0AD3
__end_of_LCDWriteInt      text10       1000
__end_of_LCDWriteString   text18       09BE
__end_of___awdiv          text12       0D55
__end_of___awmod          text14       0B5A
__end_of___wmul           text11       0A0B
__end_of__initialization  cinit        07FC
__end_of__stringtab       strings      0810
__end_of_clearPrompt      text17       095F
__end_of_daysOfTheWeek    strings      0842
__end_of_doMenu           text7        07E8
__end_of_main             maintext     019D
__end_of_monthDays        strings      084E
__end_of_readClock        text3        0307
__end_of_readInputs       text13       0034
__end_of_setText          strings      0853
__end_of_showClock        text1        0999
__end_of_showDate         text9        0EC5
__end_of_showRunningTime  text2        0CA3
__end_of_showTime         text8        0B0F
__end_of_ttable           strings      082C
__initialization          cinit        07E8
__pbssBANK0               bssBANK0     0062
__pcstackBANK0            cstackBANK0  0020
__pcstackCOMMON           cstackCOMMON 0070
__pdataBANK0              dataBANK0    004A
__pidataBANK0             idataBANK0   095F
__pmaintext               maintext     0034
__pstrings                strings      0800
__ptext1                  text1        0977
__ptext10                 text10       0EC5
__ptext11                 text11       09E4
__ptext12                 text12       0CFC
__ptext13                 text13       0005
__ptext14                 text14       0B0F
__ptext15                 text15       0A0B
__ptext16                 text16       0A33
__ptext17                 text17       094A
__ptext18                 text18       0999
__ptext19                 text19       09BE
__ptext2                  text2        0C4C
__ptext20                 text20       0A98
__ptext21                 text21       0B5A
__ptext22                 text22       0D55
__ptext23                 text23       091B
__ptext24                 text24       0CA3
__ptext25                 text25       08FE
__ptext26                 text26       0BAA
__ptext27                 text27       08F1
__ptext28                 text28       08EB
__ptext29                 text29       08E5
__ptext3                  text3        019D
__ptext30                 text30       08F7
__ptext31                 text31       08DF
__ptext32                 text32       090E
__ptext33                 text33       08DB
__ptext34                 text34       0929
__ptext35                 text35       0905
__ptext4                  text4        0A61
__ptext5                  text5        0BFB
__ptext6                  text6        0DB2
__ptext7                  text7        0307
__ptext8                  text8        0AD3
__ptext9                  text9        0E13
__size_of_DS1307_GetDate  (abs)        0000
__size_of_DS1307_GetTime  (abs)        0000
__size_of_DS1307_Init     (abs)        0000
__size_of_DS1307_Read     (abs)        0000
__size_of_DS1307_SetDate  (abs)        0000
__size_of_DS1307_SetTime  (abs)        0000
__size_of_DS1307_Write    (abs)        0000
__size_of_DS1307_readRam  (abs)        0000
__size_of_DS1307_writeRam (abs)        0000
__size_of_I2C_Ack         (abs)        0000
__size_of_I2C_Init        (abs)        0000
__size_of_I2C_NoAck       (abs)        0000
__size_of_I2C_Read        (abs)        0000
__size_of_I2C_Restart     (abs)        0000
__size_of_I2C_Start       (abs)        0000
__size_of_I2C_Stop        (abs)        0000
__size_of_I2C_Wait        (abs)        0000
__size_of_I2C_Write       (abs)        0000
__size_of_LCDBusyLoop     (abs)        0000
__size_of_LCDByte         (abs)        0000
__size_of_LCDGotoXY       (abs)        0000
__size_of_LCDInit         (abs)        0000
__size_of_LCDWriteInt     (abs)        0000
__size_of_LCDWriteString  (abs)        0000
__size_of___awdiv         (abs)        0000
__size_of___awmod         (abs)        0000
__size_of___wmul          (abs)        0000
__size_of_clearPrompt     (abs)        0000
__size_of_doMenu          (abs)        0000
__size_of_main            (abs)        0000
__size_of_readClock       (abs)        0000
__size_of_readInputs      (abs)        0000
__size_of_showClock       (abs)        0000
__size_of_showDate        (abs)        0000
__size_of_showRunningTime (abs)        0000
__size_of_showTime        (abs)        0000
__stringbase              strings      080F
__stringtab               strings      0800
_bButton                  bssBANK0     0064
_clearPrompt              text17       094A
_date                     dataBANK0    0050
_day                      dataBANK0    0052
_daysOfTheWeek            strings      082C
_doMenu                   text7        0307
_hour                     dataBANK0    0054
_last_hour                dataBANK0    0060
_main                     maintext     0034
_menuFunction             dataBANK0    0061
_minute                   dataBANK0    0056
_month                    dataBANK0    0058
_monthDays                strings      0842
_next_menu_clear          bssBANK0     0062
_readClock                text3        019D
_readInputs               text13       0005
_runningHours             bssBANK0     0066
_runningMinute            dataBANK0    005A
_runningMinutes           bssBANK0     0068
_seconds                  dataBANK0    005C
_setText                  strings      084E
_showClock                text1        0977
_showDate                 text9        0E13
_showRunningTime          text2        0C4C
_showRunningTime$739      cstackBANK0  0033
_showTime                 text8        0AD3
_state                    bssBANK0     0065
_ttable                   strings      0810
_year                     dataBANK0    005E
btemp                     (abs)        007E
doMenu@d                  cstackBANK0  0041
doMenu@h                  cstackBANK0  0039
doMenu@m                  cstackBANK0  003B
doMenu@m_311              cstackBANK0  0043
doMenu@n                  cstackBANK0  003F
doMenu@s                  cstackBANK0  003D
doMenu@y                  cstackBANK0  0045
end_of_initialization     cinit        07FC
init_fetch0               inittext     0939
init_ram0                 inittext     093D
intlevel0                 functab      0000
intlevel1                 functab      0000
intlevel2                 functab      0000
intlevel3                 functab      0000
intlevel4                 functab      0000
intlevel5                 functab      0000
ltemp                     (abs)        007E
ltemp0                    (abs)        007E
ltemp1                    (abs)        0082
ltemp2                    (abs)        0086
ltemp3                    (abs)        0080
readClock@a               cstackBANK0  0026
readClock@b               cstackBANK0  0027
readClock@c               cstackBANK0  0028
readClock@n               cstackBANK0  0025
readInputs@pinstate       cstackCOMMON 0073
reset_vec                 reset_vec    0000
showDate@d                cstackBANK0  0034
stackhi                   (abs)        0000
stacklo                   (abs)        0000
start                     init         0000
start_initialization      cinit        07E8
ttemp                     (abs)        007E
ttemp0                    (abs)        007E
ttemp1                    (abs)        0081
ttemp2                    (abs)        0084
ttemp3                    (abs)        0087
ttemp4                    (abs)        007F
wtemp                     (abs)        007E
wtemp0                    (abs)        007E
wtemp1                    (abs)        0080
wtemp2                    (abs)        0082
wtemp3                    (abs)        0084
wtemp4                    (abs)        0086
wtemp5                    (abs)        0088
wtemp6                    (abs)        007F


FUNCTION INFORMATION:

 *************** function _main *****************
 Defined at:
		line 61 in file "LCDTime.c"
 Parameters:    Size  Location     Type
		None
 Auto vars:     Size  Location     Type
		None
 Return value:  Size  Location     Type
                  1    wreg      void 
 Registers used:
		wreg, fsr0l, fsr0h, status,2, status,0, btemp+1, pclath, cstack
 Tracked objects:
		On entry : 
		On exit  : 
		Unchanged: 
 Data sizes:     COMMON   BANK0   BANK1   BANK3   BANK2
      Params:         0       0       0       0       0
      Locals:         0       0       0       0       0
      Temps:          0       3       0       0       0
      Totals:         0       3       0       0       0
Total ram usage:        3 bytes
 Hardware stack levels required when called:    6
 This function calls:
		_DS1307_Init
		_DS1307_readRam
		_I2C_Init
		_LCDByte
		_LCDGotoXY
		_LCDInit
		_LCDWriteInt
		_LCDWriteString
		___wmul
		_clearPrompt
		_doMenu
		_readClock
		_readInputs
		_showClock
 This function is called by:
		Startup code after reset
 This function uses a non-reentrant model


 *************** function _showClock *****************
 Defined at:
		line 483 in file "LCDTime.c"
 Parameters:    Size  Location     Type
		None
 Auto vars:     Size  Location     Type
		None
 Return value:  Size  Location     Type
                  1    wreg      void 
 Registers used:
		wreg, fsr0l, fsr0h, status,2, status,0, btemp+1, pclath, cstack
 Tracked objects:
		On entry : 
		On exit  : 
		Unchanged: 
 Data sizes:     COMMON   BANK0   BANK1   BANK3   BANK2
      Params:         0       0       0       0       0
      Locals:         0       0       0       0       0
      Temps:          0       0       0       0       0
      Totals:         0       0       0       0       0
Total ram usage:        0 bytes
 Hardware stack levels used:    1
 Hardware stack levels required when called:    5
 This function calls:
		_LCDGotoXY
		_showDate
		_showRunningTime
		_showTime
 This function is called by:
		_main
 This function uses a non-reentrant model


 *************** function _showRunningTime *****************
 Defined at:
		line 529 in file "LCDTime.c"
 Parameters:    Size  Location     Type
		None
 Auto vars:     Size  Location     Type
		None
 Return value:  Size  Location     Type
                  1    wreg      void 
 Registers used:
		wreg, fsr0l, fsr0h, status,2, status,0, btemp+1, pclath, cstack
 Tracked objects:
		On entry : 
		On exit  : 
		Unchanged: 
 Data sizes:     COMMON   BANK0   BANK1   BANK3   BANK2
      Params:         0       0       0       0       0
      Locals:         0       2       0       0       0
      Temps:          0       0       0       0       0
      Totals:         0       2       0       0       0
Total ram usage:        2 bytes
 Hardware stack levels used:    1
 Hardware stack levels required when called:    4
 This function calls:
		_LCDByte
		_LCDGotoXY
		_LCDWriteInt
		___awdiv
		___awmod
 This function is called by:
		_showClock
 This function uses a non-reentrant model


 *************** function _readClock *****************
 Defined at:
		line 443 in file "LCDTime.c"
 Parameters:    Size  Location     Type
		None
 Auto vars:     Size  Location     Type
  c               1    8[BANK0 ] unsigned char 
  b               1    7[BANK0 ] unsigned char 
  a               1    6[BANK0 ] unsigned char 
  n               1    5[BANK0 ] unsigned char 
 Return value:  Size  Location     Type
                  1    wreg      void 
 Registers used:
		wreg, fsr0l, fsr0h, status,2, status,0, btemp+1, pclath, cstack
 Tracked objects:
		On entry : 
		On exit  : 
		Unchanged: 
 Data sizes:     COMMON   BANK0   BANK1   BANK3   BANK2
      Params:         0       0       0       0       0
      Locals:         0       4       0       0       0
      Temps:          0       3       0       0       0
      Totals:         0       7       0       0       0
Total ram usage:        7 bytes
 Hardware stack levels used:    1
 Hardware stack levels required when called:    4
 This function calls:
		_DS1307_GetDate
		_DS1307_GetTime
		_DS1307_writeRam
		___awdiv
		___wmul
 This function is called by:
		_main
 This function uses a non-reentrant model


 *************** function _DS1307_writeRam *****************
 Defined at:
		line 108 in file "DS1307.c"
 Parameters:    Size  Location     Type
  ptr             1    wreg     PTR unsigned char 
		 -> runningHours(2), runningMinutes(2), 
  offset          2    2[COMMON] int 
  length          2    4[COMMON] int 
 Auto vars:     Size  Location     Type
  ptr             1    8[COMMON] PTR unsigned char 
		 -> runningHours(2), runningMinutes(2), 
 Return value:  Size  Location     Type
                  1    wreg      void 
 Registers used:
		wreg, fsr0l, fsr0h, status,2, status,0, btemp+1, pclath, cstack
 Tracked objects:
		On entry : 
		On exit  : 
		Unchanged: 
 Data sizes:     COMMON   BANK0   BANK1   BANK3   BANK2
      Params:         4       0       0       0       0
      Locals:         1       0       0       0       0
      Temps:          2       0       0       0       0
      Totals:         7       0       0       0       0
Total ram usage:        7 bytes
 Hardware stack levels used:    1
 Hardware stack levels required when called:    3
 This function calls:
		_DS1307_Write
		_I2C_Start
		_I2C_Stop
 This function is called by:
		_readClock
 This function uses a non-reentrant model


 *************** function _DS1307_GetTime *****************
 Defined at:
		line 68 in file "DS1307.c"
 Parameters:    Size  Location     Type
  h_ptr           1    wreg     PTR unsigned char 
		 -> readClock@a(1), 
  m_ptr           1    2[COMMON] PTR unsigned char 
		 -> readClock@b(1), 
  s_ptr           1    3[COMMON] PTR unsigned char 
		 -> readClock@c(1), 
 Auto vars:     Size  Location     Type
  h_ptr           1    5[COMMON] PTR unsigned char 
		 -> readClock@a(1), 
 Return value:  Size  Location     Type
                  1    wreg      void 
 Registers used:
		wreg, fsr0l, fsr0h, status,2, status,0, pclath, cstack
 Tracked objects:
		On entry : 
		On exit  : 
		Unchanged: 
 Data sizes:     COMMON   BANK0   BANK1   BANK3   BANK2
      Params:         2       0       0       0       0
      Locals:         1       0       0       0       0
      Temps:          1       0       0       0       0
      Totals:         4       0       0       0       0
Total ram usage:        4 bytes
 Hardware stack levels used:    1
 Hardware stack levels required when called:    3
 This function calls:
		_DS1307_Read
		_DS1307_Write
		_I2C_Ack
		_I2C_NoAck
		_I2C_Restart
		_I2C_Start
		_I2C_Stop
 This function is called by:
		_readClock
 This function uses a non-reentrant model


 *************** function _DS1307_GetDate *****************
 Defined at:
		line 81 in file "DS1307.c"
 Parameters:    Size  Location     Type
  n_ptr           1    wreg     PTR unsigned char 
		 -> readClock@n(1), 
  d_ptr           1    2[COMMON] PTR unsigned char 
		 -> readClock@a(1), 
  m_ptr           1    3[COMMON] PTR unsigned char 
		 -> readClock@b(1), 
  y_ptr           1    4[COMMON] PTR unsigned char 
		 -> readClock@c(1), 
 Auto vars:     Size  Location     Type
  n_ptr           1    6[COMMON] PTR unsigned char 
		 -> readClock@n(1), 
 Return value:  Size  Location     Type
                  1    wreg      void 
 Registers used:
		wreg, fsr0l, fsr0h, status,2, status,0, pclath, cstack
 Tracked objects:
		On entry : 
		On exit  : 
		Unchanged: 
 Data sizes:     COMMON   BANK0   BANK1   BANK3   BANK2
      Params:         3       0       0       0       0
      Locals:         1       0       0       0       0
      Temps:          1       0       0       0       0
      Totals:         5       0       0       0       0
Total ram usage:        5 bytes
 Hardware stack levels used:    1
 Hardware stack levels required when called:    3
 This function calls:
		_DS1307_Read
		_DS1307_Write
		_I2C_Ack
		_I2C_NoAck
		_I2C_Restart
		_I2C_Start
		_I2C_Stop
 This function is called by:
		_readClock
 This function uses a non-reentrant model


 *************** function _doMenu *****************
 Defined at:
		line 150 in file "LCDTime.c"
 Parameters:    Size  Location     Type
		None
 Auto vars:     Size  Location     Type
  y               2   37[BANK0 ] int 
  m               2   35[BANK0 ] int 
  d               2   33[BANK0 ] int 
  n               2   31[BANK0 ] int 
  s               2   29[BANK0 ] int 
  m               2   27[BANK0 ] int 
  h               2   25[BANK0 ] int 
 Return value:  Size  Location     Type
                  1    wreg      void 
 Registers used:
		wreg, fsr0l, fsr0h, status,2, status,0, btemp+1, pclath, cstack
 Tracked objects:
		On entry : 
		On exit  : 
		Unchanged: 
 Data sizes:     COMMON   BANK0   BANK1   BANK3   BANK2
      Params:         0       0       0       0       0
      Locals:         0      14       0       0       0
      Temps:          0       3       0       0       0
      Totals:         0      17       0       0       0
Total ram usage:       17 bytes
 Hardware stack levels used:    1
 Hardware stack levels required when called:    5
 This function calls:
		_DS1307_SetDate
		_DS1307_SetTime
		_LCDByte
		_LCDGotoXY
		_LCDWriteString
		___awdiv
		___awmod
		_readInputs
		_showDate
		_showTime
 This function is called by:
		_main
 This function uses a non-reentrant model


 *************** function _showTime *****************
 Defined at:
		line 497 in file "LCDTime.c"
 Parameters:    Size  Location     Type
		None
 Auto vars:     Size  Location     Type
		None
 Return value:  Size  Location     Type
                  1    wreg      void 
 Registers used:
		wreg, fsr0l, fsr0h, status,2, status,0, btemp+1, pclath, cstack
 Tracked objects:
		On entry : 
		On exit  : 
		Unchanged: 
 Data sizes:     COMMON   BANK0   BANK1   BANK3   BANK2
      Params:         0       0       0       0       0
      Locals:         0       0       0       0       0
      Temps:          0       1       0       0       0
      Totals:         0       1       0       0       0
Total ram usage:        1 bytes
 Hardware stack levels used:    1
 Hardware stack levels required when called:    4
 This function calls:
		_LCDByte
		_LCDWriteInt
 This function is called by:
		_doMenu
		_showClock
 This function uses a non-reentrant model


 *************** function _showDate *****************
 Defined at:
		line 511 in file "LCDTime.c"
 Parameters:    Size  Location     Type
		None
 Auto vars:     Size  Location     Type
  d               2   20[BANK0 ] int 
 Return value:  Size  Location     Type
                  1    wreg      void 
 Registers used:
		wreg, fsr0l, fsr0h, status,2, status,0, btemp+1, pclath, cstack
 Tracked objects:
		On entry : 
		On exit  : 
		Unchanged: 
 Data sizes:     COMMON   BANK0   BANK1   BANK3   BANK2
      Params:         0       0       0       0       0
      Locals:         0       2       0       0       0
      Temps:          0       1       0       0       0
      Totals:         0       3       0       0       0
Total ram usage:        3 bytes
 Hardware stack levels used:    1
 Hardware stack levels required when called:    4
 This function calls:
		_LCDByte
		_LCDWriteInt
		___wmul
 This function is called by:
		_doMenu
		_showClock
 This function uses a non-reentrant model


 *************** function _LCDWriteInt *****************
 Defined at:
		line 235 in file "lcd_hd44780_pic16.c"
 Parameters:    Size  Location     Type
  val             2    2[BANK0 ] int 
  field_length    1    4[BANK0 ] char 
 Auto vars:     Size  Location     Type
  str             6   10[BANK0 ] unsigned char [6]
  from            2   16[BANK0 ] int 
  characters      2    8[BANK0 ] int 
  c               1   18[BANK0 ] unsigned char 
 Return value:  Size  Location     Type
                  1    wreg      void 
 Registers used:
		wreg, fsr0l, fsr0h, status,2, status,0, btemp+1, pclath, cstack
 Tracked objects:
		On entry : 
		On exit  : 
		Unchanged: 
 Data sizes:     COMMON   BANK0   BANK1   BANK3   BANK2
      Params:         0       3       0       0       0
      Locals:         0      11       0       0       0
      Temps:          0       3       0       0       0
      Totals:         0      17       0       0       0
Total ram usage:       17 bytes
 Hardware stack levels used:    1
 Hardware stack levels required when called:    3
 This function calls:
		_LCDWriteString
		___awdiv
		___wmul
 This function is called by:
		_main
		_showTime
		_showDate
		_showRunningTime
 This function uses a non-reentrant model


 *************** function ___wmul *****************
 Defined at:
		line 15 in file "C:\Program Files (x86)\Microchip\xc8\v1.37\sources\common\Umul16.c"
 Parameters:    Size  Location     Type
  multiplier      2    9[COMMON] unsigned int 
  multiplicand    2   11[COMMON] unsigned int 
 Auto vars:     Size  Location     Type
  product         2    0[BANK0 ] unsigned int 
 Return value:  Size  Location     Type
                  2    9[COMMON] unsigned int 
 Registers used:
		wreg, status,2, status,0
 Tracked objects:
		On entry : 
		On exit  : 
		Unchanged: 
 Data sizes:     COMMON   BANK0   BANK1   BANK3   BANK2
      Params:         4       0       0       0       0
      Locals:         0       2       0       0       0
      Temps:          0       0       0       0       0
      Totals:         4       2       0       0       0
Total ram usage:        6 bytes
 Hardware stack levels used:    1
 This function calls:
		Nothing
 This function is called by:
		_LCDWriteInt
		_main
		_readClock
		_showDate
 This function uses a non-reentrant model


 *************** function ___awdiv *****************
 Defined at:
		line 6 in file "C:\Program Files (x86)\Microchip\xc8\v1.37\sources\common\awdiv.c"
 Parameters:    Size  Location     Type
  divisor         2    0[COMMON] int 
  dividend        2    2[COMMON] int 
 Auto vars:     Size  Location     Type
  quotient        2    7[COMMON] int 
  sign            1    6[COMMON] unsigned char 
  counter         1    5[COMMON] unsigned char 
 Return value:  Size  Location     Type
                  2    0[COMMON] int 
 Registers used:
		wreg, status,2, status,0
 Tracked objects:
		On entry : 
		On exit  : 
		Unchanged: 
 Data sizes:     COMMON   BANK0   BANK1   BANK3   BANK2
      Params:         4       0       0       0       0
      Locals:         4       0       0       0       0
      Temps:          1       0       0       0       0
      Totals:         9       0       0       0       0
Total ram usage:        9 bytes
 Hardware stack levels used:    1
 This function calls:
		Nothing
 This function is called by:
		_LCDWriteInt
		_doMenu
		_readClock
		_showRunningTime
 This function uses a non-reentrant model


 *************** function _readInputs *****************
 Defined at:
		line 423 in file "LCDTime.c"
 Parameters:    Size  Location     Type
		None
 Auto vars:     Size  Location     Type
  pinstate        1    3[COMMON] unsigned char 
 Return value:  Size  Location     Type
                  1    wreg      void 
 Registers used:
		wreg, fsr0l, fsr0h, status,2, status,0, pclath
 Tracked objects:
		On entry : 
		On exit  : 
		Unchanged: 
 Data sizes:     COMMON   BANK0   BANK1   BANK3   BANK2
      Params:         0       0       0       0       0
      Locals:         1       0       0       0       0
      Temps:          3       0       0       0       0
      Totals:         4       0       0       0       0
Total ram usage:        4 bytes
 Hardware stack levels used:    2
 This function calls:
		Nothing
 This function is called by:
		_main
		_doMenu
 This function uses a non-reentrant model


 *************** function ___awmod *****************
 Defined at:
		line 6 in file "C:\Program Files (x86)\Microchip\xc8\v1.37\sources\common\awmod.c"
 Parameters:    Size  Location     Type
  divisor         2    0[COMMON] int 
  dividend        2    2[COMMON] int 
 Auto vars:     Size  Location     Type
  sign            1    6[COMMON] unsigned char 
  counter         1    5[COMMON] unsigned char 
 Return value:  Size  Location     Type
                  2    0[COMMON] int 
 Registers used:
		wreg, status,2, status,0
 Tracked objects:
		On entry : 
		On exit  : 
		Unchanged: 
 Data sizes:     COMMON   BANK0   BANK1   BANK3   BANK2
      Params:         4       0       0       0       0
      Locals:         2       0       0       0       0
      Temps:          1       0       0       0       0
      Totals:         7       0       0       0       0
Total ram usage:        7 bytes
 Hardware stack levels used:    1
 This function calls:
		Nothing
 This function is called by:
		_doMenu
		_showRunningTime
 This function uses a non-reentrant model


 *************** function _DS1307_SetTime *****************
 Defined at:
		line 45 in file "DS1307.c"
 Parameters:    Size  Location     Type
  hh              1    wreg     unsigned char 
  mm              1    2[COMMON] unsigned char 
  ss              1    3[COMMON] unsigned char 
 Auto vars:     Size  Location     Type
  hh              1    4[COMMON] unsigned char 
 Return value:  Size  Location     Type
                  1    wreg      void 
 Registers used:
		wreg, status,2, status,0, pclath, cstack
 Tracked objects:
		On entry : 
		On exit  : 
		Unchanged: 
 Data sizes:     COMMON   BANK0   BANK1   BANK3   BANK2
      Params:         2       0       0       0       0
      Locals:         1       0       0       0       0
      Temps:          0       0       0       0       0
      Totals:         3       0       0       0       0
Total ram usage:        3 bytes
 Hardware stack levels used:    1
 Hardware stack levels required when called:    3
 This function calls:
		_DS1307_Write
		_I2C_Start
		_I2C_Stop
 This function is called by:
		_doMenu
 This function uses a non-reentrant model


 *************** function _DS1307_SetDate *****************
 Defined at:
		line 56 in file "DS1307.c"
 Parameters:    Size  Location     Type
  nn              1    wreg     unsigned char 
  dd              1    2[COMMON] unsigned char 
  mm              1    3[COMMON] unsigned char 
  yy              1    4[COMMON] unsigned char 
 Auto vars:     Size  Location     Type
  nn              1    5[COMMON] unsigned char 
 Return value:  Size  Location     Type
                  1    wreg      void 
 Registers used:
		wreg, status,2, status,0, pclath, cstack
 Tracked objects:
		On entry : 
		On exit  : 
		Unchanged: 
 Data sizes:     COMMON   BANK0   BANK1   BANK3   BANK2
      Params:         3       0       0       0       0
      Locals:         1       0       0       0       0
      Temps:          0       0       0       0       0
      Totals:         4       0       0       0       0
Total ram usage:        4 bytes
 Hardware stack levels used:    1
 Hardware stack levels required when called:    3
 This function calls:
		_DS1307_Write
		_I2C_Start
		_I2C_Stop
 This function is called by:
		_doMenu
 This function uses a non-reentrant model


 *************** function _clearPrompt *****************
 Defined at:
		line 142 in file "LCDTime.c"
 Parameters:    Size  Location     Type
		None
 Auto vars:     Size  Location     Type
		None
 Return value:  Size  Location     Type
                  1    wreg      void 
 Registers used:
		wreg, fsr0l, fsr0h, status,2, status,0, btemp+1, pclath, cstack
 Tracked objects:
		On entry : 
		On exit  : 
		Unchanged: 
 Data sizes:     COMMON   BANK0   BANK1   BANK3   BANK2
      Params:         0       0       0       0       0
      Locals:         0       0       0       0       0
      Temps:          0       0       0       0       0
      Totals:         0       0       0       0       0
Total ram usage:        0 bytes
 Hardware stack levels used:    1
 Hardware stack levels required when called:    3
 This function calls:
		_LCDGotoXY
		_LCDWriteString
 This function is called by:
		_main
 This function uses a non-reentrant model


 *************** function _LCDWriteString *****************
 Defined at:
		line 183 in file "lcd_hd44780_pic16.c"
 Parameters:    Size  Location     Type
  msg             2   12[COMMON] PTR const unsigned char 
		 -> STR_13(6), STR_12(6), STR_11(6), STR_10(5), 
		 -> STR_9(8), STR_8(8), STR_7(6), setText(5), 
		 -> STR_6(8), STR_5(7), STR_4(7), STR_3(2), 
		 -> STR_2(4), STR_1(17), LCDWriteInt@str(6), 
 Auto vars:     Size  Location     Type
		None
 Return value:  Size  Location     Type
                  1    wreg      void 
 Registers used:
		wreg, fsr0l, fsr0h, status,2, status,0, btemp+1, pclath, cstack
 Tracked objects:
		On entry : 
		On exit  : 
		Unchanged: 
 Data sizes:     COMMON   BANK0   BANK1   BANK3   BANK2
      Params:         2       0       0       0       0
      Locals:         0       0       0       0       0
      Temps:          0       0       0       0       0
      Totals:         2       0       0       0       0
Total ram usage:        2 bytes
 Hardware stack levels used:    1
 Hardware stack levels required when called:    2
 This function calls:
		_LCDByte
 This function is called by:
		_LCDWriteInt
		_main
		_clearPrompt
		_doMenu
 This function uses a non-reentrant model


 *************** function _LCDGotoXY *****************
 Defined at:
		line 290 in file "lcd_hd44780_pic16.c"
 Parameters:    Size  Location     Type
  x               1    wreg     unsigned char 
  y               1   12[COMMON] unsigned char 
 Auto vars:     Size  Location     Type
  x               1    0[BANK0 ] unsigned char 
 Return value:  Size  Location     Type
                  1    wreg      void 
 Registers used:
		wreg, fsr0l, fsr0h, status,2, status,0, pclath, cstack
 Tracked objects:
		On entry : 
		On exit  : 
		Unchanged: 
 Data sizes:     COMMON   BANK0   BANK1   BANK3   BANK2
      Params:         1       0       0       0       0
      Locals:         0       1       0       0       0
      Temps:          1       0       0       0       0
      Totals:         2       1       0       0       0
Total ram usage:        3 bytes
 Hardware stack levels used:    1
 Hardware stack levels required when called:    2
 This function calls:
		_LCDByte
 This function is called by:
		_main
		_clearPrompt
		_doMenu
		_showClock
		_showRunningTime
 This function uses a non-reentrant model


 *************** function _LCDInit *****************
 Defined at:
		line 125 in file "lcd_hd44780_pic16.c"
 Parameters:    Size  Location     Type
  style           1    wreg     unsigned char 
 Auto vars:     Size  Location     Type
  style           1    0[BANK0 ] unsigned char 
 Return value:  Size  Location     Type
                  1    wreg      void 
 Registers used:
		wreg, status,2, status,0, pclath, cstack
 Tracked objects:
		On entry : 
		On exit  : 
		Unchanged: 
 Data sizes:     COMMON   BANK0   BANK1   BANK3   BANK2
      Params:         0       0       0       0       0
      Locals:         0       1       0       0       0
      Temps:          2       0       0       0       0
      Totals:         2       1       0       0       0
Total ram usage:        3 bytes
 Hardware stack levels used:    1
 Hardware stack levels required when called:    2
 This function calls:
		_LCDBusyLoop
		_LCDByte
 This function is called by:
		_main
 This function uses a non-reentrant model


 *************** function _LCDByte *****************
 Defined at:
		line 12 in file "lcd_hd44780_pic16.c"
 Parameters:    Size  Location     Type
  c               1    wreg     unsigned char 
  isdata          1    5[COMMON] unsigned char 
 Auto vars:     Size  Location     Type
  c               1   10[COMMON] unsigned char 
  temp            1   11[COMMON] unsigned char 
  ln              1    9[COMMON] unsigned char 
  hn              1    8[COMMON] unsigned char 
 Return value:  Size  Location     Type
                  1    wreg      void 
 Registers used:
		wreg, status,2, status,0, pclath, cstack
 Tracked objects:
		On entry : 
		On exit  : 
		Unchanged: 
 Data sizes:     COMMON   BANK0   BANK1   BANK3   BANK2
      Params:         1       0       0       0       0
      Locals:         4       0       0       0       0
      Temps:          2       0       0       0       0
      Totals:         7       0       0       0       0
Total ram usage:        7 bytes
 Hardware stack levels used:    1
 Hardware stack levels required when called:    1
 This function calls:
		_LCDBusyLoop
 This function is called by:
		_LCDInit
		_LCDWriteString
		_LCDGotoXY
		_main
		_doMenu
		_showTime
		_showDate
		_showRunningTime
 This function uses a non-reentrant model


 *************** function _LCDBusyLoop *****************
 Defined at:
		line 67 in file "lcd_hd44780_pic16.c"
 Parameters:    Size  Location     Type
		None
 Auto vars:     Size  Location     Type
  status          1    4[COMMON] unsigned char 
  temp            1    3[COMMON] unsigned char 
  busy            1    2[COMMON] unsigned char 
 Return value:  Size  Location     Type
                  1    wreg      void 
 Registers used:
		wreg, status,2, status,0
 Tracked objects:
		On entry : 
		On exit  : 
		Unchanged: 
 Data sizes:     COMMON   BANK0   BANK1   BANK3   BANK2
      Params:         0       0       0       0       0
      Locals:         3       0       0       0       0
      Temps:          2       0       0       0       0
      Totals:         5       0       0       0       0
Total ram usage:        5 bytes
 Hardware stack levels used:    1
 This function calls:
		Nothing
 This function is called by:
		_LCDByte
		_LCDInit
 This function uses a non-reentrant model


 *************** function _I2C_Init *****************
 Defined at:
		line 99 in file "i2c.c"
 Parameters:    Size  Location     Type
		None
 Auto vars:     Size  Location     Type
		None
 Return value:  Size  Location     Type
                  1    wreg      void 
 Registers used:
		wreg
 Tracked objects:
		On entry : 
		On exit  : 
		Unchanged: 
 Data sizes:     COMMON   BANK0   BANK1   BANK3   BANK2
      Params:         0       0       0       0       0
      Locals:         0       0       0       0       0
      Temps:          0       0       0       0       0
      Totals:         0       0       0       0       0
Total ram usage:        0 bytes
 Hardware stack levels used:    1
 This function calls:
		Nothing
 This function is called by:
		_main
 This function uses a non-reentrant model


 *************** function _DS1307_readRam *****************
 Defined at:
		line 95 in file "DS1307.c"
 Parameters:    Size  Location     Type
  ptr             1    wreg     PTR unsigned char 
		 -> runningHours(2), runningMinutes(2), 
  offset          2    2[COMMON] int 
  length          2    4[COMMON] int 
 Auto vars:     Size  Location     Type
  ptr             1    8[COMMON] PTR unsigned char 
		 -> runningHours(2), runningMinutes(2), 
 Return value:  Size  Location     Type
                  1    wreg      void 
 Registers used:
		wreg, fsr0l, fsr0h, status,2, status,0, btemp+1, pclath, cstack
 Tracked objects:
		On entry : 
		On exit  : 
		Unchanged: 
 Data sizes:     COMMON   BANK0   BANK1   BANK3   BANK2
      Params:         4       0       0       0       0
      Locals:         1       0       0       0       0
      Temps:          2       0       0       0       0
      Totals:         7       0       0       0       0
Total ram usage:        7 bytes
 Hardware stack levels used:    1
 Hardware stack levels required when called:    3
 This function calls:
		_DS1307_Read
		_DS1307_Write
		_I2C_Ack
		_I2C_NoAck
		_I2C_Restart
		_I2C_Start
		_I2C_Stop
 This function is called by:
		_main
 This function uses a non-reentrant model


 *************** function _I2C_Ack *****************
 Defined at:
		line 144 in file "i2c.c"
 Parameters:    Size  Location     Type
		None
 Auto vars:     Size  Location     Type
		None
 Return value:  Size  Location     Type
                  1    wreg      void 
 Registers used:
		None
 Tracked objects:
		On entry : 
		On exit  : 
		Unchanged: 
 Data sizes:     COMMON   BANK0   BANK1   BANK3   BANK2
      Params:         0       0       0       0       0
      Locals:         0       0       0       0       0
      Temps:          0       0       0       0       0
      Totals:         0       0       0       0       0
Total ram usage:        0 bytes
 Hardware stack levels used:    1
 This function calls:
		Nothing
 This function is called by:
		_DS1307_GetTime
		_DS1307_GetDate
		_DS1307_readRam
 This function uses a non-reentrant model


 *************** function _DS1307_Init *****************
 Defined at:
		line 4 in file "DS1307.c"
 Parameters:    Size  Location     Type
		None
 Auto vars:     Size  Location     Type
  s               1    3[COMMON] unsigned char 
 Return value:  Size  Location     Type
                  2   20[None  ] int 
 Registers used:
		wreg, status,2, status,0, pclath, cstack
 Tracked objects:
		On entry : 
		On exit  : 
		Unchanged: 
 Data sizes:     COMMON   BANK0   BANK1   BANK3   BANK2
      Params:         0       0       0       0       0
      Locals:         1       0       0       0       0
      Temps:          1       0       0       0       0
      Totals:         2       0       0       0       0
Total ram usage:        2 bytes
 Hardware stack levels used:    1
 Hardware stack levels required when called:    3
 This function calls:
		_DS1307_Read
		_DS1307_Write
		_I2C_NoAck
		_I2C_Restart
		_I2C_Start
		_I2C_Stop
 This function is called by:
		_main
 This function uses a non-reentrant model


 *************** function _I2C_Stop *****************
 Defined at:
		line 116 in file "i2c.c"
 Parameters:    Size  Location     Type
		None
 Auto vars:     Size  Location     Type
		None
 Return value:  Size  Location     Type
                  1    wreg      void 
 Registers used:
		None
 Tracked objects:
		On entry : 
		On exit  : 
		Unchanged: 
 Data sizes:     COMMON   BANK0   BANK1   BANK3   BANK2
      Params:         0       0       0       0       0
      Locals:         0       0       0       0       0
      Temps:          0       0       0       0       0
      Totals:         0       0       0       0       0
Total ram usage:        0 bytes
 Hardware stack levels used:    1
 This function calls:
		Nothing
 This function is called by:
		_DS1307_Init
		_DS1307_SetTime
		_DS1307_SetDate
		_DS1307_GetTime
		_DS1307_GetDate
		_DS1307_readRam
		_DS1307_writeRam
 This function uses a non-reentrant model


 *************** function _I2C_Start *****************
 Defined at:
		line 108 in file "i2c.c"
 Parameters:    Size  Location     Type
		None
 Auto vars:     Size  Location     Type
		None
 Return value:  Size  Location     Type
                  1    wreg      void 
 Registers used:
		None
 Tracked objects:
		On entry : 
		On exit  : 
		Unchanged: 
 Data sizes:     COMMON   BANK0   BANK1   BANK3   BANK2
      Params:         0       0       0       0       0
      Locals:         0       0       0       0       0
      Temps:          0       0       0       0       0
      Totals:         0       0       0       0       0
Total ram usage:        0 bytes
 Hardware stack levels used:    1
 This function calls:
		Nothing
 This function is called by:
		_DS1307_Init
		_DS1307_SetTime
		_DS1307_SetDate
		_DS1307_GetTime
		_DS1307_GetDate
		_DS1307_readRam
		_DS1307_writeRam
 This function uses a non-reentrant model


 *************** function _I2C_Restart *****************
 Defined at:
		line 160 in file "i2c.c"
 Parameters:    Size  Location     Type
		None
 Auto vars:     Size  Location     Type
		None
 Return value:  Size  Location     Type
                  2    6[None  ] int 
 Registers used:
		None
 Tracked objects:
		On entry : 
		On exit  : 
		Unchanged: 
 Data sizes:     COMMON   BANK0   BANK1   BANK3   BANK2
      Params:         0       0       0       0       0
      Locals:         0       0       0       0       0
      Temps:          0       0       0       0       0
      Totals:         0       0       0       0       0
Total ram usage:        0 bytes
 Hardware stack levels used:    1
 This function calls:
		Nothing
 This function is called by:
		_DS1307_Init
		_DS1307_GetTime
		_DS1307_GetDate
		_DS1307_readRam
 This function uses a non-reentrant model


 *************** function _I2C_NoAck *****************
 Defined at:
		line 152 in file "i2c.c"
 Parameters:    Size  Location     Type
		None
 Auto vars:     Size  Location     Type
		None
 Return value:  Size  Location     Type
                  1    wreg      void 
 Registers used:
		None
 Tracked objects:
		On entry : 
		On exit  : 
		Unchanged: 
 Data sizes:     COMMON   BANK0   BANK1   BANK3   BANK2
      Params:         0       0       0       0       0
      Locals:         0       0       0       0       0
      Temps:          0       0       0       0       0
      Totals:         0       0       0       0       0
Total ram usage:        0 bytes
 Hardware stack levels used:    1
 This function calls:
		Nothing
 This function is called by:
		_DS1307_Init
		_DS1307_GetTime
		_DS1307_GetDate
		_DS1307_readRam
 This function uses a non-reentrant model


 *************** function _DS1307_Write *****************
 Defined at:
		line 34 in file "DS1307.c"
 Parameters:    Size  Location     Type
  dat             1    wreg     unsigned char 
 Auto vars:     Size  Location     Type
  dat             1    1[COMMON] unsigned char 
 Return value:  Size  Location     Type
                  1    wreg      void 
 Registers used:
		wreg, status,2, status,0, pclath, cstack
 Tracked objects:
		On entry : 
		On exit  : 
		Unchanged: 
 Data sizes:     COMMON   BANK0   BANK1   BANK3   BANK2
      Params:         0       0       0       0       0
      Locals:         1       0       0       0       0
      Temps:          0       0       0       0       0
      Totals:         1       0       0       0       0
Total ram usage:        1 bytes
 Hardware stack levels used:    1
 Hardware stack levels required when called:    2
 This function calls:
		_I2C_Write
 This function is called by:
		_DS1307_Init
		_DS1307_SetTime
		_DS1307_SetDate
		_DS1307_GetTime
		_DS1307_GetDate
		_DS1307_readRam
		_DS1307_writeRam
 This function uses a non-reentrant model


 *************** function _I2C_Write *****************
 Defined at:
		line 124 in file "i2c.c"
 Parameters:    Size  Location     Type
  dat             1    wreg     unsigned char 
 Auto vars:     Size  Location     Type
  dat             1    0[COMMON] unsigned char 
 Return value:  Size  Location     Type
                  1    wreg      void 
 Registers used:
		wreg, status,2, status,0, pclath, cstack
 Tracked objects:
		On entry : 
		On exit  : 
		Unchanged: 
 Data sizes:     COMMON   BANK0   BANK1   BANK3   BANK2
      Params:         0       0       0       0       0
      Locals:         1       0       0       0       0
      Temps:          0       0       0       0       0
      Totals:         1       0       0       0       0
Total ram usage:        1 bytes
 Hardware stack levels used:    1
 Hardware stack levels required when called:    1
 This function calls:
		_I2C_Wait
 This function is called by:
		_DS1307_Write
 This function uses a non-reentrant model


 *************** function _DS1307_Read *****************
 Defined at:
		line 40 in file "DS1307.c"
 Parameters:    Size  Location     Type
		None
 Auto vars:     Size  Location     Type
		None
 Return value:  Size  Location     Type
                  1    wreg      unsigned char 
 Registers used:
		wreg, status,2, status,0, pclath, cstack
 Tracked objects:
		On entry : 
		On exit  : 
		Unchanged: 
 Data sizes:     COMMON   BANK0   BANK1   BANK3   BANK2
      Params:         0       0       0       0       0
      Locals:         0       0       0       0       0
      Temps:          0       0       0       0       0
      Totals:         0       0       0       0       0
Total ram usage:        0 bytes
 Hardware stack levels used:    1
 Hardware stack levels required when called:    2
 This function calls:
		_I2C_Read
 This function is called by:
		_DS1307_Init
		_DS1307_GetTime
		_DS1307_GetDate
		_DS1307_readRam
 This function uses a non-reentrant model


 *************** function _I2C_Read *****************
 Defined at:
		line 132 in file "i2c.c"
 Parameters:    Size  Location     Type
		None
 Auto vars:     Size  Location     Type
  temp            1    1[COMMON] unsigned char 
 Return value:  Size  Location     Type
                  1    wreg      unsigned char 
 Registers used:
		wreg, status,2, status,0, pclath, cstack
 Tracked objects:
		On entry : 
		On exit  : 
		Unchanged: 
 Data sizes:     COMMON   BANK0   BANK1   BANK3   BANK2
      Params:         0       0       0       0       0
      Locals:         1       0       0       0       0
      Temps:          1       0       0       0       0
      Totals:         2       0       0       0       0
Total ram usage:        2 bytes
 Hardware stack levels used:    1
 Hardware stack levels required when called:    1
 This function calls:
		_I2C_Wait
 This function is called by:
		_DS1307_Read
 This function uses a non-reentrant model


 *************** function _I2C_Wait *****************
 Defined at:
		line 167 in file "i2c.c"
 Parameters:    Size  Location     Type
		None
 Auto vars:     Size  Location     Type
		None
 Return value:  Size  Location     Type
                  1    wreg      void 
 Registers used:
		wreg, status,2
 Tracked objects:
		On entry : 
		On exit  : 
		Unchanged: 
 Data sizes:     COMMON   BANK0   BANK1   BANK3   BANK2
      Params:         0       0       0       0       0
      Locals:         0       0       0       0       0
      Temps:          0       0       0       0       0
      Totals:         0       0       0       0       0
Total ram usage:        0 bytes
 Hardware stack levels used:    1
 This function calls:
		Nothing
 This function is called by:
		_I2C_Write
		_I2C_Read
 This function uses a non-reentrant model



MODULE INFORMATION

Module		Function		Class		Link	Load	Size
C:\Program Files (x86)\Microchip\xc8\v1.37\sources\common\Umul16.c
		___wmul        		CODE           	09E4	0000	40

C:\Program Files (x86)\Microchip\xc8\v1.37\sources\common\Umul16.c estimated size: 40

i2c.c
		_I2C_NoAck     		CODE           	08F7	0000	8
		_I2C_Write     		CODE           	090E	0000	14
		_I2C_Stop      		CODE           	08F1	0000	7
		_I2C_Wait      		CODE           	0905	0000	10
		_I2C_Read      		CODE           	0929	0000	17
		_I2C_Init      		CODE           	091B	0000	15
		_I2C_Ack       		CODE           	08FE	0000	8
		_I2C_Start     		CODE           	08EB	0000	7
		_I2C_Restart   		CODE           	08E5	0000	7

i2c.c estimated size: 93

C:\Program Files (x86)\Microchip\xc8\v1.37\sources\common\awdiv.c
		___awdiv       		CODE           	0CFC	0000	90

C:\Program Files (x86)\Microchip\xc8\v1.37\sources\common\awdiv.c estimated size: 90

LCDTime.c
		_showTime      		CODE           	0AD3	0000	61
		_showRunningTime		CODE           	0C4C	0000	88
		_readClock     		CODE           	019D	0000	363
		_main          		CODE           	0034	0000	362
		_showDate      		CODE           	0E13	0000	179
		_showClock     		CODE           	0977	0000	35
		_doMenu        		CODE           	0307	0000	1250
		_readInputs    		CODE           	0005	0000	48
		_clearPrompt   		CODE           	094A	0000	22

LCDTime.c estimated size: 2408

shared
		__stringtab    		STRING         	0800	0000	17
		_setText       		STRING         	084E	0000	6
		_monthDays     		STRING         	0842	0000	13
		__initialization		CODE           	07E8	0000	21
		_ttable        		STRING         	0810	0000	29
		_daysOfTheWeek 		STRING         	082C	0000	23

shared estimated size: 109

DS1307.c
		_DS1307_writeRam		CODE           	0A61	0000	56
		_DS1307_Read   		CODE           	08DB	0000	5
		_DS1307_Init   		CODE           	0BAA	0000	82
		_DS1307_Write  		CODE           	08DF	0000	7
		_DS1307_readRam		CODE           	0CA3	0000	90
		_DS1307_GetDate		CODE           	0DB2	0000	98
		_DS1307_SetDate		CODE           	0A33	0000	47
		_DS1307_GetTime		CODE           	0BFB	0000	82
		_DS1307_SetTime		CODE           	0A0B	0000	41

DS1307.c estimated size: 508

lcd_hd44780_pic16.c
		_LCDByte       		CODE           	0B5A	0000	81
		_LCDWriteInt   		CODE           	0EC5	0000	316
		_LCDInit       		CODE           	0A98	0000	60
		_LCDWriteString		CODE           	0999	0000	38
		_LCDGotoXY     		CODE           	09BE	0000	39
		_LCDBusyLoop   		CODE           	0D55	0000	94

lcd_hd44780_pic16.c estimated size: 628

C:\Program Files (x86)\Microchip\xc8\v1.37\sources\common\awmod.c
		___awmod       		CODE           	0B0F	0000	76

C:\Program Files (x86)\Microchip\xc8\v1.37\sources\common\awmod.c estimated size: 76

