Microchip MPLAB XC8 Compiler V1.37 ()

Linker command line:

-W-3 --edf=C:\Program Files (x86)\Microchip\xc8\v1.37\dat\en_msgs.txt -cs \
  -h+dist/default/production\LCDTime.production.sym \
  --cmf=dist/default/production\LCDTime.production.cmf -z -Q16F877 \
  -oC:\Users\Dave\AppData\Local\Temp\sg58.2 \
  -Mdist/default/production/LCDTime.production.map -E1 -ver=XC8 \
  -ASTACK=0110h-016fh -pstack=STACK -ACODE=00h-07FFhx4 -ASTRCODE=00h-01FFFh \
  -ASTRING=00h-0FFhx32 -ACONST=00h-0FFhx32 -AENTRY=00h-0FFhx32 \
  -ACOMMON=070h-07Fh -ABANK0=020h-06Fh -ABANK1=0A0h-0EFh \
  -ABANK2=0110h-016Fh -ABANK3=0190h-01EFh \
  -ARAM=020h-06Fh,0A0h-0EFh,0110h-016Fh,0190h-01EFh \
  -AABS1=020h-07Fh,0A0h-0EFh,0110h-016Fh,0190h-01EFh -ASFR0=00h-01Fh \
  -ASFR1=080h-09Fh -ASFR2=0100h-010Fh -ASFR3=0180h-018Fh \
  -preset_vec=00h,intentry,init,end_init -ppowerup=CODE -pcinit=CODE \
  -pfunctab=CODE -ACONFIG=02007h-02007h -pconfig=CONFIG -DCONFIG=2 \
  -AIDLOC=02000h-02003h -pidloc=IDLOC -DIDLOC=2 -AEEDATA=00h-0FFh/02100h \
  -peeprom_data=EEDATA -DEEDATA=2 -DCODE=2 -DSTRCODE=2 -DSTRING=2 -DCONST=2 \
  -DENTRY=2 -k C:\Users\Dave\AppData\Local\Temp\sg58.obj \
  dist/default/production\LCDTime.production.obj 

Object code version is 3.11

Machine type is 16F877



                Name                               Link     Load   Length Selector   Space Scale
C:\Users\Dave\AppData\Local\Temp\sg58.obj
                end_init                              0        0        3        0       0
                config                             2007     2007        1     400E       0
dist/default/production\LCDTime.production.obj
                cinit                               7ED      7ED       13      FDA       0
                text30                              CDE      CDE       2A     19BC       0
                text29                              BB9      BB9        4     1772       0
                text28                              BC2      BC2        9     1784       0
                text27                              C43      C43       26     1886       0
                text26                              BDF      BDF        B     17BE       0
                text25                              BCB      BCB        A     1796       0
                text24                              C09      C09       11     1812       0
                text23                              BF9      BF9       10     17F2       0
                text22                              E04      E04       50     1C08       0
                text21                              BBD      BBD        5     177A       0
                text20                              FA3      FA3       5D     1F46       0
                text19                              E54      E54       50     1CA8       0
                text18                              DC9      DC9       3B     1B92       0
                text17                              D08      D08       2E     1A10       0
                text16                              CB6      CB6       28     196C       0
                text15                              C69      C69       26     18D2       0
                text14                              D36      D36       2F     1A6C       0
                text13                              F4A      F4A       59     1E94       0
                text12                               99       99       4B      132       0
                text11                              14A      14A       68      294       0
                text10                              EA4      EA4       50     1D48       0
                text9                               1B2      1B2       97      364       0
                text8                               D96      D96       33     1B2C       0
                text7                               36F      36F      47E      6DE       0
                text6                               BD5      BD5        A     17AA       0
                text5                                E4       E4       66      1C8       0
                text4                               EF4      EF4       56     1DE8       0
                text3                               C8F      C8F       27     191E       0
                text2                               249      249      126      492       0
                text1                               C2B      C2B       18     1856       0
                maintext                            D65      D65       31     1ACA       0
                cstackBANK0                          20       20       19       20       1
                cstackCOMMON                         70       70        E       70       1
                inittext                            C1A      C1A       11     1834       0
                dataBANK0                            39       39        F       20       1
                bssBANK0                             48       48        3       20       1
                strings                               3        3       93        6       0
                idataBANK0                          BEA      BEA        F     17D4       0

TOTAL           Name                               Link     Load   Length     Space
        CLASS   STACK          

        CLASS   CODE           
                end_init                              0        0        3         0
                cinit                               7ED      7ED       13         0
                text30                              CDE      CDE       2A         0
                text29                              BB9      BB9        4         0
                text28                              BC2      BC2        9         0
                text27                              C43      C43       26         0
                text26                              BDF      BDF        B         0
                text25                              BCB      BCB        A         0
                text24                              C09      C09       11         0
                text23                              BF9      BF9       10         0
                text22                              E04      E04       50         0
                text21                              BBD      BBD        5         0
                text20                              FA3      FA3       5D         0
                text19                              E54      E54       50         0
                text18                              DC9      DC9       3B         0
                text17                              D08      D08       2E         0
                text16                              CB6      CB6       28         0
                text15                              C69      C69       26         0
                text14                              D36      D36       2F         0
                text13                              F4A      F4A       59         0
                text12                               99       99       4B         0
                text11                              14A      14A       68         0
                text10                              EA4      EA4       50         0
                text9                               1B2      1B2       97         0
                text8                               D96      D96       33         0
                text7                               36F      36F      47E         0
                text6                               BD5      BD5        A         0
                text5                                E4       E4       66         0
                text4                               EF4      EF4       56         0
                text3                               C8F      C8F       27         0
                text2                               249      249      126         0
                text1                               C2B      C2B       18         0
                maintext                            D65      D65       31         0
                inittext                            C1A      C1A       11         0
                idataBANK0                          BEA      BEA        F         0

        CLASS   STRCODE        

        CLASS   STRING         
                strings                               3        3       93         0

        CLASS   CONST          

        CLASS   ENTRY          

        CLASS   COMMON         
                cstackCOMMON                         70       70        E         1

        CLASS   BANK0          
                cstackBANK0                          20       20       19         1
                dataBANK0                            39       39        F         1
                bssBANK0                             48       48        3         1

        CLASS   BANK1          

        CLASS   BANK2          

        CLASS   BANK3          

        CLASS   RAM            

        CLASS   ABS1           
                abs_s1                               7E       7E        2         1

        CLASS   SFR0           

        CLASS   SFR1           

        CLASS   SFR2           

        CLASS   SFR3           

        CLASS   CONFIG         
                config                             2007     2007        1         0

        CLASS   IDLOC          

        CLASS   EEDATA         



SEGMENTS        Name                           Load    Length   Top    Selector   Space  Class     Delta

                reset_vec                      000000  000003  000003         0       0  CODE        2
                strings                        000003  000093  000096         6       0  STRING      2
                cstackBANK0                    000020  00002B  00004B        20       1  BANK0       1
                cstackCOMMON                   000070  00000E  00007E        70       1  COMMON      1
                text12                         000099  00004B  0000E4       132       0  CODE        2
                text5                          0000E4  000066  00014A       1C8       0  CODE        2
                text11                         00014A  000068  0001B2       294       0  CODE        2
                text9                          0001B2  000097  000249       364       0  CODE        2
                text2                          000249  000126  00036F       492       0  CODE        2
                text7                          00036F  00047E  0007ED       6DE       0  CODE        2
                cinit                          0007ED  000013  000800       FDA       0  CODE        2
                text29                         000BB9  000004  000BBD      1772       0  CODE        2
                text21                         000BBD  000005  000BC2      177A       0  CODE        2
                text28                         000BC2  000009  000BCB      1784       0  CODE        2
                text25                         000BCB  00000A  000BD5      1796       0  CODE        2
                text6                          000BD5  00000A  000BDF      17AA       0  CODE        2
                text26                         000BDF  00000B  000BEA      17BE       0  CODE        2
                idataBANK0                     000BEA  00000F  000BF9      17D4       0  CODE        2
                text23                         000BF9  000010  000C09      17F2       0  CODE        2
                text24                         000C09  000011  000C1A      1812       0  CODE        2
                inittext                       000C1A  000011  000C2B      1834       0  CODE        2
                text1                          000C2B  000018  000C43      1856       0  CODE        2
                text27                         000C43  000026  000C69      1886       0  CODE        2
                text15                         000C69  000026  000C8F      18D2       0  CODE        2
                text3                          000C8F  000027  000CB6      191E       0  CODE        2
                text16                         000CB6  000028  000CDE      196C       0  CODE        2
                text30                         000CDE  00002A  000D08      19BC       0  CODE        2
                text17                         000D08  00002E  000D36      1A10       0  CODE        2
                text14                         000D36  00002F  000D65      1A6C       0  CODE        2
                maintext                       000D65  000031  000D96      1ACA       0  CODE        2
                text8                          000D96  000033  000DC9      1B2C       0  CODE        2
                text18                         000DC9  00003B  000E04      1B92       0  CODE        2
                text22                         000E04  000050  000E54      1C08       0  CODE        2
                text19                         000E54  000050  000EA4      1CA8       0  CODE        2
                text10                         000EA4  000050  000EF4      1D48       0  CODE        2
                text4                          000EF4  000056  000F4A      1DE8       0  CODE        2
                text13                         000F4A  000059  000FA3      1E94       0  CODE        2
                text20                         000FA3  00005D  001000      1F46       0  CODE        2
                config                         002007  000001  002008      400E       0  CONFIG      2


UNUSED ADDRESS RANGES

        Name                Unused          Largest block    Delta
        BANK0            004B-006F             25           1
        BANK1            00A0-00EF             50           1
        BANK2            0110-016F             60           1
        BANK3            0190-01EF             60           1
        CODE             0096-0098              3           2
                         0800-0BB8            3B9
                         1000-1FFF            800
        CONST            0096-0098              3           2
                         0800-0BB8            100
                         1000-1FFF            100
        EEDATA           2100-21FF            100           2
        ENTRY            0096-0098              3           2
                         0800-0BB8            100
                         1000-1FFF            100
        IDLOC            2000-2003              4           2
        RAM              004B-006F             25           1
                         00A0-00EF             50
                         0110-016F             60
                         0190-01EF             60
        SFR0             0000-001F             20           1
        SFR1             0080-009F             20           1
        SFR2             0100-010F             10           1
        SFR3             0180-018F             10           1
        STACK            0110-016F             60           1
        STRCODE          0096-0098              3           2
                         0800-0BB8            3B9
                         1000-1FFF           1000
        STRING           0096-0098              3           2
                         0800-0BB8            100
                         1000-1FFF            100

                                  Symbol Table

?___awdiv                cstackCOMMON 0070
?___awmod                cstackCOMMON 0070
?___wmul                 cstackCOMMON 0079
DS1307_GetDate@d_ptr     cstackCOMMON 0075
DS1307_GetDate@m_ptr     cstackCOMMON 0076
DS1307_GetDate@n_ptr     cstackCOMMON 0079
DS1307_GetDate@y_ptr     cstackCOMMON 0077
DS1307_GetTime@h_ptr     cstackCOMMON 0078
DS1307_GetTime@m_ptr     cstackCOMMON 0075
DS1307_GetTime@s_ptr     cstackCOMMON 0076
DS1307_Init@s            cstackCOMMON 0076
DS1307_SetDate@dd        cstackCOMMON 0075
DS1307_SetDate@mm        cstackCOMMON 0076
DS1307_SetDate@nn        cstackCOMMON 0078
DS1307_SetDate@yy        cstackCOMMON 0077
DS1307_SetTime@hh        cstackCOMMON 0077
DS1307_SetTime@mm        cstackCOMMON 0075
DS1307_SetTime@ss        cstackCOMMON 0076
DS1307_Write@dat         cstackCOMMON 0074
I2C_Read@dat             cstackCOMMON 0073
I2C_Read@i               cstackCOMMON 0072
I2C_Write@dat            cstackCOMMON 0072
I2C_Write@i              cstackCOMMON 0073
LCDBusyLoop@busy         cstackCOMMON 0072
LCDBusyLoop@status       cstackCOMMON 0074
LCDBusyLoop@temp         cstackCOMMON 0073
LCDByte@c                cstackCOMMON 007A
LCDByte@hn               cstackCOMMON 0078
LCDByte@isdata           cstackCOMMON 0075
LCDByte@ln               cstackCOMMON 0079
LCDByte@temp             cstackCOMMON 007B
LCDGotoXY@x              cstackBANK0  0020
LCDGotoXY@y              cstackCOMMON 007C
LCDInit@style            cstackBANK0  0020
LCDWriteInt@c            cstackBANK0  0023
LCDWriteInt@d            cstackBANK0  0025
LCDWriteInt@field_length cstackCOMMON 007C
LCDWriteInt@val          cstackBANK0  0027
LCDWriteString@cc        cstackBANK0  0020
LCDWriteString@msg       cstackBANK0  0021
_DS1307_GetDate          text5        00E4
_DS1307_GetTime          text4        0EF4
_DS1307_Init             text22       0E04
_DS1307_Read             text29       0BB9
_DS1307_SetDate          text17       0D08
_DS1307_SetTime          text16       0CB6
_DS1307_Write            text26       0BDF
_I2C_Ack                 text6        0BD5
_I2C_Clock               text28       0BC2
_I2C_Init                text21       0BBD
_I2C_NoAck               text25       0BCB
_I2C_Read                text30       0CDE
_I2C_Start               text24       0C09
_I2C_Stop                text23       0BF9
_I2C_Write               text27       0C43
_LCDBusyLoop             text20       0FA3
_LCDByte                 text19       0E54
_LCDGotoXY               text15       0C69
_LCDInit                 text18       0DC9
_LCDWriteInt             text11       014A
_LCDWriteString          text10       0EA4
_PORTD                   (abs)        0008
_RB1                     (abs)        0031
_RB2                     (abs)        0032
_RB4                     (abs)        0034
_RB5                     (abs)        0035
_RB6                     (abs)        0036
_RB7                     (abs)        0037
_RD0                     (abs)        0040
_RD1                     (abs)        0041
_TRISBbits               (abs)        0086
_TRISD                   (abs)        0088
_TRISD0                  (abs)        0440
_TRISD1                  (abs)        0441
__CFG_BOREN$ON           (abs)        0000
__CFG_CP$OFF             (abs)        0000
__CFG_CPD$OFF            (abs)        0000
__CFG_FOSC$XT            (abs)        0000
__CFG_LVP$ON             (abs)        0000
__CFG_PWRTE$ON           (abs)        0000
__CFG_WDTE$OFF           (abs)        0000
__CFG_WRT$OFF            (abs)        0000
__Habs1                  abs1         0000
__Hbank0                 bank0        0000
__Hbank1                 bank1        0000
__Hbank2                 bank2        0000
__Hbank3                 bank3        0000
__HbssBANK0              bssBANK0     0000
__Hcinit                 cinit        0800
__Hclrtext               clrtext      0000
__Hcode                  code         0000
__Hcommon                common       0000
__Hconfig                config       2008
__HcstackBANK0           cstackBANK0  0000
__HcstackCOMMON          cstackCOMMON 0000
__HdataBANK0             dataBANK0    0000
__Heeprom_data           eeprom_data  0000
__Hend_init              end_init     0003
__Hfunctab               functab      0000
__HidataBANK0            idataBANK0   0000
__Hidloc                 idloc        0000
__Hinit                  init         0000
__Hinittext              inittext     0000
__Hintentry              intentry     0000
__Hmaintext              maintext     0000
__Hpowerup               powerup      0000
__Hram                   ram          0000
__Hreset_vec             reset_vec    0000
__Hsfr0                  sfr0         0000
__Hsfr1                  sfr1         0000
__Hsfr2                  sfr2         0000
__Hsfr3                  sfr3         0000
__Hspace_0               (abs)        2008
__Hspace_1               (abs)        007E
__Hspace_2               (abs)        0000
__Hspace_3               (abs)        0000
__Hstack                 stack        0000
__Hstrings               strings      0000
__Htext                  text         0000
__Labs1                  abs1         0000
__Lbank0                 bank0        0000
__Lbank1                 bank1        0000
__Lbank2                 bank2        0000
__Lbank3                 bank3        0000
__LbssBANK0              bssBANK0     0000
__Lcinit                 cinit        07ED
__Lclrtext               clrtext      0000
__Lcode                  code         0000
__Lcommon                common       0000
__Lconfig                config       2007
__LcstackBANK0           cstackBANK0  0000
__LcstackCOMMON          cstackCOMMON 0000
__LdataBANK0             dataBANK0    0000
__Leeprom_data           eeprom_data  0000
__Lend_init              end_init     0000
__Lfunctab               functab      0000
__LidataBANK0            idataBANK0   0000
__Lidloc                 idloc        0000
__Linit                  init         0000
__Linittext              inittext     0000
__Lintentry              intentry     0000
__Lmaintext              maintext     0000
__Lpowerup               powerup      0000
__Lram                   ram          0000
__Lreset_vec             reset_vec    0000
__Lsfr0                  sfr0         0000
__Lsfr1                  sfr1         0000
__Lsfr2                  sfr2         0000
__Lsfr3                  sfr3         0000
__Lspace_0               (abs)        0000
__Lspace_1               (abs)        0000
__Lspace_2               (abs)        0000
__Lspace_3               (abs)        0000
__Lstack                 stack        0000
__Lstrings               strings      0000
__Ltext                  text         0000
__S0                     (abs)        2008
__S1                     (abs)        007E
__S2                     (abs)        0000
__S3                     (abs)        0000
___awdiv                 text13       0F4A
___awdiv@counter         cstackCOMMON 0075
___awdiv@dividend        cstackCOMMON 0072
___awdiv@divisor         cstackCOMMON 0070
___awdiv@quotient        cstackCOMMON 0077
___awdiv@sign            cstackCOMMON 0076
___awmod                 text12       0099
___awmod@counter         cstackCOMMON 0075
___awmod@dividend        cstackCOMMON 0072
___awmod@divisor         cstackCOMMON 0070
___awmod@sign            cstackCOMMON 0076
___int_sp                stack        0000
___latbits               (abs)        0002
___sp                    stack        0000
___wmul                  text3        0C8F
___wmul@multiplicand     cstackCOMMON 007B
___wmul@multiplier       cstackCOMMON 0079
___wmul@product          cstackBANK0  0020
__end_of_DS1307_GetDate  text5        014A
__end_of_DS1307_GetTime  text4        0F4A
__end_of_DS1307_Init     text22       0E54
__end_of_DS1307_Read     text29       0BBD
__end_of_DS1307_SetDate  text17       0D36
__end_of_DS1307_SetTime  text16       0CDE
__end_of_DS1307_Write    text26       0BEA
__end_of_I2C_Ack         text6        0BDF
__end_of_I2C_Clock       text28       0BCB
__end_of_I2C_Init        text21       0BC2
__end_of_I2C_NoAck       text25       0BD5
__end_of_I2C_Read        text30       0D08
__end_of_I2C_Start       text24       0C1A
__end_of_I2C_Stop        text23       0C09
__end_of_I2C_Write       text27       0C69
__end_of_LCDBusyLoop     text20       1000
__end_of_LCDByte         text19       0EA4
__end_of_LCDGotoXY       text15       0C8F
__end_of_LCDInit         text18       0E04
__end_of_LCDWriteInt     text11       01B2
__end_of_LCDWriteString  text10       0EF4
__end_of___awdiv         text13       0FA3
__end_of___awmod         text12       00E4
__end_of___wmul          text3        0CB6
__end_of__initialization cinit        07FC
__end_of__stringtab      strings      0009
__end_of_doMenu          text7        07ED
__end_of_main            maintext     0D96
__end_of_monthDays       strings      0031
__end_of_readClock       text2        036F
__end_of_readInputs      text14       0D65
__end_of_showClock       text1        0C43
__end_of_showDate        text9        0249
__end_of_showTime        text8        0DC9
__end_of_ttable          strings      0025
__initialization         cinit        07ED
__pbssBANK0              bssBANK0     0048
__pcstackBANK0           cstackBANK0  0020
__pcstackCOMMON          cstackCOMMON 0070
__pdataBANK0             dataBANK0    0039
__pidataBANK0            idataBANK0   0BEA
__pmaintext              maintext     0D65
__pstrings               strings      0003
__ptext1                 text1        0C2B
__ptext10                text10       0EA4
__ptext11                text11       014A
__ptext12                text12       0099
__ptext13                text13       0F4A
__ptext14                text14       0D36
__ptext15                text15       0C69
__ptext16                text16       0CB6
__ptext17                text17       0D08
__ptext18                text18       0DC9
__ptext19                text19       0E54
__ptext2                 text2        0249
__ptext20                text20       0FA3
__ptext21                text21       0BBD
__ptext22                text22       0E04
__ptext23                text23       0BF9
__ptext24                text24       0C09
__ptext25                text25       0BCB
__ptext26                text26       0BDF
__ptext27                text27       0C43
__ptext28                text28       0BC2
__ptext29                text29       0BB9
__ptext3                 text3        0C8F
__ptext30                text30       0CDE
__ptext4                 text4        0EF4
__ptext5                 text5        00E4
__ptext6                 text6        0BD5
__ptext7                 text7        036F
__ptext8                 text8        0D96
__ptext9                 text9        01B2
__size_of_DS1307_GetDate (abs)        0000
__size_of_DS1307_GetTime (abs)        0000
__size_of_DS1307_Init    (abs)        0000
__size_of_DS1307_Read    (abs)        0000
__size_of_DS1307_SetDate (abs)        0000
__size_of_DS1307_SetTime (abs)        0000
__size_of_DS1307_Write   (abs)        0000
__size_of_I2C_Ack        (abs)        0000
__size_of_I2C_Clock      (abs)        0000
__size_of_I2C_Init       (abs)        0000
__size_of_I2C_NoAck      (abs)        0000
__size_of_I2C_Read       (abs)        0000
__size_of_I2C_Start      (abs)        0000
__size_of_I2C_Stop       (abs)        0000
__size_of_I2C_Write      (abs)        0000
__size_of_LCDBusyLoop    (abs)        0000
__size_of_LCDByte        (abs)        0000
__size_of_LCDGotoXY      (abs)        0000
__size_of_LCDInit        (abs)        0000
__size_of_LCDWriteInt    (abs)        0000
__size_of_LCDWriteString (abs)        0000
__size_of___awdiv        (abs)        0000
__size_of___awmod        (abs)        0000
__size_of___wmul         (abs)        0000
__size_of_doMenu         (abs)        0000
__size_of_main           (abs)        0000
__size_of_readClock      (abs)        0000
__size_of_readInputs     (abs)        0000
__size_of_showClock      (abs)        0000
__size_of_showDate       (abs)        0000
__size_of_showTime       (abs)        0000
__stringbase             strings      0008
__stringtab              strings      0003
_bButton                 bssBANK0     0048
_date                    dataBANK0    0039
_day                     dataBANK0    003B
_doMenu                  text7        036F
_hour                    dataBANK0    003D
_last_hour               dataBANK0    0047
_main                    maintext     0D65
_menuFunction            bssBANK0     0049
_minute                  dataBANK0    003F
_month                   dataBANK0    0041
_monthDays               strings      0025
_readClock               text2        0249
_readInputs              text14       0D36
_seconds                 dataBANK0    0043
_showClock               text1        0C2B
_showDate                text9        01B2
_showTime                text8        0D96
_state                   bssBANK0     004A
_ttable                  strings      0009
_year                    dataBANK0    0045
btemp                    (abs)        007E
doMenu@d                 cstackBANK0  0033
doMenu@h                 cstackBANK0  002B
doMenu@m                 cstackBANK0  002D
doMenu@m_236             cstackBANK0  0035
doMenu@n                 cstackBANK0  0031
doMenu@s                 cstackBANK0  002F
doMenu@y                 cstackBANK0  0037
end_of_initialization    cinit        07FC
init_fetch0              inittext     0C1A
init_ram0                inittext     0C1E
intlevel0                functab      0000
intlevel1                functab      0000
intlevel2                functab      0000
intlevel3                functab      0000
intlevel4                functab      0000
intlevel5                functab      0000
ltemp                    (abs)        007E
ltemp0                   (abs)        007E
ltemp1                   (abs)        0082
ltemp2                   (abs)        0086
ltemp3                   (abs)        0080
readClock@a              cstackBANK0  0026
readClock@b              cstackBANK0  0027
readClock@c              cstackBANK0  0028
readClock@n              cstackBANK0  0025
readInputs@pinstate      cstackCOMMON 0073
reset_vec                reset_vec    0000
stackhi                  (abs)        0000
stacklo                  (abs)        0000
start                    init         0000
start_initialization     cinit        07ED
ttemp                    (abs)        007E
ttemp0                   (abs)        007E
ttemp1                   (abs)        0081
ttemp2                   (abs)        0084
ttemp3                   (abs)        0087
ttemp4                   (abs)        007F
wtemp                    (abs)        007E
wtemp0                   (abs)        007E
wtemp1                   (abs)        0080
wtemp2                   (abs)        0082
wtemp3                   (abs)        0084
wtemp4                   (abs)        0086
wtemp5                   (abs)        0088
wtemp6                   (abs)        007F


FUNCTION INFORMATION:

 *************** function _main *****************
 Defined at:
		line 46 in file "LCDTime.c"
 Parameters:    Size  Location     Type
		None
 Auto vars:     Size  Location     Type
		None
 Return value:  Size  Location     Type
                  1    wreg      void 
 Registers used:
		wreg, fsr0l, fsr0h, status,2, status,0, btemp+1, pclath, cstack
 Tracked objects:
		On entry : 
		On exit  : 
		Unchanged: 
 Data sizes:     COMMON   BANK0   BANK1   BANK3   BANK2
      Params:         0       0       0       0       0
      Locals:         0       0       0       0       0
      Temps:          0       0       0       0       0
      Totals:         0       0       0       0       0
Total ram usage:        0 bytes
 Hardware stack levels required when called:    5
 This function calls:
		_DS1307_Init
		_I2C_Init
		_LCDByte
		_LCDInit
		_doMenu
		_readClock
		_readInputs
		_showClock
 This function is called by:
		Startup code after reset
 This function uses a non-reentrant model


 *************** function _showClock *****************
 Defined at:
		line 378 in file "LCDTime.c"
 Parameters:    Size  Location     Type
		None
 Auto vars:     Size  Location     Type
		None
 Return value:  Size  Location     Type
                  1    wreg      void 
 Registers used:
		wreg, fsr0l, fsr0h, status,2, status,0, pclath, cstack
 Tracked objects:
		On entry : 
		On exit  : 
		Unchanged: 
 Data sizes:     COMMON   BANK0   BANK1   BANK3   BANK2
      Params:         0       0       0       0       0
      Locals:         0       0       0       0       0
      Temps:          0       0       0       0       0
      Totals:         0       0       0       0       0
Total ram usage:        0 bytes
 Hardware stack levels used:    1
 Hardware stack levels required when called:    4
 This function calls:
		_LCDGotoXY
		_showDate
		_showTime
 This function is called by:
		_main
 This function uses a non-reentrant model


 *************** function _readClock *****************
 Defined at:
		line 355 in file "LCDTime.c"
 Parameters:    Size  Location     Type
		None
 Auto vars:     Size  Location     Type
  c               1    8[BANK0 ] unsigned char 
  b               1    7[BANK0 ] unsigned char 
  a               1    6[BANK0 ] unsigned char 
  n               1    5[BANK0 ] unsigned char 
 Return value:  Size  Location     Type
                  1    wreg      void 
 Registers used:
		wreg, fsr0l, fsr0h, status,2, status,0, pclath, cstack
 Tracked objects:
		On entry : 
		On exit  : 
		Unchanged: 
 Data sizes:     COMMON   BANK0   BANK1   BANK3   BANK2
      Params:         0       0       0       0       0
      Locals:         0       4       0       0       0
      Temps:          0       3       0       0       0
      Totals:         0       7       0       0       0
Total ram usage:        7 bytes
 Hardware stack levels used:    1
 Hardware stack levels required when called:    4
 This function calls:
		_DS1307_GetDate
		_DS1307_GetTime
		___awdiv
		___wmul
 This function is called by:
		_main
 This function uses a non-reentrant model


 *************** function ___wmul *****************
 Defined at:
		line 15 in file "C:\Program Files (x86)\Microchip\xc8\v1.37\sources\common\Umul16.c"
 Parameters:    Size  Location     Type
  multiplier      2    9[COMMON] unsigned int 
  multiplicand    2   11[COMMON] unsigned int 
 Auto vars:     Size  Location     Type
  product         2    0[BANK0 ] unsigned int 
 Return value:  Size  Location     Type
                  2    9[COMMON] unsigned int 
 Registers used:
		wreg, status,2, status,0
 Tracked objects:
		On entry : 
		On exit  : 
		Unchanged: 
 Data sizes:     COMMON   BANK0   BANK1   BANK3   BANK2
      Params:         4       0       0       0       0
      Locals:         0       2       0       0       0
      Temps:          0       0       0       0       0
      Totals:         4       2       0       0       0
Total ram usage:        6 bytes
 Hardware stack levels used:    1
 This function calls:
		Nothing
 This function is called by:
		_readClock
 This function uses a non-reentrant model


 *************** function _DS1307_GetTime *****************
 Defined at:
		line 66 in file "DS1307.c"
 Parameters:    Size  Location     Type
  h_ptr           1    wreg     PTR unsigned char 
		 -> readClock@a(1), 
  m_ptr           1    5[COMMON] PTR unsigned char 
		 -> readClock@b(1), 
  s_ptr           1    6[COMMON] PTR unsigned char 
		 -> readClock@c(1), 
 Auto vars:     Size  Location     Type
  h_ptr           1    8[COMMON] PTR unsigned char 
		 -> readClock@a(1), 
 Return value:  Size  Location     Type
                  1    wreg      void 
 Registers used:
		wreg, fsr0l, fsr0h, status,2, status,0, pclath, cstack
 Tracked objects:
		On entry : 
		On exit  : 
		Unchanged: 
 Data sizes:     COMMON   BANK0   BANK1   BANK3   BANK2
      Params:         2       0       0       0       0
      Locals:         1       0       0       0       0
      Temps:          1       0       0       0       0
      Totals:         4       0       0       0       0
Total ram usage:        4 bytes
 Hardware stack levels used:    1
 Hardware stack levels required when called:    3
 This function calls:
		_DS1307_Read
		_DS1307_Write
		_I2C_Ack
		_I2C_NoAck
		_I2C_Start
		_I2C_Stop
 This function is called by:
		_readClock
 This function uses a non-reentrant model


 *************** function _DS1307_GetDate *****************
 Defined at:
		line 80 in file "DS1307.c"
 Parameters:    Size  Location     Type
  n_ptr           1    wreg     PTR unsigned char 
		 -> readClock@n(1), 
  d_ptr           1    5[COMMON] PTR unsigned char 
		 -> readClock@a(1), 
  m_ptr           1    6[COMMON] PTR unsigned char 
		 -> readClock@b(1), 
  y_ptr           1    7[COMMON] PTR unsigned char 
		 -> readClock@c(1), 
 Auto vars:     Size  Location     Type
  n_ptr           1    9[COMMON] PTR unsigned char 
		 -> readClock@n(1), 
 Return value:  Size  Location     Type
                  1    wreg      void 
 Registers used:
		wreg, fsr0l, fsr0h, status,2, status,0, pclath, cstack
 Tracked objects:
		On entry : 
		On exit  : 
		Unchanged: 
 Data sizes:     COMMON   BANK0   BANK1   BANK3   BANK2
      Params:         3       0       0       0       0
      Locals:         1       0       0       0       0
      Temps:          1       0       0       0       0
      Totals:         5       0       0       0       0
Total ram usage:        5 bytes
 Hardware stack levels used:    1
 Hardware stack levels required when called:    3
 This function calls:
		_DS1307_Read
		_DS1307_Write
		_I2C_Ack
		_I2C_NoAck
		_I2C_Start
		_I2C_Stop
 This function is called by:
		_readClock
 This function uses a non-reentrant model


 *************** function _I2C_Ack *****************
 Defined at:
		line 81 in file "i2c.c"
 Parameters:    Size  Location     Type
		None
 Auto vars:     Size  Location     Type
		None
 Return value:  Size  Location     Type
                  1    wreg      void 
 Registers used:
		status,2, status,0, pclath, cstack
 Tracked objects:
		On entry : 
		On exit  : 
		Unchanged: 
 Data sizes:     COMMON   BANK0   BANK1   BANK3   BANK2
      Params:         0       0       0       0       0
      Locals:         0       0       0       0       0
      Temps:          0       0       0       0       0
      Totals:         0       0       0       0       0
Total ram usage:        0 bytes
 Hardware stack levels used:    1
 Hardware stack levels required when called:    1
 This function calls:
		_I2C_Clock
 This function is called by:
		_DS1307_GetTime
		_DS1307_GetDate
 This function uses a non-reentrant model


 *************** function _doMenu *****************
 Defined at:
		line 71 in file "LCDTime.c"
 Parameters:    Size  Location     Type
		None
 Auto vars:     Size  Location     Type
  y               2   23[BANK0 ] int 
  m               2   21[BANK0 ] int 
  d               2   19[BANK0 ] int 
  n               2   17[BANK0 ] int 
  s               2   15[BANK0 ] int 
  m               2   13[BANK0 ] int 
  h               2   11[BANK0 ] int 
 Return value:  Size  Location     Type
                  1    wreg      void 
 Registers used:
		wreg, fsr0l, fsr0h, status,2, status,0, btemp+1, pclath, cstack
 Tracked objects:
		On entry : 
		On exit  : 
		Unchanged: 
 Data sizes:     COMMON   BANK0   BANK1   BANK3   BANK2
      Params:         0       0       0       0       0
      Locals:         0      14       0       0       0
      Temps:          0       3       0       0       0
      Totals:         0      17       0       0       0
Total ram usage:       17 bytes
 Hardware stack levels used:    1
 Hardware stack levels required when called:    4
 This function calls:
		_DS1307_SetDate
		_DS1307_SetTime
		_LCDByte
		_LCDGotoXY
		_LCDWriteString
		___awdiv
		___awmod
		_readInputs
		_showDate
		_showTime
 This function is called by:
		_main
 This function uses a non-reentrant model


 *************** function _showTime *****************
 Defined at:
		line 388 in file "LCDTime.c"
 Parameters:    Size  Location     Type
		None
 Auto vars:     Size  Location     Type
		None
 Return value:  Size  Location     Type
                  1    wreg      void 
 Registers used:
		wreg, status,2, status,0, pclath, cstack
 Tracked objects:
		On entry : 
		On exit  : 
		Unchanged: 
 Data sizes:     COMMON   BANK0   BANK1   BANK3   BANK2
      Params:         0       0       0       0       0
      Locals:         0       0       0       0       0
      Temps:          1       0       0       0       0
      Totals:         1       0       0       0       0
Total ram usage:        1 bytes
 Hardware stack levels used:    1
 Hardware stack levels required when called:    3
 This function calls:
		_LCDByte
		_LCDWriteInt
 This function is called by:
		_doMenu
		_showClock
 This function uses a non-reentrant model


 *************** function _showDate *****************
 Defined at:
		line 402 in file "LCDTime.c"
 Parameters:    Size  Location     Type
		None
 Auto vars:     Size  Location     Type
		None
 Return value:  Size  Location     Type
                  1    wreg      void 
 Registers used:
		wreg, fsr0l, fsr0h, status,2, status,0, pclath, cstack
 Tracked objects:
		On entry : 
		On exit  : 
		Unchanged: 
 Data sizes:     COMMON   BANK0   BANK1   BANK3   BANK2
      Params:         0       0       0       0       0
      Locals:         0       0       0       0       0
      Temps:          1       0       0       0       0
      Totals:         1       0       0       0       0
Total ram usage:        1 bytes
 Hardware stack levels used:    1
 Hardware stack levels required when called:    3
 This function calls:
		_LCDByte
		_LCDWriteInt
		_LCDWriteString
 This function is called by:
		_doMenu
		_showClock
 This function uses a non-reentrant model


 *************** function _LCDWriteString *****************
 Defined at:
		line 225 in file "lcd_hd44780_pic16.c"
 Parameters:    Size  Location     Type
  msg             1    wreg     PTR const unsigned char 
		 -> STR_14(4), STR_13(4), STR_12(4), STR_11(4), 
		 -> STR_10(4), STR_9(4), STR_8(4), STR_7(10), 
		 -> STR_6(10), STR_5(10), STR_4(9), STR_3(12), 
		 -> STR_2(12), STR_1(10), 
 Auto vars:     Size  Location     Type
  msg             1    1[BANK0 ] PTR const unsigned char 
		 -> STR_14(4), STR_13(4), STR_12(4), STR_11(4), 
		 -> STR_10(4), STR_9(4), STR_8(4), STR_7(10), 
		 -> STR_6(10), STR_5(10), STR_4(9), STR_3(12), 
		 -> STR_2(12), STR_1(10), 
  cc              1    0[BANK0 ] char 
 Return value:  Size  Location     Type
                  1    wreg      void 
 Registers used:
		wreg, fsr0l, fsr0h, status,2, status,0, pclath, cstack
 Tracked objects:
		On entry : 
		On exit  : 
		Unchanged: 
 Data sizes:     COMMON   BANK0   BANK1   BANK3   BANK2
      Params:         0       0       0       0       0
      Locals:         0       2       0       0       0
      Temps:          1       0       0       0       0
      Totals:         1       2       0       0       0
Total ram usage:        3 bytes
 Hardware stack levels used:    1
 Hardware stack levels required when called:    2
 This function calls:
		_LCDByte
 This function is called by:
		_doMenu
		_showDate
 This function uses a non-reentrant model


 *************** function _LCDWriteInt *****************
 Defined at:
		line 323 in file "lcd_hd44780_pic16.c"
 Parameters:    Size  Location     Type
  val             1    wreg     unsigned char 
  field_length    1   12[COMMON] char 
 Auto vars:     Size  Location     Type
  val             1    7[BANK0 ] unsigned char 
  d               2    5[BANK0 ] unsigned int 
  c               2    3[BANK0 ] unsigned int 
 Return value:  Size  Location     Type
                  1    wreg      void 
 Registers used:
		wreg, status,2, status,0, pclath, cstack
 Tracked objects:
		On entry : 
		On exit  : 
		Unchanged: 
 Data sizes:     COMMON   BANK0   BANK1   BANK3   BANK2
      Params:         1       0       0       0       0
      Locals:         0       5       0       0       0
      Temps:          0       3       0       0       0
      Totals:         1       8       0       0       0
Total ram usage:        9 bytes
 Hardware stack levels used:    1
 Hardware stack levels required when called:    2
 This function calls:
		_LCDByte
		___awdiv
		___awmod
 This function is called by:
		_showTime
		_showDate
 This function uses a non-reentrant model


 *************** function ___awmod *****************
 Defined at:
		line 6 in file "C:\Program Files (x86)\Microchip\xc8\v1.37\sources\common\awmod.c"
 Parameters:    Size  Location     Type
  divisor         2    0[COMMON] int 
  dividend        2    2[COMMON] int 
 Auto vars:     Size  Location     Type
  sign            1    6[COMMON] unsigned char 
  counter         1    5[COMMON] unsigned char 
 Return value:  Size  Location     Type
                  2    0[COMMON] int 
 Registers used:
		wreg, status,2, status,0
 Tracked objects:
		On entry : 
		On exit  : 
		Unchanged: 
 Data sizes:     COMMON   BANK0   BANK1   BANK3   BANK2
      Params:         4       0       0       0       0
      Locals:         2       0       0       0       0
      Temps:          1       0       0       0       0
      Totals:         7       0       0       0       0
Total ram usage:        7 bytes
 Hardware stack levels used:    1
 This function calls:
		Nothing
 This function is called by:
		_LCDWriteInt
		_doMenu
 This function uses a non-reentrant model


 *************** function ___awdiv *****************
 Defined at:
		line 6 in file "C:\Program Files (x86)\Microchip\xc8\v1.37\sources\common\awdiv.c"
 Parameters:    Size  Location     Type
  divisor         2    0[COMMON] int 
  dividend        2    2[COMMON] int 
 Auto vars:     Size  Location     Type
  quotient        2    7[COMMON] int 
  sign            1    6[COMMON] unsigned char 
  counter         1    5[COMMON] unsigned char 
 Return value:  Size  Location     Type
                  2    0[COMMON] int 
 Registers used:
		wreg, status,2, status,0
 Tracked objects:
		On entry : 
		On exit  : 
		Unchanged: 
 Data sizes:     COMMON   BANK0   BANK1   BANK3   BANK2
      Params:         4       0       0       0       0
      Locals:         4       0       0       0       0
      Temps:          1       0       0       0       0
      Totals:         9       0       0       0       0
Total ram usage:        9 bytes
 Hardware stack levels used:    1
 This function calls:
		Nothing
 This function is called by:
		_LCDWriteInt
		_doMenu
		_readClock
 This function uses a non-reentrant model


 *************** function _readInputs *****************
 Defined at:
		line 335 in file "LCDTime.c"
 Parameters:    Size  Location     Type
		None
 Auto vars:     Size  Location     Type
  pinstate        1    3[COMMON] unsigned char 
 Return value:  Size  Location     Type
                  1    wreg      void 
 Registers used:
		wreg, fsr0l, fsr0h, status,2, status,0, pclath
 Tracked objects:
		On entry : 
		On exit  : 
		Unchanged: 
 Data sizes:     COMMON   BANK0   BANK1   BANK3   BANK2
      Params:         0       0       0       0       0
      Locals:         1       0       0       0       0
      Temps:          3       0       0       0       0
      Totals:         4       0       0       0       0
Total ram usage:        4 bytes
 Hardware stack levels used:    2
 This function calls:
		Nothing
 This function is called by:
		_main
		_doMenu
 This function uses a non-reentrant model


 *************** function _LCDGotoXY *****************
 Defined at:
		line 345 in file "lcd_hd44780_pic16.c"
 Parameters:    Size  Location     Type
  x               1    wreg     unsigned char 
  y               1   12[COMMON] unsigned char 
 Auto vars:     Size  Location     Type
  x               1    0[BANK0 ] unsigned char 
 Return value:  Size  Location     Type
                  1    wreg      void 
 Registers used:
		wreg, fsr0l, fsr0h, status,2, status,0, pclath, cstack
 Tracked objects:
		On entry : 
		On exit  : 
		Unchanged: 
 Data sizes:     COMMON   BANK0   BANK1   BANK3   BANK2
      Params:         1       0       0       0       0
      Locals:         0       1       0       0       0
      Temps:          1       0       0       0       0
      Totals:         2       1       0       0       0
Total ram usage:        3 bytes
 Hardware stack levels used:    1
 Hardware stack levels required when called:    2
 This function calls:
		_LCDByte
 This function is called by:
		_doMenu
		_showClock
 This function uses a non-reentrant model


 *************** function _DS1307_SetTime *****************
 Defined at:
		line 43 in file "DS1307.c"
 Parameters:    Size  Location     Type
  hh              1    wreg     unsigned char 
  mm              1    5[COMMON] unsigned char 
  ss              1    6[COMMON] unsigned char 
 Auto vars:     Size  Location     Type
  hh              1    7[COMMON] unsigned char 
 Return value:  Size  Location     Type
                  1    wreg      void 
 Registers used:
		wreg, status,2, status,0, pclath, cstack
 Tracked objects:
		On entry : 
		On exit  : 
		Unchanged: 
 Data sizes:     COMMON   BANK0   BANK1   BANK3   BANK2
      Params:         2       0       0       0       0
      Locals:         1       0       0       0       0
      Temps:          0       0       0       0       0
      Totals:         3       0       0       0       0
Total ram usage:        3 bytes
 Hardware stack levels used:    1
 Hardware stack levels required when called:    3
 This function calls:
		_DS1307_Write
		_I2C_Start
		_I2C_Stop
 This function is called by:
		_doMenu
 This function uses a non-reentrant model


 *************** function _DS1307_SetDate *****************
 Defined at:
		line 54 in file "DS1307.c"
 Parameters:    Size  Location     Type
  nn              1    wreg     unsigned char 
  dd              1    5[COMMON] unsigned char 
  mm              1    6[COMMON] unsigned char 
  yy              1    7[COMMON] unsigned char 
 Auto vars:     Size  Location     Type
  nn              1    8[COMMON] unsigned char 
 Return value:  Size  Location     Type
                  1    wreg      void 
 Registers used:
		wreg, status,2, status,0, pclath, cstack
 Tracked objects:
		On entry : 
		On exit  : 
		Unchanged: 
 Data sizes:     COMMON   BANK0   BANK1   BANK3   BANK2
      Params:         3       0       0       0       0
      Locals:         1       0       0       0       0
      Temps:          0       0       0       0       0
      Totals:         4       0       0       0       0
Total ram usage:        4 bytes
 Hardware stack levels used:    1
 Hardware stack levels required when called:    3
 This function calls:
		_DS1307_Write
		_I2C_Start
		_I2C_Stop
 This function is called by:
		_doMenu
 This function uses a non-reentrant model


 *************** function _LCDInit *****************
 Defined at:
		line 167 in file "lcd_hd44780_pic16.c"
 Parameters:    Size  Location     Type
  style           1    wreg     unsigned char 
 Auto vars:     Size  Location     Type
  style           1    0[BANK0 ] unsigned char 
 Return value:  Size  Location     Type
                  1    wreg      void 
 Registers used:
		wreg, status,2, status,0, pclath, cstack
 Tracked objects:
		On entry : 
		On exit  : 
		Unchanged: 
 Data sizes:     COMMON   BANK0   BANK1   BANK3   BANK2
      Params:         0       0       0       0       0
      Locals:         0       1       0       0       0
      Temps:          2       0       0       0       0
      Totals:         2       1       0       0       0
Total ram usage:        3 bytes
 Hardware stack levels used:    1
 Hardware stack levels required when called:    2
 This function calls:
		_LCDBusyLoop
		_LCDByte
 This function is called by:
		_main
 This function uses a non-reentrant model


 *************** function _LCDByte *****************
 Defined at:
		line 54 in file "lcd_hd44780_pic16.c"
 Parameters:    Size  Location     Type
  c               1    wreg     unsigned char 
  isdata          1    5[COMMON] unsigned char 
 Auto vars:     Size  Location     Type
  c               1   10[COMMON] unsigned char 
  temp            1   11[COMMON] unsigned char 
  ln              1    9[COMMON] unsigned char 
  hn              1    8[COMMON] unsigned char 
 Return value:  Size  Location     Type
                  1    wreg      void 
 Registers used:
		wreg, status,2, status,0, pclath, cstack
 Tracked objects:
		On entry : 
		On exit  : 
		Unchanged: 
 Data sizes:     COMMON   BANK0   BANK1   BANK3   BANK2
      Params:         1       0       0       0       0
      Locals:         4       0       0       0       0
      Temps:          2       0       0       0       0
      Totals:         7       0       0       0       0
Total ram usage:        7 bytes
 Hardware stack levels used:    1
 Hardware stack levels required when called:    1
 This function calls:
		_LCDBusyLoop
 This function is called by:
		_LCDInit
		_LCDWriteString
		_LCDWriteInt
		_LCDGotoXY
		_main
		_doMenu
		_showTime
		_showDate
 This function uses a non-reentrant model


 *************** function _LCDBusyLoop *****************
 Defined at:
		line 109 in file "lcd_hd44780_pic16.c"
 Parameters:    Size  Location     Type
		None
 Auto vars:     Size  Location     Type
  status          1    4[COMMON] unsigned char 
  temp            1    3[COMMON] unsigned char 
  busy            1    2[COMMON] unsigned char 
 Return value:  Size  Location     Type
                  1    wreg      void 
 Registers used:
		wreg, status,2, status,0
 Tracked objects:
		On entry : 
		On exit  : 
		Unchanged: 
 Data sizes:     COMMON   BANK0   BANK1   BANK3   BANK2
      Params:         0       0       0       0       0
      Locals:         3       0       0       0       0
      Temps:          2       0       0       0       0
      Totals:         5       0       0       0       0
Total ram usage:        5 bytes
 Hardware stack levels used:    1
 This function calls:
		Nothing
 This function is called by:
		_LCDByte
		_LCDInit
 This function uses a non-reentrant model


 *************** function _I2C_Init *****************
 Defined at:
		line 3 in file "i2c.c"
 Parameters:    Size  Location     Type
		None
 Auto vars:     Size  Location     Type
		None
 Return value:  Size  Location     Type
                  1    wreg      void 
 Registers used:
		None
 Tracked objects:
		On entry : 
		On exit  : 
		Unchanged: 
 Data sizes:     COMMON   BANK0   BANK1   BANK3   BANK2
      Params:         0       0       0       0       0
      Locals:         0       0       0       0       0
      Temps:          0       0       0       0       0
      Totals:         0       0       0       0       0
Total ram usage:        0 bytes
 Hardware stack levels used:    1
 This function calls:
		Nothing
 This function is called by:
		_main
 This function uses a non-reentrant model


 *************** function _DS1307_Init *****************
 Defined at:
		line 4 in file "DS1307.c"
 Parameters:    Size  Location     Type
		None
 Auto vars:     Size  Location     Type
  s               1    6[COMMON] unsigned char 
 Return value:  Size  Location     Type
                  2   20[None  ] int 
 Registers used:
		wreg, status,2, status,0, pclath, cstack
 Tracked objects:
		On entry : 
		On exit  : 
		Unchanged: 
 Data sizes:     COMMON   BANK0   BANK1   BANK3   BANK2
      Params:         0       0       0       0       0
      Locals:         1       0       0       0       0
      Temps:          1       0       0       0       0
      Totals:         2       0       0       0       0
Total ram usage:        2 bytes
 Hardware stack levels used:    1
 Hardware stack levels required when called:    3
 This function calls:
		_DS1307_Read
		_DS1307_Write
		_I2C_NoAck
		_I2C_Start
		_I2C_Stop
 This function is called by:
		_main
 This function uses a non-reentrant model


 *************** function _I2C_Stop *****************
 Defined at:
		line 29 in file "i2c.c"
 Parameters:    Size  Location     Type
		None
 Auto vars:     Size  Location     Type
		None
 Return value:  Size  Location     Type
                  1    wreg      void 
 Registers used:
		None
 Tracked objects:
		On entry : 
		On exit  : 
		Unchanged: 
 Data sizes:     COMMON   BANK0   BANK1   BANK3   BANK2
      Params:         0       0       0       0       0
      Locals:         0       0       0       0       0
      Temps:          0       0       0       0       0
      Totals:         0       0       0       0       0
Total ram usage:        0 bytes
 Hardware stack levels used:    1
 This function calls:
		Nothing
 This function is called by:
		_DS1307_Init
		_DS1307_SetTime
		_DS1307_SetDate
		_DS1307_GetTime
		_DS1307_GetDate
 This function uses a non-reentrant model


 *************** function _I2C_Start *****************
 Defined at:
		line 17 in file "i2c.c"
 Parameters:    Size  Location     Type
		None
 Auto vars:     Size  Location     Type
		None
 Return value:  Size  Location     Type
                  1    wreg      void 
 Registers used:
		None
 Tracked objects:
		On entry : 
		On exit  : 
		Unchanged: 
 Data sizes:     COMMON   BANK0   BANK1   BANK3   BANK2
      Params:         0       0       0       0       0
      Locals:         0       0       0       0       0
      Temps:          0       0       0       0       0
      Totals:         0       0       0       0       0
Total ram usage:        0 bytes
 Hardware stack levels used:    1
 This function calls:
		Nothing
 This function is called by:
		_DS1307_Init
		_DS1307_SetTime
		_DS1307_SetDate
		_DS1307_GetTime
		_DS1307_GetDate
 This function uses a non-reentrant model


 *************** function _I2C_NoAck *****************
 Defined at:
		line 88 in file "i2c.c"
 Parameters:    Size  Location     Type
		None
 Auto vars:     Size  Location     Type
		None
 Return value:  Size  Location     Type
                  1    wreg      void 
 Registers used:
		status,2, status,0, pclath, cstack
 Tracked objects:
		On entry : 
		On exit  : 
		Unchanged: 
 Data sizes:     COMMON   BANK0   BANK1   BANK3   BANK2
      Params:         0       0       0       0       0
      Locals:         0       0       0       0       0
      Temps:          0       0       0       0       0
      Totals:         0       0       0       0       0
Total ram usage:        0 bytes
 Hardware stack levels used:    1
 Hardware stack levels required when called:    1
 This function calls:
		_I2C_Clock
 This function is called by:
		_DS1307_Init
		_DS1307_GetTime
		_DS1307_GetDate
 This function uses a non-reentrant model


 *************** function _DS1307_Write *****************
 Defined at:
		line 32 in file "DS1307.c"
 Parameters:    Size  Location     Type
  dat             1    wreg     unsigned char 
 Auto vars:     Size  Location     Type
  dat             1    4[COMMON] unsigned char 
 Return value:  Size  Location     Type
                  1    wreg      void 
 Registers used:
		wreg, status,2, status,0, pclath, cstack
 Tracked objects:
		On entry : 
		On exit  : 
		Unchanged: 
 Data sizes:     COMMON   BANK0   BANK1   BANK3   BANK2
      Params:         0       0       0       0       0
      Locals:         1       0       0       0       0
      Temps:          0       0       0       0       0
      Totals:         1       0       0       0       0
Total ram usage:        1 bytes
 Hardware stack levels used:    1
 Hardware stack levels required when called:    2
 This function calls:
		_I2C_Clock
		_I2C_Write
 This function is called by:
		_DS1307_Init
		_DS1307_SetTime
		_DS1307_SetDate
		_DS1307_GetTime
		_DS1307_GetDate
 This function uses a non-reentrant model


 *************** function _I2C_Write *****************
 Defined at:
		line 40 in file "i2c.c"
 Parameters:    Size  Location     Type
  dat             1    wreg     unsigned char 
 Auto vars:     Size  Location     Type
  dat             1    2[COMMON] unsigned char 
  i               1    3[COMMON] unsigned char 
 Return value:  Size  Location     Type
                  1    wreg      void 
 Registers used:
		wreg, status,2, status,0, pclath, cstack
 Tracked objects:
		On entry : 
		On exit  : 
		Unchanged: 
 Data sizes:     COMMON   BANK0   BANK1   BANK3   BANK2
      Params:         0       0       0       0       0
      Locals:         2       0       0       0       0
      Temps:          2       0       0       0       0
      Totals:         4       0       0       0       0
Total ram usage:        4 bytes
 Hardware stack levels used:    1
 Hardware stack levels required when called:    1
 This function calls:
		_I2C_Clock
 This function is called by:
		_DS1307_Write
 This function uses a non-reentrant model


 *************** function _I2C_Clock *****************
 Defined at:
		line 9 in file "i2c.c"
 Parameters:    Size  Location     Type
		None
 Auto vars:     Size  Location     Type
		None
 Return value:  Size  Location     Type
                  1    wreg      void 
 Registers used:
		None
 Tracked objects:
		On entry : 
		On exit  : 
		Unchanged: 
 Data sizes:     COMMON   BANK0   BANK1   BANK3   BANK2
      Params:         0       0       0       0       0
      Locals:         0       0       0       0       0
      Temps:          0       0       0       0       0
      Totals:         0       0       0       0       0
Total ram usage:        0 bytes
 Hardware stack levels used:    1
 This function calls:
		Nothing
 This function is called by:
		_DS1307_Write
		_I2C_Write
		_I2C_Ack
		_I2C_NoAck
 This function uses a non-reentrant model


 *************** function _DS1307_Read *****************
 Defined at:
		line 38 in file "DS1307.c"
 Parameters:    Size  Location     Type
		None
 Auto vars:     Size  Location     Type
		None
 Return value:  Size  Location     Type
                  1    wreg      unsigned char 
 Registers used:
		wreg, status,2, status,0, pclath, cstack
 Tracked objects:
		On entry : 
		On exit  : 
		Unchanged: 
 Data sizes:     COMMON   BANK0   BANK1   BANK3   BANK2
      Params:         0       0       0       0       0
      Locals:         0       0       0       0       0
      Temps:          0       0       0       0       0
      Totals:         0       0       0       0       0
Total ram usage:        0 bytes
 Hardware stack levels used:    1
 Hardware stack levels required when called:    1
 This function calls:
		_I2C_Read
 This function is called by:
		_DS1307_Init
		_DS1307_GetTime
		_DS1307_GetDate
 This function uses a non-reentrant model


 *************** function _I2C_Read *****************
 Defined at:
		line 54 in file "i2c.c"
 Parameters:    Size  Location     Type
		None
 Auto vars:     Size  Location     Type
  dat             1    3[COMMON] unsigned char 
  i               1    2[COMMON] unsigned char 
 Return value:  Size  Location     Type
                  1    wreg      unsigned char 
 Registers used:
		wreg, status,2, status,0
 Tracked objects:
		On entry : 
		On exit  : 
		Unchanged: 
 Data sizes:     COMMON   BANK0   BANK1   BANK3   BANK2
      Params:         0       0       0       0       0
      Locals:         2       0       0       0       0
      Temps:          2       0       0       0       0
      Totals:         4       0       0       0       0
Total ram usage:        4 bytes
 Hardware stack levels used:    1
 This function calls:
		Nothing
 This function is called by:
		_DS1307_Read
 This function uses a non-reentrant model



MODULE INFORMATION

Module		Function		Class		Link	Load	Size
C:\Program Files (x86)\Microchip\xc8\v1.37\sources\common\Umul16.c
		___wmul        		CODE           	0C8F	0000	40

C:\Program Files (x86)\Microchip\xc8\v1.37\sources\common\Umul16.c estimated size: 40

i2c.c
		_I2C_Clock     		CODE           	0BC2	0000	10
		_I2C_NoAck     		CODE           	0BCB	0000	11
		_I2C_Write     		CODE           	0C43	0000	39
		_I2C_Stop      		CODE           	0BF9	0000	17
		_I2C_Read      		CODE           	0CDE	0000	43
		_I2C_Init      		CODE           	0BBD	0000	6
		_I2C_Ack       		CODE           	0BD5	0000	11
		_I2C_Start     		CODE           	0C09	0000	18

i2c.c estimated size: 155

C:\Program Files (x86)\Microchip\xc8\v1.37\sources\common\awdiv.c
		___awdiv       		CODE           	0F4A	0000	90

C:\Program Files (x86)\Microchip\xc8\v1.37\sources\common\awdiv.c estimated size: 90

LCDTime.c
		_showTime      		CODE           	0D96	0000	52
		_readClock     		CODE           	0249	0000	295
		_main          		CODE           	0D65	0000	50
		_showDate      		CODE           	01B2	0000	152
		_showClock     		CODE           	0C2B	0000	25
		_doMenu        		CODE           	036F	0000	1151
		_readInputs    		CODE           	0D36	0000	48

LCDTime.c estimated size: 1773

shared
		__stringtab    		STRING         	0003	0000	7
		_monthDays     		STRING         	0025	0000	13
		__initialization		CODE           	07ED	0000	16
		_ttable        		STRING         	0009	0000	29

shared estimated size: 65

DS1307.c
		_DS1307_Read   		CODE           	0BB9	0000	5
		_DS1307_Init   		CODE           	0E04	0000	81
		_DS1307_Write  		CODE           	0BDF	0000	12
		_DS1307_GetDate		CODE           	00E4	0000	103
		_DS1307_SetDate		CODE           	0D08	0000	47
		_DS1307_GetTime		CODE           	0EF4	0000	87
		_DS1307_SetTime		CODE           	0CB6	0000	41

DS1307.c estimated size: 376

lcd_hd44780_pic16.c
		_LCDByte       		CODE           	0E54	0000	81
		_LCDWriteInt   		CODE           	014A	0000	105
		_LCDInit       		CODE           	0DC9	0000	60
		_LCDWriteString		CODE           	0EA4	0000	81
		_LCDGotoXY     		CODE           	0C69	0000	39
		_LCDBusyLoop   		CODE           	0FA3	0000	94

lcd_hd44780_pic16.c estimated size: 460

C:\Program Files (x86)\Microchip\xc8\v1.37\sources\common\awmod.c
		___awmod       		CODE           	0099	0000	76

C:\Program Files (x86)\Microchip\xc8\v1.37\sources\common\awmod.c estimated size: 76

